[0.007s] Invoking command in '/home/seosuk/mujoco_crazyflie/src/build/flyingpen_interface': /usr/bin/cmake --build /home/seosuk/mujoco_crazyflie/src/build/flyingpen_interface -- -j20 -l20
[0.043s] Consolidate compiler generated dependencies of target rviz_visual
[0.044s] [ 50%] Built target data_logger
[0.044s] [ 50%] Built target fk_ik_transform
[0.047s] [ 75%] Built target command_publisher
[0.053s] [ 87%] Building CXX object CMakeFiles/rviz_visual.dir/src/rviz_visual.cpp.o
[12.271s] [100%] Linking CXX executable rviz_visual
[13.104s] [100%] Built target rviz_visual
[13.113s] Invoked command in '/home/seosuk/mujoco_crazyflie/src/build/flyingpen_interface' returned '0': /usr/bin/cmake --build /home/seosuk/mujoco_crazyflie/src/build/flyingpen_interface -- -j20 -l20
[13.115s] Invoking command in '/home/seosuk/mujoco_crazyflie/src/build/flyingpen_interface': /usr/bin/cmake --install /home/seosuk/mujoco_crazyflie/src/build/flyingpen_interface
[13.121s] -- Install configuration: ""
[13.121s] -- Up-to-date: /home/seosuk/mujoco_crazyflie/src/install/flyingpen_interface/lib/flyingpen_interface/data_logger
[13.121s] -- Up-to-date: /home/seosuk/mujoco_crazyflie/src/install/flyingpen_interface/lib/flyingpen_interface/command_publisher
[13.121s] -- Installing: /home/seosuk/mujoco_crazyflie/src/install/flyingpen_interface/lib/flyingpen_interface/rviz_visual
[13.130s] -- Set runtime path of "/home/seosuk/mujoco_crazyflie/src/install/flyingpen_interface/lib/flyingpen_interface/rviz_visual" to ""
[13.130s] -- Up-to-date: /home/seosuk/mujoco_crazyflie/src/install/flyingpen_interface/lib/flyingpen_interface/fk_ik_transform
[13.130s] -- Up-to-date: /home/seosuk/mujoco_crazyflie/src/install/flyingpen_interface/share/flyingpen_interface/launch
[13.130s] -- Up-to-date: /home/seosuk/mujoco_crazyflie/src/install/flyingpen_interface/share/flyingpen_interface/launch/flyingpen_cpp.launch.py
[13.130s] -- Up-to-date: /home/seosuk/mujoco_crazyflie/src/install/flyingpen_interface/share/flyingpen_interface/launch/flyingpen.launch.py
[13.130s] -- Up-to-date: /home/seosuk/mujoco_crazyflie/src/install/flyingpen_interface/share/flyingpen_interface/launch/flyingpen.launch_mj.py
[13.130s] -- Up-to-date: /home/seosuk/mujoco_crazyflie/src/install/flyingpen_interface/share/flyingpen_interface/launch/__pycache__
[13.130s] -- Up-to-date: /home/seosuk/mujoco_crazyflie/src/install/flyingpen_interface/share/flyingpen_interface/launch/__pycache__/flyingpen.launch.cpython-310.pyc
[13.130s] -- Up-to-date: /home/seosuk/mujoco_crazyflie/src/install/flyingpen_interface/share/flyingpen_interface/launch/__pycache__/flyingpen.launch_mj.cpython-310.pyc
[13.130s] -- Up-to-date: /home/seosuk/mujoco_crazyflie/src/install/flyingpen_interface/share/flyingpen_interface/launch/__pycache__/flyingpen_cpp.launch.cpython-310.pyc
[13.130s] -- Up-to-date: /home/seosuk/mujoco_crazyflie/src/install/flyingpen_interface/share/flyingpen_interface/config
[13.130s] -- Up-to-date: /home/seosuk/mujoco_crazyflie/src/install/flyingpen_interface/share/flyingpen_interface/config/parameters.yaml
[13.130s] -- Up-to-date: /home/seosuk/mujoco_crazyflie/src/install/flyingpen_interface/share/flyingpen_interface/config/normal_vector_estimation.yaml
[13.130s] -- Up-to-date: /home/seosuk/mujoco_crazyflie/src/install/flyingpen_interface/share/ament_index/resource_index/package_run_dependencies/flyingpen_interface
[13.130s] -- Up-to-date: /home/seosuk/mujoco_crazyflie/src/install/flyingpen_interface/share/ament_index/resource_index/parent_prefix_path/flyingpen_interface
[13.130s] -- Up-to-date: /home/seosuk/mujoco_crazyflie/src/install/flyingpen_interface/share/flyingpen_interface/environment/ament_prefix_path.sh
[13.130s] -- Up-to-date: /home/seosuk/mujoco_crazyflie/src/install/flyingpen_interface/share/flyingpen_interface/environment/ament_prefix_path.dsv
[13.130s] -- Up-to-date: /home/seosuk/mujoco_crazyflie/src/install/flyingpen_interface/share/flyingpen_interface/environment/path.sh
[13.130s] -- Up-to-date: /home/seosuk/mujoco_crazyflie/src/install/flyingpen_interface/share/flyingpen_interface/environment/path.dsv
[13.131s] -- Up-to-date: /home/seosuk/mujoco_crazyflie/src/install/flyingpen_interface/share/flyingpen_interface/local_setup.bash
[13.131s] -- Up-to-date: /home/seosuk/mujoco_crazyflie/src/install/flyingpen_interface/share/flyingpen_interface/local_setup.sh
[13.131s] -- Up-to-date: /home/seosuk/mujoco_crazyflie/src/install/flyingpen_interface/share/flyingpen_interface/local_setup.zsh
[13.131s] -- Up-to-date: /home/seosuk/mujoco_crazyflie/src/install/flyingpen_interface/share/flyingpen_interface/local_setup.dsv
[13.131s] -- Installing: /home/seosuk/mujoco_crazyflie/src/install/flyingpen_interface/share/flyingpen_interface/package.dsv
[13.131s] -- Up-to-date: /home/seosuk/mujoco_crazyflie/src/install/flyingpen_interface/share/ament_index/resource_index/packages/flyingpen_interface
[13.131s] -- Up-to-date: /home/seosuk/mujoco_crazyflie/src/install/flyingpen_interface/share/flyingpen_interface/cmake/flyingpen_interfaceConfig.cmake
[13.131s] -- Up-to-date: /home/seosuk/mujoco_crazyflie/src/install/flyingpen_interface/share/flyingpen_interface/cmake/flyingpen_interfaceConfig-version.cmake
[13.131s] -- Up-to-date: /home/seosuk/mujoco_crazyflie/src/install/flyingpen_interface/share/flyingpen_interface/package.xml
[13.132s] Invoked command in '/home/seosuk/mujoco_crazyflie/src/build/flyingpen_interface' returned '0': /usr/bin/cmake --install /home/seosuk/mujoco_crazyflie/src/build/flyingpen_interface
