[0.110s] DEBUG:colcon:Command line arguments: ['/usr/bin/colcon', 'build', '--packages-select', 'flyingpen_interface']
[0.110s] DEBUG:colcon:Parsed command line arguments: Namespace(log_base=None, log_level=None, verb_name='build', build_base='build', install_base='install', merge_install=False, symlink_install=False, test_result_base=None, continue_on_error=False, executor='parallel', parallel_workers=20, event_handlers=None, ignore_user_meta=False, metas=['./colcon.meta'], base_paths=['.'], packages_ignore=None, packages_ignore_regex=None, paths=None, packages_up_to=None, packages_up_to_regex=None, packages_above=None, packages_above_and_dependencies=None, packages_above_depth=None, packages_select_by_dep=None, packages_skip_by_dep=None, packages_skip_up_to=None, packages_select_build_failed=False, packages_skip_build_finished=False, packages_select_test_failures=False, packages_skip_test_passed=False, packages_select=['flyingpen_interface'], packages_skip=None, packages_select_regex=None, packages_skip_regex=None, packages_start=None, packages_end=None, allow_overriding=[], cmake_args=None, cmake_target=None, cmake_target_skip_unavailable=False, cmake_clean_cache=False, cmake_clean_first=False, cmake_force_configure=False, ament_cmake_args=None, catkin_cmake_args=None, catkin_skip_building_tests=False, mixin_files=None, mixin=None, verb_parser=<colcon_mixin.mixin.mixin_argument.MixinArgumentDecorator object at 0x78c30e09cca0>, verb_extension=<colcon_core.verb.build.BuildVerb object at 0x78c30e09c130>, main=<bound method BuildVerb.main of <colcon_core.verb.build.BuildVerb object at 0x78c30e09c130>>, mixin_verb=('build',))
[0.133s] Level 1:colcon.colcon_core.package_discovery:discover_packages(colcon_meta) check parameters
[0.133s] Level 1:colcon.colcon_core.package_discovery:discover_packages(recursive) check parameters
[0.133s] Level 1:colcon.colcon_core.package_discovery:discover_packages(ignore) check parameters
[0.133s] Level 1:colcon.colcon_core.package_discovery:discover_packages(path) check parameters
[0.133s] Level 1:colcon.colcon_core.package_discovery:discover_packages(colcon_meta) discover
[0.133s] Level 1:colcon.colcon_core.package_discovery:discover_packages(recursive) discover
[0.133s] INFO:colcon.colcon_core.package_discovery:Crawling recursively for packages in '/home/seosuk/mujoco_crazyflie/src'
[0.133s] Level 1:colcon.colcon_core.package_identification:_identify(.) by extensions ['ignore', 'ignore_ament_install']
[0.133s] Level 1:colcon.colcon_core.package_identification:_identify(.) by extension 'ignore'
[0.133s] Level 1:colcon.colcon_core.package_identification:_identify(.) by extension 'ignore_ament_install'
[0.133s] Level 1:colcon.colcon_core.package_identification:_identify(.) by extensions ['colcon_pkg']
[0.133s] Level 1:colcon.colcon_core.package_identification:_identify(.) by extension 'colcon_pkg'
[0.133s] Level 1:colcon.colcon_core.package_identification:_identify(.) by extensions ['colcon_meta']
[0.133s] Level 1:colcon.colcon_core.package_identification:_identify(.) by extension 'colcon_meta'
[0.133s] Level 1:colcon.colcon_core.package_identification:_identify(.) by extensions ['ros']
[0.133s] Level 1:colcon.colcon_core.package_identification:_identify(.) by extension 'ros'
[0.142s] Level 1:colcon.colcon_core.package_identification:_identify(.) by extensions ['cmake', 'python']
[0.142s] Level 1:colcon.colcon_core.package_identification:_identify(.) by extension 'cmake'
[0.142s] Level 1:colcon.colcon_core.package_identification:_identify(.) by extension 'python'
[0.142s] Level 1:colcon.colcon_core.package_identification:_identify(.) by extensions ['python_setup_py']
[0.142s] Level 1:colcon.colcon_core.package_identification:_identify(.) by extension 'python_setup_py'
[0.142s] Level 1:colcon.colcon_core.package_identification:_identify(build) by extensions ['ignore', 'ignore_ament_install']
[0.142s] Level 1:colcon.colcon_core.package_identification:_identify(build) by extension 'ignore'
[0.142s] Level 1:colcon.colcon_core.package_identification:_identify(build) ignored
[0.142s] Level 1:colcon.colcon_core.package_identification:_identify(flyingpen) by extensions ['ignore', 'ignore_ament_install']
[0.142s] Level 1:colcon.colcon_core.package_identification:_identify(flyingpen) by extension 'ignore'
[0.143s] Level 1:colcon.colcon_core.package_identification:_identify(flyingpen) by extension 'ignore_ament_install'
[0.143s] Level 1:colcon.colcon_core.package_identification:_identify(flyingpen) by extensions ['colcon_pkg']
[0.143s] Level 1:colcon.colcon_core.package_identification:_identify(flyingpen) by extension 'colcon_pkg'
[0.143s] Level 1:colcon.colcon_core.package_identification:_identify(flyingpen) by extensions ['colcon_meta']
[0.143s] Level 1:colcon.colcon_core.package_identification:_identify(flyingpen) by extension 'colcon_meta'
[0.143s] Level 1:colcon.colcon_core.package_identification:_identify(flyingpen) by extensions ['ros']
[0.143s] Level 1:colcon.colcon_core.package_identification:_identify(flyingpen) by extension 'ros'
[0.144s] DEBUG:colcon.colcon_core.package_identification:Package 'flyingpen' with type 'ros.ament_cmake' and name 'flyingpen'
[0.144s] Level 1:colcon.colcon_core.package_identification:_identify(flyingpen_interface) by extensions ['ignore', 'ignore_ament_install']
[0.144s] Level 1:colcon.colcon_core.package_identification:_identify(flyingpen_interface) by extension 'ignore'
[0.144s] Level 1:colcon.colcon_core.package_identification:_identify(flyingpen_interface) by extension 'ignore_ament_install'
[0.144s] Level 1:colcon.colcon_core.package_identification:_identify(flyingpen_interface) by extensions ['colcon_pkg']
[0.144s] Level 1:colcon.colcon_core.package_identification:_identify(flyingpen_interface) by extension 'colcon_pkg'
[0.144s] Level 1:colcon.colcon_core.package_identification:_identify(flyingpen_interface) by extensions ['colcon_meta']
[0.144s] Level 1:colcon.colcon_core.package_identification:_identify(flyingpen_interface) by extension 'colcon_meta'
[0.144s] Level 1:colcon.colcon_core.package_identification:_identify(flyingpen_interface) by extensions ['ros']
[0.144s] Level 1:colcon.colcon_core.package_identification:_identify(flyingpen_interface) by extension 'ros'
[0.145s] DEBUG:colcon.colcon_core.package_identification:Package 'flyingpen_interface' with type 'ros.ament_cmake' and name 'flyingpen_interface'
[0.145s] Level 1:colcon.colcon_core.package_identification:_identify(flyingpen_plotter) by extensions ['ignore', 'ignore_ament_install']
[0.145s] Level 1:colcon.colcon_core.package_identification:_identify(flyingpen_plotter) by extension 'ignore'
[0.145s] Level 1:colcon.colcon_core.package_identification:_identify(flyingpen_plotter) by extension 'ignore_ament_install'
[0.145s] Level 1:colcon.colcon_core.package_identification:_identify(flyingpen_plotter) by extensions ['colcon_pkg']
[0.145s] Level 1:colcon.colcon_core.package_identification:_identify(flyingpen_plotter) by extension 'colcon_pkg'
[0.145s] Level 1:colcon.colcon_core.package_identification:_identify(flyingpen_plotter) by extensions ['colcon_meta']
[0.145s] Level 1:colcon.colcon_core.package_identification:_identify(flyingpen_plotter) by extension 'colcon_meta'
[0.145s] Level 1:colcon.colcon_core.package_identification:_identify(flyingpen_plotter) by extensions ['ros']
[0.145s] Level 1:colcon.colcon_core.package_identification:_identify(flyingpen_plotter) by extension 'ros'
[0.145s] DEBUG:colcon.colcon_core.package_identification:Package 'flyingpen_plotter' with type 'ros.ament_python' and name 'flyingpen_plotter'
[0.145s] Level 1:colcon.colcon_core.package_identification:_identify(install) by extensions ['ignore', 'ignore_ament_install']
[0.145s] Level 1:colcon.colcon_core.package_identification:_identify(install) by extension 'ignore'
[0.145s] Level 1:colcon.colcon_core.package_identification:_identify(install) ignored
[0.146s] Level 1:colcon.colcon_core.package_identification:_identify(log) by extensions ['ignore', 'ignore_ament_install']
[0.146s] Level 1:colcon.colcon_core.package_identification:_identify(log) by extension 'ignore'
[0.146s] Level 1:colcon.colcon_core.package_identification:_identify(log) ignored
[0.146s] Level 1:colcon.colcon_core.package_identification:_identify(low_level_controller) by extensions ['ignore', 'ignore_ament_install']
[0.146s] Level 1:colcon.colcon_core.package_identification:_identify(low_level_controller) by extension 'ignore'
[0.146s] Level 1:colcon.colcon_core.package_identification:_identify(low_level_controller) by extension 'ignore_ament_install'
[0.146s] Level 1:colcon.colcon_core.package_identification:_identify(low_level_controller) by extensions ['colcon_pkg']
[0.146s] Level 1:colcon.colcon_core.package_identification:_identify(low_level_controller) by extension 'colcon_pkg'
[0.146s] Level 1:colcon.colcon_core.package_identification:_identify(low_level_controller) by extensions ['colcon_meta']
[0.146s] Level 1:colcon.colcon_core.package_identification:_identify(low_level_controller) by extension 'colcon_meta'
[0.146s] Level 1:colcon.colcon_core.package_identification:_identify(low_level_controller) by extensions ['ros']
[0.146s] Level 1:colcon.colcon_core.package_identification:_identify(low_level_controller) by extension 'ros'
[0.146s] DEBUG:colcon.colcon_core.package_identification:Package 'low_level_controller' with type 'ros.ament_cmake' and name 'low_level_controller'
[0.146s] Level 1:colcon.colcon_core.package_identification:_identify(mujoco_bridge) by extensions ['ignore', 'ignore_ament_install']
[0.146s] Level 1:colcon.colcon_core.package_identification:_identify(mujoco_bridge) by extension 'ignore'
[0.146s] Level 1:colcon.colcon_core.package_identification:_identify(mujoco_bridge) by extension 'ignore_ament_install'
[0.146s] Level 1:colcon.colcon_core.package_identification:_identify(mujoco_bridge) by extensions ['colcon_pkg']
[0.146s] Level 1:colcon.colcon_core.package_identification:_identify(mujoco_bridge) by extension 'colcon_pkg'
[0.146s] Level 1:colcon.colcon_core.package_identification:_identify(mujoco_bridge) by extensions ['colcon_meta']
[0.146s] Level 1:colcon.colcon_core.package_identification:_identify(mujoco_bridge) by extension 'colcon_meta'
[0.146s] Level 1:colcon.colcon_core.package_identification:_identify(mujoco_bridge) by extensions ['ros']
[0.146s] Level 1:colcon.colcon_core.package_identification:_identify(mujoco_bridge) by extension 'ros'
[0.147s] DEBUG:colcon.colcon_core.package_identification:Package 'mujoco_bridge' with type 'ros.ament_cmake' and name 'mujoco_bridge'
[0.147s] Level 1:colcon.colcon_core.package_identification:_identify(plant) by extensions ['ignore', 'ignore_ament_install']
[0.147s] Level 1:colcon.colcon_core.package_identification:_identify(plant) by extension 'ignore'
[0.147s] Level 1:colcon.colcon_core.package_identification:_identify(plant) by extension 'ignore_ament_install'
[0.147s] Level 1:colcon.colcon_core.package_identification:_identify(plant) by extensions ['colcon_pkg']
[0.147s] Level 1:colcon.colcon_core.package_identification:_identify(plant) by extension 'colcon_pkg'
[0.147s] Level 1:colcon.colcon_core.package_identification:_identify(plant) by extensions ['colcon_meta']
[0.147s] Level 1:colcon.colcon_core.package_identification:_identify(plant) by extension 'colcon_meta'
[0.147s] Level 1:colcon.colcon_core.package_identification:_identify(plant) by extensions ['ros']
[0.147s] Level 1:colcon.colcon_core.package_identification:_identify(plant) by extension 'ros'
[0.147s] DEBUG:colcon.colcon_core.package_identification:Package 'plant' with type 'ros.ament_python' and name 'plant'
[0.147s] Level 1:colcon.colcon_core.package_discovery:discover_packages(recursive) using defaults
[0.147s] Level 1:colcon.colcon_core.package_discovery:discover_packages(ignore) discover
[0.148s] Level 1:colcon.colcon_core.package_discovery:discover_packages(ignore) using defaults
[0.148s] Level 1:colcon.colcon_core.package_discovery:discover_packages(path) discover
[0.148s] Level 1:colcon.colcon_core.package_discovery:discover_packages(path) using defaults
[0.160s] INFO:colcon.colcon_core.package_selection:Skipping not selected package 'flyingpen' in 'flyingpen'
[0.160s] INFO:colcon.colcon_core.package_selection:Skipping not selected package 'flyingpen_plotter' in 'flyingpen_plotter'
[0.160s] INFO:colcon.colcon_core.package_selection:Skipping not selected package 'low_level_controller' in 'low_level_controller'
[0.160s] INFO:colcon.colcon_core.package_selection:Skipping not selected package 'mujoco_bridge' in 'mujoco_bridge'
[0.160s] INFO:colcon.colcon_core.package_selection:Skipping not selected package 'plant' in 'plant'
[0.160s] Level 1:colcon.colcon_core.package_discovery:discover_packages(prefix_path) check parameters
[0.160s] Level 1:colcon.colcon_core.package_discovery:discover_packages(prefix_path) discover
[0.161s] DEBUG:colcon.colcon_installed_package_information.package_discovery:Found 3 installed packages in /home/seosuk/sitl_ws/install
[0.162s] DEBUG:colcon.colcon_installed_package_information.package_discovery:Found 294 installed packages in /opt/ros/humble
[0.163s] Level 1:colcon.colcon_core.package_discovery:discover_packages(prefix_path) using defaults
[0.181s] Level 5:colcon.colcon_core.verb:set package 'flyingpen_interface' build argument 'cmake_args' from command line to 'None'
[0.181s] Level 5:colcon.colcon_core.verb:set package 'flyingpen_interface' build argument 'cmake_target' from command line to 'None'
[0.181s] Level 5:colcon.colcon_core.verb:set package 'flyingpen_interface' build argument 'cmake_target_skip_unavailable' from command line to 'False'
[0.181s] Level 5:colcon.colcon_core.verb:set package 'flyingpen_interface' build argument 'cmake_clean_cache' from command line to 'False'
[0.181s] Level 5:colcon.colcon_core.verb:set package 'flyingpen_interface' build argument 'cmake_clean_first' from command line to 'False'
[0.181s] Level 5:colcon.colcon_core.verb:set package 'flyingpen_interface' build argument 'cmake_force_configure' from command line to 'False'
[0.181s] Level 5:colcon.colcon_core.verb:set package 'flyingpen_interface' build argument 'ament_cmake_args' from command line to 'None'
[0.181s] Level 5:colcon.colcon_core.verb:set package 'flyingpen_interface' build argument 'catkin_cmake_args' from command line to 'None'
[0.181s] Level 5:colcon.colcon_core.verb:set package 'flyingpen_interface' build argument 'catkin_skip_building_tests' from command line to 'False'
[0.181s] DEBUG:colcon.colcon_core.verb:Building package 'flyingpen_interface' with the following arguments: {'ament_cmake_args': None, 'build_base': '/home/seosuk/mujoco_crazyflie/src/build/flyingpen_interface', 'catkin_cmake_args': None, 'catkin_skip_building_tests': False, 'cmake_args': None, 'cmake_clean_cache': False, 'cmake_clean_first': False, 'cmake_force_configure': False, 'cmake_target': None, 'cmake_target_skip_unavailable': False, 'install_base': '/home/seosuk/mujoco_crazyflie/src/install/flyingpen_interface', 'merge_install': False, 'path': '/home/seosuk/mujoco_crazyflie/src/flyingpen_interface', 'symlink_install': False, 'test_result_base': None}
[0.181s] INFO:colcon.colcon_core.executor:Executing jobs using 'parallel' executor
[0.182s] DEBUG:colcon.colcon_parallel_executor.executor.parallel:run_until_complete
[0.182s] INFO:colcon.colcon_ros.task.ament_cmake.build:Building ROS package in '/home/seosuk/mujoco_crazyflie/src/flyingpen_interface' with build type 'ament_cmake'
[0.182s] INFO:colcon.colcon_cmake.task.cmake.build:Building CMake package in '/home/seosuk/mujoco_crazyflie/src/flyingpen_interface'
[0.184s] INFO:colcon.colcon_core.plugin_system:Skipping extension 'colcon_core.shell.bat': Not used on non-Windows systems
[0.184s] INFO:colcon.colcon_core.shell:Skip shell extension 'powershell' for command environment: Not usable outside of PowerShell
[0.184s] DEBUG:colcon.colcon_core.shell:Skip shell extension 'dsv' for command environment
[0.190s] DEBUG:colcon.colcon_core.event_handler.log_command:Invoking command in '/home/seosuk/mujoco_crazyflie/src/build/flyingpen_interface': /usr/bin/cmake --build /home/seosuk/mujoco_crazyflie/src/build/flyingpen_interface -- -j20 -l20
[12.768s] DEBUG:colcon.colcon_core.event_handler.log_command:Invoked command in '/home/seosuk/mujoco_crazyflie/src/build/flyingpen_interface' returned '0': /usr/bin/cmake --build /home/seosuk/mujoco_crazyflie/src/build/flyingpen_interface -- -j20 -l20
[12.775s] DEBUG:colcon.colcon_core.event_handler.log_command:Invoking command in '/home/seosuk/mujoco_crazyflie/src/build/flyingpen_interface': /usr/bin/cmake --install /home/seosuk/mujoco_crazyflie/src/build/flyingpen_interface
[12.788s] Level 1:colcon.colcon_core.environment:create_environment_scripts_only(flyingpen_interface)
[12.788s] DEBUG:colcon.colcon_core.event_handler.log_command:Invoked command in '/home/seosuk/mujoco_crazyflie/src/build/flyingpen_interface' returned '0': /usr/bin/cmake --install /home/seosuk/mujoco_crazyflie/src/build/flyingpen_interface
[12.790s] Level 1:colcon.colcon_core.environment:checking '/home/seosuk/mujoco_crazyflie/src/install/flyingpen_interface' for CMake module files
[12.790s] Level 1:colcon.colcon_core.environment:checking '/home/seosuk/mujoco_crazyflie/src/install/flyingpen_interface' for CMake config files
[12.790s] Level 1:colcon.colcon_core.shell:create_environment_hook('flyingpen_interface', 'cmake_prefix_path')
[12.790s] INFO:colcon.colcon_core.shell:Creating environment hook '/home/seosuk/mujoco_crazyflie/src/install/flyingpen_interface/share/flyingpen_interface/hook/cmake_prefix_path.ps1'
[12.791s] INFO:colcon.colcon_core.shell:Creating environment descriptor '/home/seosuk/mujoco_crazyflie/src/install/flyingpen_interface/share/flyingpen_interface/hook/cmake_prefix_path.dsv'
[12.791s] INFO:colcon.colcon_core.shell:Creating environment hook '/home/seosuk/mujoco_crazyflie/src/install/flyingpen_interface/share/flyingpen_interface/hook/cmake_prefix_path.sh'
[12.791s] Level 1:colcon.colcon_core.environment:checking '/home/seosuk/mujoco_crazyflie/src/install/flyingpen_interface/lib'
[12.792s] Level 1:colcon.colcon_core.environment:checking '/home/seosuk/mujoco_crazyflie/src/install/flyingpen_interface/bin'
[12.792s] Level 1:colcon.colcon_core.environment:checking '/home/seosuk/mujoco_crazyflie/src/install/flyingpen_interface/lib/pkgconfig/flyingpen_interface.pc'
[12.792s] Level 1:colcon.colcon_core.environment:checking '/home/seosuk/mujoco_crazyflie/src/install/flyingpen_interface/lib/python3.10/site-packages'
[12.792s] Level 1:colcon.colcon_core.environment:checking '/home/seosuk/mujoco_crazyflie/src/install/flyingpen_interface/bin'
[12.792s] INFO:colcon.colcon_core.shell:Creating package script '/home/seosuk/mujoco_crazyflie/src/install/flyingpen_interface/share/flyingpen_interface/package.ps1'
[12.793s] INFO:colcon.colcon_core.shell:Creating package descriptor '/home/seosuk/mujoco_crazyflie/src/install/flyingpen_interface/share/flyingpen_interface/package.dsv'
[12.793s] INFO:colcon.colcon_core.shell:Creating package script '/home/seosuk/mujoco_crazyflie/src/install/flyingpen_interface/share/flyingpen_interface/package.sh'
[12.793s] INFO:colcon.colcon_core.shell:Creating package script '/home/seosuk/mujoco_crazyflie/src/install/flyingpen_interface/share/flyingpen_interface/package.bash'
[12.794s] INFO:colcon.colcon_core.shell:Creating package script '/home/seosuk/mujoco_crazyflie/src/install/flyingpen_interface/share/flyingpen_interface/package.zsh'
[12.794s] Level 1:colcon.colcon_core.environment:create_file_with_runtime_dependencies(/home/seosuk/mujoco_crazyflie/src/install/flyingpen_interface/share/colcon-core/packages/flyingpen_interface)
[12.794s] Level 1:colcon.colcon_core.environment:create_environment_scripts_only(flyingpen_interface)
[12.794s] Level 1:colcon.colcon_core.environment:checking '/home/seosuk/mujoco_crazyflie/src/install/flyingpen_interface' for CMake module files
[12.795s] Level 1:colcon.colcon_core.environment:checking '/home/seosuk/mujoco_crazyflie/src/install/flyingpen_interface' for CMake config files
[12.795s] Level 1:colcon.colcon_core.shell:create_environment_hook('flyingpen_interface', 'cmake_prefix_path')
[12.795s] INFO:colcon.colcon_core.shell:Creating environment hook '/home/seosuk/mujoco_crazyflie/src/install/flyingpen_interface/share/flyingpen_interface/hook/cmake_prefix_path.ps1'
[12.795s] INFO:colcon.colcon_core.shell:Creating environment descriptor '/home/seosuk/mujoco_crazyflie/src/install/flyingpen_interface/share/flyingpen_interface/hook/cmake_prefix_path.dsv'
[12.795s] INFO:colcon.colcon_core.shell:Creating environment hook '/home/seosuk/mujoco_crazyflie/src/install/flyingpen_interface/share/flyingpen_interface/hook/cmake_prefix_path.sh'
[12.795s] Level 1:colcon.colcon_core.environment:checking '/home/seosuk/mujoco_crazyflie/src/install/flyingpen_interface/lib'
[12.795s] Level 1:colcon.colcon_core.environment:checking '/home/seosuk/mujoco_crazyflie/src/install/flyingpen_interface/bin'
[12.795s] Level 1:colcon.colcon_core.environment:checking '/home/seosuk/mujoco_crazyflie/src/install/flyingpen_interface/lib/pkgconfig/flyingpen_interface.pc'
[12.796s] Level 1:colcon.colcon_core.environment:checking '/home/seosuk/mujoco_crazyflie/src/install/flyingpen_interface/lib/python3.10/site-packages'
[12.796s] Level 1:colcon.colcon_core.environment:checking '/home/seosuk/mujoco_crazyflie/src/install/flyingpen_interface/bin'
[12.796s] INFO:colcon.colcon_core.shell:Creating package script '/home/seosuk/mujoco_crazyflie/src/install/flyingpen_interface/share/flyingpen_interface/package.ps1'
[12.796s] INFO:colcon.colcon_core.shell:Creating package descriptor '/home/seosuk/mujoco_crazyflie/src/install/flyingpen_interface/share/flyingpen_interface/package.dsv'
[12.797s] INFO:colcon.colcon_core.shell:Creating package script '/home/seosuk/mujoco_crazyflie/src/install/flyingpen_interface/share/flyingpen_interface/package.sh'
[12.797s] INFO:colcon.colcon_core.shell:Creating package script '/home/seosuk/mujoco_crazyflie/src/install/flyingpen_interface/share/flyingpen_interface/package.bash'
[12.797s] INFO:colcon.colcon_core.shell:Creating package script '/home/seosuk/mujoco_crazyflie/src/install/flyingpen_interface/share/flyingpen_interface/package.zsh'
[12.797s] Level 1:colcon.colcon_core.environment:create_file_with_runtime_dependencies(/home/seosuk/mujoco_crazyflie/src/install/flyingpen_interface/share/colcon-core/packages/flyingpen_interface)
[12.797s] DEBUG:colcon.colcon_parallel_executor.executor.parallel:closing loop
[12.797s] DEBUG:colcon.colcon_parallel_executor.executor.parallel:loop closed
[12.797s] DEBUG:colcon.colcon_parallel_executor.executor.parallel:run_until_complete finished with '0'
[12.797s] DEBUG:colcon.colcon_core.event_reactor:joining thread
[12.800s] INFO:colcon.colcon_core.plugin_system:Skipping extension 'colcon_notification.desktop_notification.terminal_notifier': Not used on non-Darwin systems
[12.800s] INFO:colcon.colcon_core.plugin_system:Skipping extension 'colcon_notification.desktop_notification.win32': Not used on non-Windows systems
[12.800s] INFO:colcon.colcon_notification.desktop_notification:Sending desktop notification using 'notify2'
[12.809s] DEBUG:colcon.colcon_core.event_reactor:joined thread
[12.809s] INFO:colcon.colcon_core.shell:Creating prefix script '/home/seosuk/mujoco_crazyflie/src/install/local_setup.ps1'
[12.810s] INFO:colcon.colcon_core.shell:Creating prefix util module '/home/seosuk/mujoco_crazyflie/src/install/_local_setup_util_ps1.py'
[12.811s] INFO:colcon.colcon_core.shell:Creating prefix chain script '/home/seosuk/mujoco_crazyflie/src/install/setup.ps1'
[12.811s] INFO:colcon.colcon_core.shell:Creating prefix script '/home/seosuk/mujoco_crazyflie/src/install/local_setup.sh'
[12.811s] INFO:colcon.colcon_core.shell:Creating prefix util module '/home/seosuk/mujoco_crazyflie/src/install/_local_setup_util_sh.py'
[12.812s] INFO:colcon.colcon_core.shell:Creating prefix chain script '/home/seosuk/mujoco_crazyflie/src/install/setup.sh'
[12.812s] INFO:colcon.colcon_core.shell:Creating prefix script '/home/seosuk/mujoco_crazyflie/src/install/local_setup.bash'
[12.812s] INFO:colcon.colcon_core.shell:Creating prefix chain script '/home/seosuk/mujoco_crazyflie/src/install/setup.bash'
[12.813s] INFO:colcon.colcon_core.shell:Creating prefix script '/home/seosuk/mujoco_crazyflie/src/install/local_setup.zsh'
[12.813s] INFO:colcon.colcon_core.shell:Creating prefix chain script '/home/seosuk/mujoco_crazyflie/src/install/setup.zsh'
