/home/seosuk/mujoco_crazyflie/src/install/flyingpen_plotter/lib/python3.10/site-packages/flyingpen_plotter/data_logging_python.py
/home/seosuk/mujoco_crazyflie/src/install/flyingpen_plotter/lib/python3.10/site-packages/flyingpen_plotter/__init__.py
/home/seosuk/mujoco_crazyflie/src/install/flyingpen_plotter/lib/python3.10/site-packages/flyingpen_plotter/data_logging_drone_states.py
/home/seosuk/mujoco_crazyflie/src/install/flyingpen_plotter/lib/python3.10/site-packages/flyingpen_plotter/Normal_vector_debug.py
/home/seosuk/mujoco_crazyflie/src/install/flyingpen_plotter/lib/python3.10/site-packages/flyingpen_plotter/data_logging_chat_frame.py
/home/seosuk/mujoco_crazyflie/src/install/flyingpen_plotter/lib/python3.10/site-packages/flyingpen_plotter/data_logging_rpy_acceleration.py
/home/seosuk/mujoco_crazyflie/src/install/flyingpen_plotter/lib/python3.10/site-packages/flyingpen_plotter/data_logging_arrow_pwm.py
/home/seosuk/mujoco_crazyflie/src/install/flyingpen_plotter/lib/python3.10/site-packages/flyingpen_plotter/__pycache__/data_logging_python.cpython-310.pyc
/home/seosuk/mujoco_crazyflie/src/install/flyingpen_plotter/lib/python3.10/site-packages/flyingpen_plotter/__pycache__/__init__.cpython-310.pyc
/home/seosuk/mujoco_crazyflie/src/install/flyingpen_plotter/lib/python3.10/site-packages/flyingpen_plotter/__pycache__/data_logging_drone_states.cpython-310.pyc
/home/seosuk/mujoco_crazyflie/src/install/flyingpen_plotter/lib/python3.10/site-packages/flyingpen_plotter/__pycache__/Normal_vector_debug.cpython-310.pyc
/home/seosuk/mujoco_crazyflie/src/install/flyingpen_plotter/lib/python3.10/site-packages/flyingpen_plotter/__pycache__/data_logging_chat_frame.cpython-310.pyc
/home/seosuk/mujoco_crazyflie/src/install/flyingpen_plotter/lib/python3.10/site-packages/flyingpen_plotter/__pycache__/data_logging_rpy_acceleration.cpython-310.pyc
/home/seosuk/mujoco_crazyflie/src/install/flyingpen_plotter/lib/python3.10/site-packages/flyingpen_plotter/__pycache__/data_logging_arrow_pwm.cpython-310.pyc
/home/seosuk/mujoco_crazyflie/src/install/flyingpen_plotter/share/ament_index/resource_index/packages/flyingpen_plotter
/home/seosuk/mujoco_crazyflie/src/install/flyingpen_plotter/share/flyingpen_plotter/package.xml
/home/seosuk/mujoco_crazyflie/src/install/flyingpen_plotter/lib/python3.10/site-packages/flyingpen_plotter-0.0.0-py3.10.egg-info/requires.txt
/home/seosuk/mujoco_crazyflie/src/install/flyingpen_plotter/lib/python3.10/site-packages/flyingpen_plotter-0.0.0-py3.10.egg-info/PKG-INFO
/home/seosuk/mujoco_crazyflie/src/install/flyingpen_plotter/lib/python3.10/site-packages/flyingpen_plotter-0.0.0-py3.10.egg-info/dependency_links.txt
/home/seosuk/mujoco_crazyflie/src/install/flyingpen_plotter/lib/python3.10/site-packages/flyingpen_plotter-0.0.0-py3.10.egg-info/entry_points.txt
/home/seosuk/mujoco_crazyflie/src/install/flyingpen_plotter/lib/python3.10/site-packages/flyingpen_plotter-0.0.0-py3.10.egg-info/SOURCES.txt
/home/seosuk/mujoco_crazyflie/src/install/flyingpen_plotter/lib/python3.10/site-packages/flyingpen_plotter-0.0.0-py3.10.egg-info/top_level.txt
/home/seosuk/mujoco_crazyflie/src/install/flyingpen_plotter/lib/python3.10/site-packages/flyingpen_plotter-0.0.0-py3.10.egg-info/zip-safe
/home/seosuk/mujoco_crazyflie/src/install/flyingpen_plotter/lib/flyingpen_plotter/data_logging_arrow_pwm
/home/seosuk/mujoco_crazyflie/src/install/flyingpen_plotter/lib/flyingpen_plotter/data_logging_chat_frame
/home/seosuk/mujoco_crazyflie/src/install/flyingpen_plotter/lib/flyingpen_plotter/data_logging_drone_states
/home/seosuk/mujoco_crazyflie/src/install/flyingpen_plotter/lib/flyingpen_plotter/data_logging_python
/home/seosuk/mujoco_crazyflie/src/install/flyingpen_plotter/lib/flyingpen_plotter/data_logging_rpy_acceleration
/home/seosuk/mujoco_crazyflie/src/install/flyingpen_plotter/lib/flyingpen_plotter/normal_vector_debug
/home/seosuk/mujoco_crazyflie/src/install/flyingpen_plotter/lib/flyingpen_plotter/realtime_plotter
