[0.008s] Invoking command in '/home/seosuk/mujoco_crazyflie/src/build/flyingpen_interface': CMAKE_PREFIX_PATH=${CMAKE_PREFIX_PATH}:/home/seosuk/sitl_ws/install/px4_offboard:/home/seosuk/sitl_ws/install/crazyflie_py /usr/bin/cmake --build /home/seosuk/mujoco_crazyflie/src/build/flyingpen_interface -- -j20 -l20
[0.051s] Consolidate compiler generated dependencies of target data_logger
[0.058s] [ 25%] Built target fk_ik_transform
[0.058s] [ 37%] Building CXX object CMakeFiles/rviz_visual.dir/src/rviz_visual.cpp.o
[0.058s] [ 62%] Built target command_publisher
[0.062s] [ 87%] Built target data_logger
[43.515s] [100%] Linking CXX executable rviz_visual
[44.966s] [100%] Built target rviz_visual
[45.004s] Invoked command in '/home/seosuk/mujoco_crazyflie/src/build/flyingpen_interface' returned '0': CMAKE_PREFIX_PATH=${CMAKE_PREFIX_PATH}:/home/seosuk/sitl_ws/install/px4_offboard:/home/seosuk/sitl_ws/install/crazyflie_py /usr/bin/cmake --build /home/seosuk/mujoco_crazyflie/src/build/flyingpen_interface -- -j20 -l20
[45.024s] Invoking command in '/home/seosuk/mujoco_crazyflie/src/build/flyingpen_interface': CMAKE_PREFIX_PATH=${CMAKE_PREFIX_PATH}:/home/seosuk/sitl_ws/install/px4_offboard:/home/seosuk/sitl_ws/install/crazyflie_py /usr/bin/cmake --install /home/seosuk/mujoco_crazyflie/src/build/flyingpen_interface
[45.043s] -- Install configuration: ""
[45.044s] -- Up-to-date: /home/seosuk/mujoco_crazyflie/src/install/flyingpen_interface/lib/flyingpen_interface/data_logger
[45.044s] -- Up-to-date: /home/seosuk/mujoco_crazyflie/src/install/flyingpen_interface/lib/flyingpen_interface/command_publisher
[45.044s] -- Installing: /home/seosuk/mujoco_crazyflie/src/install/flyingpen_interface/lib/flyingpen_interface/rviz_visual
[45.062s] -- Set runtime path of "/home/seosuk/mujoco_crazyflie/src/install/flyingpen_interface/lib/flyingpen_interface/rviz_visual" to ""
[45.062s] -- Up-to-date: /home/seosuk/mujoco_crazyflie/src/install/flyingpen_interface/lib/flyingpen_interface/fk_ik_transform
[45.063s] -- Up-to-date: /home/seosuk/mujoco_crazyflie/src/install/flyingpen_interface/share/flyingpen_interface/launch
[45.063s] -- Up-to-date: /home/seosuk/mujoco_crazyflie/src/install/flyingpen_interface/share/flyingpen_interface/launch/flyingpen_cpp.launch.py
[45.063s] -- Up-to-date: /home/seosuk/mujoco_crazyflie/src/install/flyingpen_interface/share/flyingpen_interface/launch/flyingpen.launch.py
[45.063s] -- Up-to-date: /home/seosuk/mujoco_crazyflie/src/install/flyingpen_interface/share/flyingpen_interface/launch/flyingpen.launch_mj.py
[45.063s] -- Up-to-date: /home/seosuk/mujoco_crazyflie/src/install/flyingpen_interface/share/flyingpen_interface/config
[45.064s] -- Up-to-date: /home/seosuk/mujoco_crazyflie/src/install/flyingpen_interface/share/flyingpen_interface/config/parameters.yaml
[45.064s] -- Up-to-date: /home/seosuk/mujoco_crazyflie/src/install/flyingpen_interface/share/ament_index/resource_index/package_run_dependencies/flyingpen_interface
[45.064s] -- Up-to-date: /home/seosuk/mujoco_crazyflie/src/install/flyingpen_interface/share/ament_index/resource_index/parent_prefix_path/flyingpen_interface
[45.064s] -- Up-to-date: /home/seosuk/mujoco_crazyflie/src/install/flyingpen_interface/share/flyingpen_interface/environment/ament_prefix_path.sh
[45.064s] -- Up-to-date: /home/seosuk/mujoco_crazyflie/src/install/flyingpen_interface/share/flyingpen_interface/environment/ament_prefix_path.dsv
[45.065s] -- Up-to-date: /home/seosuk/mujoco_crazyflie/src/install/flyingpen_interface/share/flyingpen_interface/environment/path.sh
[45.067s] -- Up-to-date: /home/seosuk/mujoco_crazyflie/src/install/flyingpen_interface/share/flyingpen_interface/environment/path.dsv
[45.067s] -- Up-to-date: /home/seosuk/mujoco_crazyflie/src/install/flyingpen_interface/share/flyingpen_interface/local_setup.bash
[45.068s] -- Up-to-date: /home/seosuk/mujoco_crazyflie/src/install/flyingpen_interface/share/flyingpen_interface/local_setup.sh
[45.069s] -- Up-to-date: /home/seosuk/mujoco_crazyflie/src/install/flyingpen_interface/share/flyingpen_interface/local_setup.zsh
[45.069s] -- Up-to-date: /home/seosuk/mujoco_crazyflie/src/install/flyingpen_interface/share/flyingpen_interface/local_setup.dsv
[45.070s] -- Installing: /home/seosuk/mujoco_crazyflie/src/install/flyingpen_interface/share/flyingpen_interface/package.dsv
[45.070s] -- Up-to-date: /home/seosuk/mujoco_crazyflie/src/install/flyingpen_interface/share/ament_index/resource_index/packages/flyingpen_interface
[45.071s] -- Up-to-date: /home/seosuk/mujoco_crazyflie/src/install/flyingpen_interface/share/flyingpen_interface/cmake/flyingpen_interfaceConfig.cmake
[45.072s] -- Up-to-date: /home/seosuk/mujoco_crazyflie/src/install/flyingpen_interface/share/flyingpen_interface/cmake/flyingpen_interfaceConfig-version.cmake
[45.072s] -- Up-to-date: /home/seosuk/mujoco_crazyflie/src/install/flyingpen_interface/share/flyingpen_interface/package.xml
[45.073s] Invoked command in '/home/seosuk/mujoco_crazyflie/src/build/flyingpen_interface' returned '0': CMAKE_PREFIX_PATH=${CMAKE_PREFIX_PATH}:/home/seosuk/sitl_ws/install/px4_offboard:/home/seosuk/sitl_ws/install/crazyflie_py /usr/bin/cmake --install /home/seosuk/mujoco_crazyflie/src/build/flyingpen_interface
