[0.158s] DEBUG:colcon:Command line arguments: ['/usr/bin/colcon', 'build', '--packages-select', 'flyingpen']
[0.158s] DEBUG:colcon:Parsed command line arguments: Namespace(log_base=None, log_level=None, verb_name='build', build_base='build', install_base='install', merge_install=False, symlink_install=False, test_result_base=None, continue_on_error=False, executor='parallel', parallel_workers=20, event_handlers=None, ignore_user_meta=False, metas=['./colcon.meta'], base_paths=['.'], packages_ignore=None, packages_ignore_regex=None, paths=None, packages_up_to=None, packages_up_to_regex=None, packages_above=None, packages_above_and_dependencies=None, packages_above_depth=None, packages_select_by_dep=None, packages_skip_by_dep=None, packages_skip_up_to=None, packages_select_build_failed=False, packages_skip_build_finished=False, packages_select_test_failures=False, packages_skip_test_passed=False, packages_select=['flyingpen'], packages_skip=None, packages_select_regex=None, packages_skip_regex=None, packages_start=None, packages_end=None, allow_overriding=[], cmake_args=None, cmake_target=None, cmake_target_skip_unavailable=False, cmake_clean_cache=False, cmake_clean_first=False, cmake_force_configure=False, ament_cmake_args=None, catkin_cmake_args=None, catkin_skip_building_tests=False, mixin_files=None, mixin=None, verb_parser=<colcon_mixin.mixin.mixin_argument.MixinArgumentDecorator object at 0x752530e30dc0>, verb_extension=<colcon_core.verb.build.BuildVerb object at 0x752530e306d0>, main=<bound method BuildVerb.main of <colcon_core.verb.build.BuildVerb object at 0x752530e306d0>>, mixin_verb=('build',))
[0.180s] Level 1:colcon.colcon_core.package_discovery:discover_packages(colcon_meta) check parameters
[0.180s] Level 1:colcon.colcon_core.package_discovery:discover_packages(recursive) check parameters
[0.180s] Level 1:colcon.colcon_core.package_discovery:discover_packages(ignore) check parameters
[0.180s] Level 1:colcon.colcon_core.package_discovery:discover_packages(path) check parameters
[0.181s] Level 1:colcon.colcon_core.package_discovery:discover_packages(colcon_meta) discover
[0.181s] Level 1:colcon.colcon_core.package_discovery:discover_packages(recursive) discover
[0.181s] INFO:colcon.colcon_core.package_discovery:Crawling recursively for packages in '/home/seosuk/mujoco_crazyflie/src'
[0.181s] Level 1:colcon.colcon_core.package_identification:_identify(.) by extensions ['ignore', 'ignore_ament_install']
[0.181s] Level 1:colcon.colcon_core.package_identification:_identify(.) by extension 'ignore'
[0.181s] Level 1:colcon.colcon_core.package_identification:_identify(.) by extension 'ignore_ament_install'
[0.181s] Level 1:colcon.colcon_core.package_identification:_identify(.) by extensions ['colcon_pkg']
[0.181s] Level 1:colcon.colcon_core.package_identification:_identify(.) by extension 'colcon_pkg'
[0.181s] Level 1:colcon.colcon_core.package_identification:_identify(.) by extensions ['colcon_meta']
[0.181s] Level 1:colcon.colcon_core.package_identification:_identify(.) by extension 'colcon_meta'
[0.181s] Level 1:colcon.colcon_core.package_identification:_identify(.) by extensions ['ros']
[0.181s] Level 1:colcon.colcon_core.package_identification:_identify(.) by extension 'ros'
[0.189s] Level 1:colcon.colcon_core.package_identification:_identify(.) by extensions ['cmake', 'python']
[0.189s] Level 1:colcon.colcon_core.package_identification:_identify(.) by extension 'cmake'
[0.189s] Level 1:colcon.colcon_core.package_identification:_identify(.) by extension 'python'
[0.189s] Level 1:colcon.colcon_core.package_identification:_identify(.) by extensions ['python_setup_py']
[0.189s] Level 1:colcon.colcon_core.package_identification:_identify(.) by extension 'python_setup_py'
[0.189s] Level 1:colcon.colcon_core.package_identification:_identify(build) by extensions ['ignore', 'ignore_ament_install']
[0.189s] Level 1:colcon.colcon_core.package_identification:_identify(build) by extension 'ignore'
[0.189s] Level 1:colcon.colcon_core.package_identification:_identify(build) ignored
[0.189s] Level 1:colcon.colcon_core.package_identification:_identify(flyingpen) by extensions ['ignore', 'ignore_ament_install']
[0.189s] Level 1:colcon.colcon_core.package_identification:_identify(flyingpen) by extension 'ignore'
[0.189s] Level 1:colcon.colcon_core.package_identification:_identify(flyingpen) by extension 'ignore_ament_install'
[0.189s] Level 1:colcon.colcon_core.package_identification:_identify(flyingpen) by extensions ['colcon_pkg']
[0.189s] Level 1:colcon.colcon_core.package_identification:_identify(flyingpen) by extension 'colcon_pkg'
[0.189s] Level 1:colcon.colcon_core.package_identification:_identify(flyingpen) by extensions ['colcon_meta']
[0.189s] Level 1:colcon.colcon_core.package_identification:_identify(flyingpen) by extension 'colcon_meta'
[0.189s] Level 1:colcon.colcon_core.package_identification:_identify(flyingpen) by extensions ['ros']
[0.189s] Level 1:colcon.colcon_core.package_identification:_identify(flyingpen) by extension 'ros'
[0.191s] DEBUG:colcon.colcon_core.package_identification:Package 'flyingpen' with type 'ros.ament_cmake' and name 'flyingpen'
[0.191s] Level 1:colcon.colcon_core.package_identification:_identify(flyingpen_interface) by extensions ['ignore', 'ignore_ament_install']
[0.191s] Level 1:colcon.colcon_core.package_identification:_identify(flyingpen_interface) by extension 'ignore'
[0.191s] Level 1:colcon.colcon_core.package_identification:_identify(flyingpen_interface) by extension 'ignore_ament_install'
[0.191s] Level 1:colcon.colcon_core.package_identification:_identify(flyingpen_interface) by extensions ['colcon_pkg']
[0.191s] Level 1:colcon.colcon_core.package_identification:_identify(flyingpen_interface) by extension 'colcon_pkg'
[0.191s] Level 1:colcon.colcon_core.package_identification:_identify(flyingpen_interface) by extensions ['colcon_meta']
[0.191s] Level 1:colcon.colcon_core.package_identification:_identify(flyingpen_interface) by extension 'colcon_meta'
[0.191s] Level 1:colcon.colcon_core.package_identification:_identify(flyingpen_interface) by extensions ['ros']
[0.191s] Level 1:colcon.colcon_core.package_identification:_identify(flyingpen_interface) by extension 'ros'
[0.192s] DEBUG:colcon.colcon_core.package_identification:Package 'flyingpen_interface' with type 'ros.ament_cmake' and name 'flyingpen_interface'
[0.192s] Level 1:colcon.colcon_core.package_identification:_identify(flyingpen_plotter) by extensions ['ignore', 'ignore_ament_install']
[0.192s] Level 1:colcon.colcon_core.package_identification:_identify(flyingpen_plotter) by extension 'ignore'
[0.192s] Level 1:colcon.colcon_core.package_identification:_identify(flyingpen_plotter) by extension 'ignore_ament_install'
[0.192s] Level 1:colcon.colcon_core.package_identification:_identify(flyingpen_plotter) by extensions ['colcon_pkg']
[0.192s] Level 1:colcon.colcon_core.package_identification:_identify(flyingpen_plotter) by extension 'colcon_pkg'
[0.192s] Level 1:colcon.colcon_core.package_identification:_identify(flyingpen_plotter) by extensions ['colcon_meta']
[0.192s] Level 1:colcon.colcon_core.package_identification:_identify(flyingpen_plotter) by extension 'colcon_meta'
[0.192s] Level 1:colcon.colcon_core.package_identification:_identify(flyingpen_plotter) by extensions ['ros']
[0.192s] Level 1:colcon.colcon_core.package_identification:_identify(flyingpen_plotter) by extension 'ros'
[0.192s] DEBUG:colcon.colcon_core.package_identification:Package 'flyingpen_plotter' with type 'ros.ament_python' and name 'flyingpen_plotter'
[0.192s] Level 1:colcon.colcon_core.package_identification:_identify(install) by extensions ['ignore', 'ignore_ament_install']
[0.192s] Level 1:colcon.colcon_core.package_identification:_identify(install) by extension 'ignore'
[0.192s] Level 1:colcon.colcon_core.package_identification:_identify(install) ignored
[0.192s] Level 1:colcon.colcon_core.package_identification:_identify(log) by extensions ['ignore', 'ignore_ament_install']
[0.192s] Level 1:colcon.colcon_core.package_identification:_identify(log) by extension 'ignore'
[0.192s] Level 1:colcon.colcon_core.package_identification:_identify(log) ignored
[0.193s] Level 1:colcon.colcon_core.package_identification:_identify(low_level_controller) by extensions ['ignore', 'ignore_ament_install']
[0.193s] Level 1:colcon.colcon_core.package_identification:_identify(low_level_controller) by extension 'ignore'
[0.193s] Level 1:colcon.colcon_core.package_identification:_identify(low_level_controller) by extension 'ignore_ament_install'
[0.193s] Level 1:colcon.colcon_core.package_identification:_identify(low_level_controller) by extensions ['colcon_pkg']
[0.193s] Level 1:colcon.colcon_core.package_identification:_identify(low_level_controller) by extension 'colcon_pkg'
[0.193s] Level 1:colcon.colcon_core.package_identification:_identify(low_level_controller) by extensions ['colcon_meta']
[0.193s] Level 1:colcon.colcon_core.package_identification:_identify(low_level_controller) by extension 'colcon_meta'
[0.193s] Level 1:colcon.colcon_core.package_identification:_identify(low_level_controller) by extensions ['ros']
[0.193s] Level 1:colcon.colcon_core.package_identification:_identify(low_level_controller) by extension 'ros'
[0.193s] DEBUG:colcon.colcon_core.package_identification:Package 'low_level_controller' with type 'ros.ament_cmake' and name 'low_level_controller'
[0.193s] Level 1:colcon.colcon_core.package_identification:_identify(mujoco_bridge) by extensions ['ignore', 'ignore_ament_install']
[0.193s] Level 1:colcon.colcon_core.package_identification:_identify(mujoco_bridge) by extension 'ignore'
[0.193s] Level 1:colcon.colcon_core.package_identification:_identify(mujoco_bridge) by extension 'ignore_ament_install'
[0.193s] Level 1:colcon.colcon_core.package_identification:_identify(mujoco_bridge) by extensions ['colcon_pkg']
[0.193s] Level 1:colcon.colcon_core.package_identification:_identify(mujoco_bridge) by extension 'colcon_pkg'
[0.193s] Level 1:colcon.colcon_core.package_identification:_identify(mujoco_bridge) by extensions ['colcon_meta']
[0.193s] Level 1:colcon.colcon_core.package_identification:_identify(mujoco_bridge) by extension 'colcon_meta'
[0.193s] Level 1:colcon.colcon_core.package_identification:_identify(mujoco_bridge) by extensions ['ros']
[0.193s] Level 1:colcon.colcon_core.package_identification:_identify(mujoco_bridge) by extension 'ros'
[0.194s] DEBUG:colcon.colcon_core.package_identification:Package 'mujoco_bridge' with type 'ros.ament_cmake' and name 'mujoco_bridge'
[0.194s] Level 1:colcon.colcon_core.package_identification:_identify(plant) by extensions ['ignore', 'ignore_ament_install']
[0.194s] Level 1:colcon.colcon_core.package_identification:_identify(plant) by extension 'ignore'
[0.194s] Level 1:colcon.colcon_core.package_identification:_identify(plant) by extension 'ignore_ament_install'
[0.194s] Level 1:colcon.colcon_core.package_identification:_identify(plant) by extensions ['colcon_pkg']
[0.194s] Level 1:colcon.colcon_core.package_identification:_identify(plant) by extension 'colcon_pkg'
[0.194s] Level 1:colcon.colcon_core.package_identification:_identify(plant) by extensions ['colcon_meta']
[0.194s] Level 1:colcon.colcon_core.package_identification:_identify(plant) by extension 'colcon_meta'
[0.194s] Level 1:colcon.colcon_core.package_identification:_identify(plant) by extensions ['ros']
[0.194s] Level 1:colcon.colcon_core.package_identification:_identify(plant) by extension 'ros'
[0.194s] DEBUG:colcon.colcon_core.package_identification:Package 'plant' with type 'ros.ament_python' and name 'plant'
[0.194s] Level 1:colcon.colcon_core.package_discovery:discover_packages(recursive) using defaults
[0.194s] Level 1:colcon.colcon_core.package_discovery:discover_packages(ignore) discover
[0.194s] Level 1:colcon.colcon_core.package_discovery:discover_packages(ignore) using defaults
[0.194s] Level 1:colcon.colcon_core.package_discovery:discover_packages(path) discover
[0.194s] Level 1:colcon.colcon_core.package_discovery:discover_packages(path) using defaults
[0.206s] INFO:colcon.colcon_core.package_selection:Skipping not selected package 'flyingpen_interface' in 'flyingpen_interface'
[0.206s] INFO:colcon.colcon_core.package_selection:Skipping not selected package 'flyingpen_plotter' in 'flyingpen_plotter'
[0.207s] INFO:colcon.colcon_core.package_selection:Skipping not selected package 'low_level_controller' in 'low_level_controller'
[0.207s] INFO:colcon.colcon_core.package_selection:Skipping not selected package 'mujoco_bridge' in 'mujoco_bridge'
[0.207s] INFO:colcon.colcon_core.package_selection:Skipping not selected package 'plant' in 'plant'
[0.207s] Level 1:colcon.colcon_core.package_discovery:discover_packages(prefix_path) check parameters
[0.207s] Level 1:colcon.colcon_core.package_discovery:discover_packages(prefix_path) discover
[0.208s] DEBUG:colcon.colcon_installed_package_information.package_discovery:Found 3 installed packages in /home/seosuk/sitl_ws/install
[0.208s] DEBUG:colcon.colcon_installed_package_information.package_discovery:Found 294 installed packages in /opt/ros/humble
[0.209s] Level 1:colcon.colcon_core.package_discovery:discover_packages(prefix_path) using defaults
[0.227s] Level 5:colcon.colcon_core.verb:set package 'flyingpen' build argument 'cmake_args' from command line to 'None'
[0.227s] Level 5:colcon.colcon_core.verb:set package 'flyingpen' build argument 'cmake_target' from command line to 'None'
[0.227s] Level 5:colcon.colcon_core.verb:set package 'flyingpen' build argument 'cmake_target_skip_unavailable' from command line to 'False'
[0.227s] Level 5:colcon.colcon_core.verb:set package 'flyingpen' build argument 'cmake_clean_cache' from command line to 'False'
[0.227s] Level 5:colcon.colcon_core.verb:set package 'flyingpen' build argument 'cmake_clean_first' from command line to 'False'
[0.227s] Level 5:colcon.colcon_core.verb:set package 'flyingpen' build argument 'cmake_force_configure' from command line to 'False'
[0.227s] Level 5:colcon.colcon_core.verb:set package 'flyingpen' build argument 'ament_cmake_args' from command line to 'None'
[0.227s] Level 5:colcon.colcon_core.verb:set package 'flyingpen' build argument 'catkin_cmake_args' from command line to 'None'
[0.227s] Level 5:colcon.colcon_core.verb:set package 'flyingpen' build argument 'catkin_skip_building_tests' from command line to 'False'
[0.227s] DEBUG:colcon.colcon_core.verb:Building package 'flyingpen' with the following arguments: {'ament_cmake_args': None, 'build_base': '/home/seosuk/mujoco_crazyflie/src/build/flyingpen', 'catkin_cmake_args': None, 'catkin_skip_building_tests': False, 'cmake_args': None, 'cmake_clean_cache': False, 'cmake_clean_first': False, 'cmake_force_configure': False, 'cmake_target': None, 'cmake_target_skip_unavailable': False, 'install_base': '/home/seosuk/mujoco_crazyflie/src/install/flyingpen', 'merge_install': False, 'path': '/home/seosuk/mujoco_crazyflie/src/flyingpen', 'symlink_install': False, 'test_result_base': None}
[0.227s] INFO:colcon.colcon_core.executor:Executing jobs using 'parallel' executor
[0.228s] DEBUG:colcon.colcon_parallel_executor.executor.parallel:run_until_complete
[0.228s] INFO:colcon.colcon_ros.task.ament_cmake.build:Building ROS package in '/home/seosuk/mujoco_crazyflie/src/flyingpen' with build type 'ament_cmake'
[0.228s] INFO:colcon.colcon_cmake.task.cmake.build:Building CMake package in '/home/seosuk/mujoco_crazyflie/src/flyingpen'
[0.230s] INFO:colcon.colcon_core.plugin_system:Skipping extension 'colcon_core.shell.bat': Not used on non-Windows systems
[0.230s] INFO:colcon.colcon_core.shell:Skip shell extension 'powershell' for command environment: Not usable outside of PowerShell
[0.230s] DEBUG:colcon.colcon_core.shell:Skip shell extension 'dsv' for command environment
[0.235s] DEBUG:colcon.colcon_core.event_handler.log_command:Invoking command in '/home/seosuk/mujoco_crazyflie/src/build/flyingpen': /usr/bin/cmake --build /home/seosuk/mujoco_crazyflie/src/build/flyingpen -- -j20 -l20
[12.585s] DEBUG:colcon.colcon_core.event_handler.log_command:Invoked command in '/home/seosuk/mujoco_crazyflie/src/build/flyingpen' returned '0': /usr/bin/cmake --build /home/seosuk/mujoco_crazyflie/src/build/flyingpen -- -j20 -l20
[12.600s] DEBUG:colcon.colcon_core.event_handler.log_command:Invoking command in '/home/seosuk/mujoco_crazyflie/src/build/flyingpen': /usr/bin/cmake --install /home/seosuk/mujoco_crazyflie/src/build/flyingpen
[12.631s] Level 1:colcon.colcon_core.environment:create_environment_scripts_only(flyingpen)
[12.631s] DEBUG:colcon.colcon_core.event_handler.log_command:Invoked command in '/home/seosuk/mujoco_crazyflie/src/build/flyingpen' returned '0': /usr/bin/cmake --install /home/seosuk/mujoco_crazyflie/src/build/flyingpen
[12.636s] Level 1:colcon.colcon_core.environment:checking '/home/seosuk/mujoco_crazyflie/src/install/flyingpen' for CMake module files
[12.637s] Level 1:colcon.colcon_core.environment:checking '/home/seosuk/mujoco_crazyflie/src/install/flyingpen' for CMake config files
[12.637s] Level 1:colcon.colcon_core.shell:create_environment_hook('flyingpen', 'cmake_prefix_path')
[12.638s] INFO:colcon.colcon_core.shell:Creating environment hook '/home/seosuk/mujoco_crazyflie/src/install/flyingpen/share/flyingpen/hook/cmake_prefix_path.ps1'
[12.639s] INFO:colcon.colcon_core.shell:Creating environment descriptor '/home/seosuk/mujoco_crazyflie/src/install/flyingpen/share/flyingpen/hook/cmake_prefix_path.dsv'
[12.640s] INFO:colcon.colcon_core.shell:Creating environment hook '/home/seosuk/mujoco_crazyflie/src/install/flyingpen/share/flyingpen/hook/cmake_prefix_path.sh'
[12.642s] Level 1:colcon.colcon_core.environment:checking '/home/seosuk/mujoco_crazyflie/src/install/flyingpen/lib'
[12.642s] Level 1:colcon.colcon_core.environment:checking '/home/seosuk/mujoco_crazyflie/src/install/flyingpen/bin'
[12.642s] Level 1:colcon.colcon_core.environment:checking '/home/seosuk/mujoco_crazyflie/src/install/flyingpen/lib/pkgconfig/flyingpen.pc'
[12.643s] Level 1:colcon.colcon_core.environment:checking '/home/seosuk/mujoco_crazyflie/src/install/flyingpen/lib/python3.10/site-packages'
[12.644s] Level 1:colcon.colcon_core.environment:checking '/home/seosuk/mujoco_crazyflie/src/install/flyingpen/bin'
[12.644s] INFO:colcon.colcon_core.shell:Creating package script '/home/seosuk/mujoco_crazyflie/src/install/flyingpen/share/flyingpen/package.ps1'
[12.646s] INFO:colcon.colcon_core.shell:Creating package descriptor '/home/seosuk/mujoco_crazyflie/src/install/flyingpen/share/flyingpen/package.dsv'
[12.647s] INFO:colcon.colcon_core.shell:Creating package script '/home/seosuk/mujoco_crazyflie/src/install/flyingpen/share/flyingpen/package.sh'
[12.648s] INFO:colcon.colcon_core.shell:Creating package script '/home/seosuk/mujoco_crazyflie/src/install/flyingpen/share/flyingpen/package.bash'
[12.649s] INFO:colcon.colcon_core.shell:Creating package script '/home/seosuk/mujoco_crazyflie/src/install/flyingpen/share/flyingpen/package.zsh'
[12.650s] Level 1:colcon.colcon_core.environment:create_file_with_runtime_dependencies(/home/seosuk/mujoco_crazyflie/src/install/flyingpen/share/colcon-core/packages/flyingpen)
[12.651s] Level 1:colcon.colcon_core.environment:create_environment_scripts_only(flyingpen)
[12.651s] Level 1:colcon.colcon_core.environment:checking '/home/seosuk/mujoco_crazyflie/src/install/flyingpen' for CMake module files
[12.652s] Level 1:colcon.colcon_core.environment:checking '/home/seosuk/mujoco_crazyflie/src/install/flyingpen' for CMake config files
[12.653s] Level 1:colcon.colcon_core.shell:create_environment_hook('flyingpen', 'cmake_prefix_path')
[12.653s] INFO:colcon.colcon_core.shell:Creating environment hook '/home/seosuk/mujoco_crazyflie/src/install/flyingpen/share/flyingpen/hook/cmake_prefix_path.ps1'
[12.654s] INFO:colcon.colcon_core.shell:Creating environment descriptor '/home/seosuk/mujoco_crazyflie/src/install/flyingpen/share/flyingpen/hook/cmake_prefix_path.dsv'
[12.654s] INFO:colcon.colcon_core.shell:Creating environment hook '/home/seosuk/mujoco_crazyflie/src/install/flyingpen/share/flyingpen/hook/cmake_prefix_path.sh'
[12.655s] Level 1:colcon.colcon_core.environment:checking '/home/seosuk/mujoco_crazyflie/src/install/flyingpen/lib'
[12.655s] Level 1:colcon.colcon_core.environment:checking '/home/seosuk/mujoco_crazyflie/src/install/flyingpen/bin'
[12.655s] Level 1:colcon.colcon_core.environment:checking '/home/seosuk/mujoco_crazyflie/src/install/flyingpen/lib/pkgconfig/flyingpen.pc'
[12.655s] Level 1:colcon.colcon_core.environment:checking '/home/seosuk/mujoco_crazyflie/src/install/flyingpen/lib/python3.10/site-packages'
[12.656s] Level 1:colcon.colcon_core.environment:checking '/home/seosuk/mujoco_crazyflie/src/install/flyingpen/bin'
[12.656s] INFO:colcon.colcon_core.shell:Creating package script '/home/seosuk/mujoco_crazyflie/src/install/flyingpen/share/flyingpen/package.ps1'
[12.657s] INFO:colcon.colcon_core.shell:Creating package descriptor '/home/seosuk/mujoco_crazyflie/src/install/flyingpen/share/flyingpen/package.dsv'
[12.658s] INFO:colcon.colcon_core.shell:Creating package script '/home/seosuk/mujoco_crazyflie/src/install/flyingpen/share/flyingpen/package.sh'
[12.658s] INFO:colcon.colcon_core.shell:Creating package script '/home/seosuk/mujoco_crazyflie/src/install/flyingpen/share/flyingpen/package.bash'
[12.659s] INFO:colcon.colcon_core.shell:Creating package script '/home/seosuk/mujoco_crazyflie/src/install/flyingpen/share/flyingpen/package.zsh'
[12.659s] Level 1:colcon.colcon_core.environment:create_file_with_runtime_dependencies(/home/seosuk/mujoco_crazyflie/src/install/flyingpen/share/colcon-core/packages/flyingpen)
[12.660s] DEBUG:colcon.colcon_parallel_executor.executor.parallel:closing loop
[12.660s] DEBUG:colcon.colcon_parallel_executor.executor.parallel:loop closed
[12.660s] DEBUG:colcon.colcon_parallel_executor.executor.parallel:run_until_complete finished with '0'
[12.660s] DEBUG:colcon.colcon_core.event_reactor:joining thread
[12.668s] INFO:colcon.colcon_core.plugin_system:Skipping extension 'colcon_notification.desktop_notification.terminal_notifier': Not used on non-Darwin systems
[12.668s] INFO:colcon.colcon_core.plugin_system:Skipping extension 'colcon_notification.desktop_notification.win32': Not used on non-Windows systems
[12.668s] INFO:colcon.colcon_notification.desktop_notification:Sending desktop notification using 'notify2'
[12.689s] DEBUG:colcon.colcon_core.event_reactor:joined thread
[12.689s] INFO:colcon.colcon_core.shell:Creating prefix script '/home/seosuk/mujoco_crazyflie/src/install/local_setup.ps1'
[12.691s] INFO:colcon.colcon_core.shell:Creating prefix util module '/home/seosuk/mujoco_crazyflie/src/install/_local_setup_util_ps1.py'
[12.692s] INFO:colcon.colcon_core.shell:Creating prefix chain script '/home/seosuk/mujoco_crazyflie/src/install/setup.ps1'
[12.694s] INFO:colcon.colcon_core.shell:Creating prefix script '/home/seosuk/mujoco_crazyflie/src/install/local_setup.sh'
[12.695s] INFO:colcon.colcon_core.shell:Creating prefix util module '/home/seosuk/mujoco_crazyflie/src/install/_local_setup_util_sh.py'
[12.695s] INFO:colcon.colcon_core.shell:Creating prefix chain script '/home/seosuk/mujoco_crazyflie/src/install/setup.sh'
[12.697s] INFO:colcon.colcon_core.shell:Creating prefix script '/home/seosuk/mujoco_crazyflie/src/install/local_setup.bash'
[12.698s] INFO:colcon.colcon_core.shell:Creating prefix chain script '/home/seosuk/mujoco_crazyflie/src/install/setup.bash'
[12.699s] INFO:colcon.colcon_core.shell:Creating prefix script '/home/seosuk/mujoco_crazyflie/src/install/local_setup.zsh'
[12.700s] INFO:colcon.colcon_core.shell:Creating prefix chain script '/home/seosuk/mujoco_crazyflie/src/install/setup.zsh'
