[0.070s] DEBUG:colcon:Command line arguments: ['/usr/bin/colcon', 'build', '--packages-select', 'flyingpen_interface']
[0.071s] DEBUG:colcon:Parsed command line arguments: Namespace(log_base=None, log_level=None, verb_name='build', build_base='build', install_base='install', merge_install=False, symlink_install=False, test_result_base=None, continue_on_error=False, executor='parallel', parallel_workers=20, event_handlers=None, ignore_user_meta=False, metas=['./colcon.meta'], base_paths=['.'], packages_ignore=None, packages_ignore_regex=None, paths=None, packages_up_to=None, packages_up_to_regex=None, packages_above=None, packages_above_and_dependencies=None, packages_above_depth=None, packages_select_by_dep=None, packages_skip_by_dep=None, packages_skip_up_to=None, packages_select_build_failed=False, packages_skip_build_finished=False, packages_select_test_failures=False, packages_skip_test_passed=False, packages_select=['flyingpen_interface'], packages_skip=None, packages_select_regex=None, packages_skip_regex=None, packages_start=None, packages_end=None, allow_overriding=[], cmake_args=None, cmake_target=None, cmake_target_skip_unavailable=False, cmake_clean_cache=False, cmake_clean_first=False, cmake_force_configure=False, ament_cmake_args=None, catkin_cmake_args=None, catkin_skip_building_tests=False, mixin_files=None, mixin=None, verb_parser=<colcon_mixin.mixin.mixin_argument.MixinArgumentDecorator object at 0x769bd9c961a0>, verb_extension=<colcon_core.verb.build.BuildVerb object at 0x769bd9c95b40>, main=<bound method BuildVerb.main of <colcon_core.verb.build.BuildVerb object at 0x769bd9c95b40>>, mixin_verb=('build',))
[0.096s] Level 1:colcon.colcon_core.package_discovery:discover_packages(colcon_meta) check parameters
[0.096s] Level 1:colcon.colcon_core.package_discovery:discover_packages(recursive) check parameters
[0.096s] Level 1:colcon.colcon_core.package_discovery:discover_packages(ignore) check parameters
[0.096s] Level 1:colcon.colcon_core.package_discovery:discover_packages(path) check parameters
[0.096s] Level 1:colcon.colcon_core.package_discovery:discover_packages(colcon_meta) discover
[0.096s] Level 1:colcon.colcon_core.package_discovery:discover_packages(recursive) discover
[0.096s] INFO:colcon.colcon_core.package_discovery:Crawling recursively for packages in '/home/seosuk/mujoco_crazyflie/src'
[0.096s] Level 1:colcon.colcon_core.package_identification:_identify(.) by extensions ['ignore', 'ignore_ament_install']
[0.096s] Level 1:colcon.colcon_core.package_identification:_identify(.) by extension 'ignore'
[0.096s] Level 1:colcon.colcon_core.package_identification:_identify(.) by extension 'ignore_ament_install'
[0.096s] Level 1:colcon.colcon_core.package_identification:_identify(.) by extensions ['colcon_pkg']
[0.096s] Level 1:colcon.colcon_core.package_identification:_identify(.) by extension 'colcon_pkg'
[0.096s] Level 1:colcon.colcon_core.package_identification:_identify(.) by extensions ['colcon_meta']
[0.096s] Level 1:colcon.colcon_core.package_identification:_identify(.) by extension 'colcon_meta'
[0.096s] Level 1:colcon.colcon_core.package_identification:_identify(.) by extensions ['ros']
[0.096s] Level 1:colcon.colcon_core.package_identification:_identify(.) by extension 'ros'
[0.106s] Level 1:colcon.colcon_core.package_identification:_identify(.) by extensions ['cmake', 'python']
[0.106s] Level 1:colcon.colcon_core.package_identification:_identify(.) by extension 'cmake'
[0.106s] Level 1:colcon.colcon_core.package_identification:_identify(.) by extension 'python'
[0.106s] Level 1:colcon.colcon_core.package_identification:_identify(.) by extensions ['python_setup_py']
[0.106s] Level 1:colcon.colcon_core.package_identification:_identify(.) by extension 'python_setup_py'
[0.106s] Level 1:colcon.colcon_core.package_identification:_identify(build) by extensions ['ignore', 'ignore_ament_install']
[0.106s] Level 1:colcon.colcon_core.package_identification:_identify(build) by extension 'ignore'
[0.106s] Level 1:colcon.colcon_core.package_identification:_identify(build) ignored
[0.106s] Level 1:colcon.colcon_core.package_identification:_identify(flyingpen) by extensions ['ignore', 'ignore_ament_install']
[0.106s] Level 1:colcon.colcon_core.package_identification:_identify(flyingpen) by extension 'ignore'
[0.106s] Level 1:colcon.colcon_core.package_identification:_identify(flyingpen) by extension 'ignore_ament_install'
[0.106s] Level 1:colcon.colcon_core.package_identification:_identify(flyingpen) by extensions ['colcon_pkg']
[0.106s] Level 1:colcon.colcon_core.package_identification:_identify(flyingpen) by extension 'colcon_pkg'
[0.106s] Level 1:colcon.colcon_core.package_identification:_identify(flyingpen) by extensions ['colcon_meta']
[0.106s] Level 1:colcon.colcon_core.package_identification:_identify(flyingpen) by extension 'colcon_meta'
[0.106s] Level 1:colcon.colcon_core.package_identification:_identify(flyingpen) by extensions ['ros']
[0.106s] Level 1:colcon.colcon_core.package_identification:_identify(flyingpen) by extension 'ros'
[0.108s] DEBUG:colcon.colcon_core.package_identification:Package 'flyingpen' with type 'ros.ament_cmake' and name 'flyingpen'
[0.108s] Level 1:colcon.colcon_core.package_identification:_identify(flyingpen_interface) by extensions ['ignore', 'ignore_ament_install']
[0.108s] Level 1:colcon.colcon_core.package_identification:_identify(flyingpen_interface) by extension 'ignore'
[0.108s] Level 1:colcon.colcon_core.package_identification:_identify(flyingpen_interface) by extension 'ignore_ament_install'
[0.108s] Level 1:colcon.colcon_core.package_identification:_identify(flyingpen_interface) by extensions ['colcon_pkg']
[0.108s] Level 1:colcon.colcon_core.package_identification:_identify(flyingpen_interface) by extension 'colcon_pkg'
[0.108s] Level 1:colcon.colcon_core.package_identification:_identify(flyingpen_interface) by extensions ['colcon_meta']
[0.108s] Level 1:colcon.colcon_core.package_identification:_identify(flyingpen_interface) by extension 'colcon_meta'
[0.109s] Level 1:colcon.colcon_core.package_identification:_identify(flyingpen_interface) by extensions ['ros']
[0.109s] Level 1:colcon.colcon_core.package_identification:_identify(flyingpen_interface) by extension 'ros'
[0.109s] DEBUG:colcon.colcon_core.package_identification:Package 'flyingpen_interface' with type 'ros.ament_cmake' and name 'flyingpen_interface'
[0.109s] Level 1:colcon.colcon_core.package_identification:_identify(flyingpen_plotter) by extensions ['ignore', 'ignore_ament_install']
[0.109s] Level 1:colcon.colcon_core.package_identification:_identify(flyingpen_plotter) by extension 'ignore'
[0.109s] Level 1:colcon.colcon_core.package_identification:_identify(flyingpen_plotter) by extension 'ignore_ament_install'
[0.109s] Level 1:colcon.colcon_core.package_identification:_identify(flyingpen_plotter) by extensions ['colcon_pkg']
[0.109s] Level 1:colcon.colcon_core.package_identification:_identify(flyingpen_plotter) by extension 'colcon_pkg'
[0.109s] Level 1:colcon.colcon_core.package_identification:_identify(flyingpen_plotter) by extensions ['colcon_meta']
[0.109s] Level 1:colcon.colcon_core.package_identification:_identify(flyingpen_plotter) by extension 'colcon_meta'
[0.109s] Level 1:colcon.colcon_core.package_identification:_identify(flyingpen_plotter) by extensions ['ros']
[0.109s] Level 1:colcon.colcon_core.package_identification:_identify(flyingpen_plotter) by extension 'ros'
[0.110s] DEBUG:colcon.colcon_core.package_identification:Package 'flyingpen_plotter' with type 'ros.ament_python' and name 'flyingpen_plotter'
[0.110s] Level 1:colcon.colcon_core.package_identification:_identify(install) by extensions ['ignore', 'ignore_ament_install']
[0.110s] Level 1:colcon.colcon_core.package_identification:_identify(install) by extension 'ignore'
[0.110s] Level 1:colcon.colcon_core.package_identification:_identify(install) ignored
[0.110s] Level 1:colcon.colcon_core.package_identification:_identify(log) by extensions ['ignore', 'ignore_ament_install']
[0.110s] Level 1:colcon.colcon_core.package_identification:_identify(log) by extension 'ignore'
[0.110s] Level 1:colcon.colcon_core.package_identification:_identify(log) ignored
[0.110s] Level 1:colcon.colcon_core.package_identification:_identify(low_level_controller) by extensions ['ignore', 'ignore_ament_install']
[0.110s] Level 1:colcon.colcon_core.package_identification:_identify(low_level_controller) by extension 'ignore'
[0.110s] Level 1:colcon.colcon_core.package_identification:_identify(low_level_controller) by extension 'ignore_ament_install'
[0.110s] Level 1:colcon.colcon_core.package_identification:_identify(low_level_controller) by extensions ['colcon_pkg']
[0.110s] Level 1:colcon.colcon_core.package_identification:_identify(low_level_controller) by extension 'colcon_pkg'
[0.110s] Level 1:colcon.colcon_core.package_identification:_identify(low_level_controller) by extensions ['colcon_meta']
[0.110s] Level 1:colcon.colcon_core.package_identification:_identify(low_level_controller) by extension 'colcon_meta'
[0.110s] Level 1:colcon.colcon_core.package_identification:_identify(low_level_controller) by extensions ['ros']
[0.110s] Level 1:colcon.colcon_core.package_identification:_identify(low_level_controller) by extension 'ros'
[0.111s] DEBUG:colcon.colcon_core.package_identification:Package 'low_level_controller' with type 'ros.ament_cmake' and name 'low_level_controller'
[0.111s] Level 1:colcon.colcon_core.package_identification:_identify(mujoco_bridge) by extensions ['ignore', 'ignore_ament_install']
[0.111s] Level 1:colcon.colcon_core.package_identification:_identify(mujoco_bridge) by extension 'ignore'
[0.111s] Level 1:colcon.colcon_core.package_identification:_identify(mujoco_bridge) by extension 'ignore_ament_install'
[0.111s] Level 1:colcon.colcon_core.package_identification:_identify(mujoco_bridge) by extensions ['colcon_pkg']
[0.111s] Level 1:colcon.colcon_core.package_identification:_identify(mujoco_bridge) by extension 'colcon_pkg'
[0.111s] Level 1:colcon.colcon_core.package_identification:_identify(mujoco_bridge) by extensions ['colcon_meta']
[0.111s] Level 1:colcon.colcon_core.package_identification:_identify(mujoco_bridge) by extension 'colcon_meta'
[0.111s] Level 1:colcon.colcon_core.package_identification:_identify(mujoco_bridge) by extensions ['ros']
[0.111s] Level 1:colcon.colcon_core.package_identification:_identify(mujoco_bridge) by extension 'ros'
[0.111s] DEBUG:colcon.colcon_core.package_identification:Package 'mujoco_bridge' with type 'ros.ament_cmake' and name 'mujoco_bridge'
[0.112s] Level 1:colcon.colcon_core.package_identification:_identify(plant) by extensions ['ignore', 'ignore_ament_install']
[0.112s] Level 1:colcon.colcon_core.package_identification:_identify(plant) by extension 'ignore'
[0.112s] Level 1:colcon.colcon_core.package_identification:_identify(plant) by extension 'ignore_ament_install'
[0.112s] Level 1:colcon.colcon_core.package_identification:_identify(plant) by extensions ['colcon_pkg']
[0.112s] Level 1:colcon.colcon_core.package_identification:_identify(plant) by extension 'colcon_pkg'
[0.112s] Level 1:colcon.colcon_core.package_identification:_identify(plant) by extensions ['colcon_meta']
[0.112s] Level 1:colcon.colcon_core.package_identification:_identify(plant) by extension 'colcon_meta'
[0.112s] Level 1:colcon.colcon_core.package_identification:_identify(plant) by extensions ['ros']
[0.112s] Level 1:colcon.colcon_core.package_identification:_identify(plant) by extension 'ros'
[0.112s] DEBUG:colcon.colcon_core.package_identification:Package 'plant' with type 'ros.ament_python' and name 'plant'
[0.112s] Level 1:colcon.colcon_core.package_discovery:discover_packages(recursive) using defaults
[0.112s] Level 1:colcon.colcon_core.package_discovery:discover_packages(ignore) discover
[0.112s] Level 1:colcon.colcon_core.package_discovery:discover_packages(ignore) using defaults
[0.112s] Level 1:colcon.colcon_core.package_discovery:discover_packages(path) discover
[0.112s] Level 1:colcon.colcon_core.package_discovery:discover_packages(path) using defaults
[0.127s] INFO:colcon.colcon_core.package_selection:Skipping not selected package 'flyingpen' in 'flyingpen'
[0.127s] INFO:colcon.colcon_core.package_selection:Skipping not selected package 'flyingpen_plotter' in 'flyingpen_plotter'
[0.127s] INFO:colcon.colcon_core.package_selection:Skipping not selected package 'low_level_controller' in 'low_level_controller'
[0.127s] INFO:colcon.colcon_core.package_selection:Skipping not selected package 'mujoco_bridge' in 'mujoco_bridge'
[0.128s] INFO:colcon.colcon_core.package_selection:Skipping not selected package 'plant' in 'plant'
[0.128s] Level 1:colcon.colcon_core.package_discovery:discover_packages(prefix_path) check parameters
[0.128s] Level 1:colcon.colcon_core.package_discovery:discover_packages(prefix_path) discover
[0.133s] DEBUG:colcon.colcon_installed_package_information.package_discovery:Found 19 installed packages in /home/seosuk/sitl_ws/install
[0.136s] DEBUG:colcon.colcon_installed_package_information.package_discovery:Found 294 installed packages in /opt/ros/humble
[0.138s] Level 1:colcon.colcon_core.package_discovery:discover_packages(prefix_path) using defaults
[0.180s] Level 5:colcon.colcon_core.verb:set package 'flyingpen_interface' build argument 'cmake_args' from command line to 'None'
[0.180s] Level 5:colcon.colcon_core.verb:set package 'flyingpen_interface' build argument 'cmake_target' from command line to 'None'
[0.180s] Level 5:colcon.colcon_core.verb:set package 'flyingpen_interface' build argument 'cmake_target_skip_unavailable' from command line to 'False'
[0.180s] Level 5:colcon.colcon_core.verb:set package 'flyingpen_interface' build argument 'cmake_clean_cache' from command line to 'False'
[0.180s] Level 5:colcon.colcon_core.verb:set package 'flyingpen_interface' build argument 'cmake_clean_first' from command line to 'False'
[0.180s] Level 5:colcon.colcon_core.verb:set package 'flyingpen_interface' build argument 'cmake_force_configure' from command line to 'False'
[0.180s] Level 5:colcon.colcon_core.verb:set package 'flyingpen_interface' build argument 'ament_cmake_args' from command line to 'None'
[0.180s] Level 5:colcon.colcon_core.verb:set package 'flyingpen_interface' build argument 'catkin_cmake_args' from command line to 'None'
[0.180s] Level 5:colcon.colcon_core.verb:set package 'flyingpen_interface' build argument 'catkin_skip_building_tests' from command line to 'False'
[0.180s] DEBUG:colcon.colcon_core.verb:Building package 'flyingpen_interface' with the following arguments: {'ament_cmake_args': None, 'build_base': '/home/seosuk/mujoco_crazyflie/src/build/flyingpen_interface', 'catkin_cmake_args': None, 'catkin_skip_building_tests': False, 'cmake_args': None, 'cmake_clean_cache': False, 'cmake_clean_first': False, 'cmake_force_configure': False, 'cmake_target': None, 'cmake_target_skip_unavailable': False, 'install_base': '/home/seosuk/mujoco_crazyflie/src/install/flyingpen_interface', 'merge_install': False, 'path': '/home/seosuk/mujoco_crazyflie/src/flyingpen_interface', 'symlink_install': False, 'test_result_base': None}
[0.180s] INFO:colcon.colcon_core.executor:Executing jobs using 'parallel' executor
[0.181s] DEBUG:colcon.colcon_parallel_executor.executor.parallel:run_until_complete
[0.181s] INFO:colcon.colcon_ros.task.ament_cmake.build:Building ROS package in '/home/seosuk/mujoco_crazyflie/src/flyingpen_interface' with build type 'ament_cmake'
[0.181s] INFO:colcon.colcon_cmake.task.cmake.build:Building CMake package in '/home/seosuk/mujoco_crazyflie/src/flyingpen_interface'
[0.183s] INFO:colcon.colcon_core.plugin_system:Skipping extension 'colcon_core.shell.bat': Not used on non-Windows systems
[0.183s] INFO:colcon.colcon_core.shell:Skip shell extension 'powershell' for command environment: Not usable outside of PowerShell
[0.183s] DEBUG:colcon.colcon_core.shell:Skip shell extension 'dsv' for command environment
[0.190s] DEBUG:colcon.colcon_core.event_handler.log_command:Invoking command in '/home/seosuk/mujoco_crazyflie/src/build/flyingpen_interface': CMAKE_PREFIX_PATH=${CMAKE_PREFIX_PATH}:/home/seosuk/sitl_ws/install/px4_offboard:/home/seosuk/sitl_ws/install/crazyflie_py /usr/bin/cmake --build /home/seosuk/mujoco_crazyflie/src/build/flyingpen_interface -- -j20 -l20
[45.186s] DEBUG:colcon.colcon_core.event_handler.log_command:Invoked command in '/home/seosuk/mujoco_crazyflie/src/build/flyingpen_interface' returned '0': CMAKE_PREFIX_PATH=${CMAKE_PREFIX_PATH}:/home/seosuk/sitl_ws/install/px4_offboard:/home/seosuk/sitl_ws/install/crazyflie_py /usr/bin/cmake --build /home/seosuk/mujoco_crazyflie/src/build/flyingpen_interface -- -j20 -l20
[45.206s] DEBUG:colcon.colcon_core.event_handler.log_command:Invoking command in '/home/seosuk/mujoco_crazyflie/src/build/flyingpen_interface': CMAKE_PREFIX_PATH=${CMAKE_PREFIX_PATH}:/home/seosuk/sitl_ws/install/px4_offboard:/home/seosuk/sitl_ws/install/crazyflie_py /usr/bin/cmake --install /home/seosuk/mujoco_crazyflie/src/build/flyingpen_interface
[45.248s] Level 1:colcon.colcon_core.environment:create_environment_scripts_only(flyingpen_interface)
[45.255s] DEBUG:colcon.colcon_core.event_handler.log_command:Invoked command in '/home/seosuk/mujoco_crazyflie/src/build/flyingpen_interface' returned '0': CMAKE_PREFIX_PATH=${CMAKE_PREFIX_PATH}:/home/seosuk/sitl_ws/install/px4_offboard:/home/seosuk/sitl_ws/install/crazyflie_py /usr/bin/cmake --install /home/seosuk/mujoco_crazyflie/src/build/flyingpen_interface
[45.259s] Level 1:colcon.colcon_core.environment:checking '/home/seosuk/mujoco_crazyflie/src/install/flyingpen_interface' for CMake module files
[45.260s] Level 1:colcon.colcon_core.environment:checking '/home/seosuk/mujoco_crazyflie/src/install/flyingpen_interface' for CMake config files
[45.261s] Level 1:colcon.colcon_core.shell:create_environment_hook('flyingpen_interface', 'cmake_prefix_path')
[45.261s] INFO:colcon.colcon_core.shell:Creating environment hook '/home/seosuk/mujoco_crazyflie/src/install/flyingpen_interface/share/flyingpen_interface/hook/cmake_prefix_path.ps1'
[45.263s] INFO:colcon.colcon_core.shell:Creating environment descriptor '/home/seosuk/mujoco_crazyflie/src/install/flyingpen_interface/share/flyingpen_interface/hook/cmake_prefix_path.dsv'
[45.264s] INFO:colcon.colcon_core.shell:Creating environment hook '/home/seosuk/mujoco_crazyflie/src/install/flyingpen_interface/share/flyingpen_interface/hook/cmake_prefix_path.sh'
[45.265s] Level 1:colcon.colcon_core.environment:checking '/home/seosuk/mujoco_crazyflie/src/install/flyingpen_interface/lib'
[45.266s] Level 1:colcon.colcon_core.environment:checking '/home/seosuk/mujoco_crazyflie/src/install/flyingpen_interface/bin'
[45.266s] Level 1:colcon.colcon_core.environment:checking '/home/seosuk/mujoco_crazyflie/src/install/flyingpen_interface/lib/pkgconfig/flyingpen_interface.pc'
[45.266s] Level 1:colcon.colcon_core.environment:checking '/home/seosuk/mujoco_crazyflie/src/install/flyingpen_interface/lib/python3.10/site-packages'
[45.267s] Level 1:colcon.colcon_core.environment:checking '/home/seosuk/mujoco_crazyflie/src/install/flyingpen_interface/bin'
[45.268s] INFO:colcon.colcon_core.shell:Creating package script '/home/seosuk/mujoco_crazyflie/src/install/flyingpen_interface/share/flyingpen_interface/package.ps1'
[45.270s] INFO:colcon.colcon_core.shell:Creating package descriptor '/home/seosuk/mujoco_crazyflie/src/install/flyingpen_interface/share/flyingpen_interface/package.dsv'
[45.271s] INFO:colcon.colcon_core.shell:Creating package script '/home/seosuk/mujoco_crazyflie/src/install/flyingpen_interface/share/flyingpen_interface/package.sh'
[45.272s] INFO:colcon.colcon_core.shell:Creating package script '/home/seosuk/mujoco_crazyflie/src/install/flyingpen_interface/share/flyingpen_interface/package.bash'
[45.273s] INFO:colcon.colcon_core.shell:Creating package script '/home/seosuk/mujoco_crazyflie/src/install/flyingpen_interface/share/flyingpen_interface/package.zsh'
[45.275s] Level 1:colcon.colcon_core.environment:create_file_with_runtime_dependencies(/home/seosuk/mujoco_crazyflie/src/install/flyingpen_interface/share/colcon-core/packages/flyingpen_interface)
[45.276s] Level 1:colcon.colcon_core.environment:create_environment_scripts_only(flyingpen_interface)
[45.276s] Level 1:colcon.colcon_core.environment:checking '/home/seosuk/mujoco_crazyflie/src/install/flyingpen_interface' for CMake module files
[45.277s] Level 1:colcon.colcon_core.environment:checking '/home/seosuk/mujoco_crazyflie/src/install/flyingpen_interface' for CMake config files
[45.277s] Level 1:colcon.colcon_core.shell:create_environment_hook('flyingpen_interface', 'cmake_prefix_path')
[45.278s] INFO:colcon.colcon_core.shell:Creating environment hook '/home/seosuk/mujoco_crazyflie/src/install/flyingpen_interface/share/flyingpen_interface/hook/cmake_prefix_path.ps1'
[45.279s] INFO:colcon.colcon_core.shell:Creating environment descriptor '/home/seosuk/mujoco_crazyflie/src/install/flyingpen_interface/share/flyingpen_interface/hook/cmake_prefix_path.dsv'
[45.279s] INFO:colcon.colcon_core.shell:Creating environment hook '/home/seosuk/mujoco_crazyflie/src/install/flyingpen_interface/share/flyingpen_interface/hook/cmake_prefix_path.sh'
[45.280s] Level 1:colcon.colcon_core.environment:checking '/home/seosuk/mujoco_crazyflie/src/install/flyingpen_interface/lib'
[45.280s] Level 1:colcon.colcon_core.environment:checking '/home/seosuk/mujoco_crazyflie/src/install/flyingpen_interface/bin'
[45.280s] Level 1:colcon.colcon_core.environment:checking '/home/seosuk/mujoco_crazyflie/src/install/flyingpen_interface/lib/pkgconfig/flyingpen_interface.pc'
[45.281s] Level 1:colcon.colcon_core.environment:checking '/home/seosuk/mujoco_crazyflie/src/install/flyingpen_interface/lib/python3.10/site-packages'
[45.282s] Level 1:colcon.colcon_core.environment:checking '/home/seosuk/mujoco_crazyflie/src/install/flyingpen_interface/bin'
[45.282s] INFO:colcon.colcon_core.shell:Creating package script '/home/seosuk/mujoco_crazyflie/src/install/flyingpen_interface/share/flyingpen_interface/package.ps1'
[45.283s] INFO:colcon.colcon_core.shell:Creating package descriptor '/home/seosuk/mujoco_crazyflie/src/install/flyingpen_interface/share/flyingpen_interface/package.dsv'
[45.284s] INFO:colcon.colcon_core.shell:Creating package script '/home/seosuk/mujoco_crazyflie/src/install/flyingpen_interface/share/flyingpen_interface/package.sh'
[45.285s] INFO:colcon.colcon_core.shell:Creating package script '/home/seosuk/mujoco_crazyflie/src/install/flyingpen_interface/share/flyingpen_interface/package.bash'
[45.286s] INFO:colcon.colcon_core.shell:Creating package script '/home/seosuk/mujoco_crazyflie/src/install/flyingpen_interface/share/flyingpen_interface/package.zsh'
[45.286s] Level 1:colcon.colcon_core.environment:create_file_with_runtime_dependencies(/home/seosuk/mujoco_crazyflie/src/install/flyingpen_interface/share/colcon-core/packages/flyingpen_interface)
[45.287s] DEBUG:colcon.colcon_parallel_executor.executor.parallel:closing loop
[45.288s] DEBUG:colcon.colcon_parallel_executor.executor.parallel:loop closed
[45.288s] DEBUG:colcon.colcon_parallel_executor.executor.parallel:run_until_complete finished with '0'
[45.288s] DEBUG:colcon.colcon_core.event_reactor:joining thread
[45.302s] INFO:colcon.colcon_core.plugin_system:Skipping extension 'colcon_notification.desktop_notification.terminal_notifier': Not used on non-Darwin systems
[45.303s] INFO:colcon.colcon_core.plugin_system:Skipping extension 'colcon_notification.desktop_notification.win32': Not used on non-Windows systems
[45.303s] INFO:colcon.colcon_notification.desktop_notification:Sending desktop notification using 'notify2'
[45.339s] DEBUG:colcon.colcon_core.event_reactor:joined thread
[45.339s] INFO:colcon.colcon_core.shell:Creating prefix script '/home/seosuk/mujoco_crazyflie/src/install/local_setup.ps1'
[45.341s] INFO:colcon.colcon_core.shell:Creating prefix util module '/home/seosuk/mujoco_crazyflie/src/install/_local_setup_util_ps1.py'
[45.344s] INFO:colcon.colcon_core.shell:Creating prefix chain script '/home/seosuk/mujoco_crazyflie/src/install/setup.ps1'
[45.346s] INFO:colcon.colcon_core.shell:Creating prefix script '/home/seosuk/mujoco_crazyflie/src/install/local_setup.sh'
[45.348s] INFO:colcon.colcon_core.shell:Creating prefix util module '/home/seosuk/mujoco_crazyflie/src/install/_local_setup_util_sh.py'
[45.350s] INFO:colcon.colcon_core.shell:Creating prefix chain script '/home/seosuk/mujoco_crazyflie/src/install/setup.sh'
[45.355s] INFO:colcon.colcon_core.shell:Creating prefix script '/home/seosuk/mujoco_crazyflie/src/install/local_setup.bash'
[45.356s] INFO:colcon.colcon_core.shell:Creating prefix chain script '/home/seosuk/mujoco_crazyflie/src/install/setup.bash'
[45.360s] INFO:colcon.colcon_core.shell:Creating prefix script '/home/seosuk/mujoco_crazyflie/src/install/local_setup.zsh'
[45.362s] INFO:colcon.colcon_core.shell:Creating prefix chain script '/home/seosuk/mujoco_crazyflie/src/install/setup.zsh'
