[0.007s] Invoking command in '/home/seosuk/mujoco_crazyflie/src/build/flyingpen_interface': /usr/bin/cmake --build /home/seosuk/mujoco_crazyflie/src/build/flyingpen_interface -- -j20 -l20
[0.042s] Consolidate compiler generated dependencies of target rviz_visual
[0.050s] [ 25%] Built target fk_ik_transform
[0.052s] [ 50%] Built target command_publisher
[0.054s] [ 75%] Built target data_logger
[0.054s] [ 87%] Building CXX object CMakeFiles/rviz_visual.dir/src/rviz_visual.cpp.o
[1.774s] /home/seosuk/mujoco_crazyflie/src/flyingpen_interface/src/rviz_visual.cpp: In member function ‘void RvizVisual::loop_publish()’:
[1.775s] /home/seosuk/mujoco_crazyflie/src/flyingpen_interface/src/rviz_visual.cpp:895:9: error: ‘thin_shaft’ was not declared in this scope
[1.775s]   895 |         thin_shaft,
[1.775s]       |         ^~~~~~~~~~
[1.779s] /home/seosuk/mujoco_crazyflie/src/flyingpen_interface/src/rviz_visual.cpp:896:9: error: ‘thin_head_diam’ was not declared in this scope; did you mean ‘arrow_head_diam_’?
[1.779s]   896 |         thin_head_diam,
[1.779s]       |         ^~~~~~~~~~~~~~
[1.779s]       |         arrow_head_diam_
[1.783s] /home/seosuk/mujoco_crazyflie/src/flyingpen_interface/src/rviz_visual.cpp:897:9: error: ‘thin_head_len’ was not declared in this scope
[1.783s]   897 |         thin_head_len,
[1.783s]       |         ^~~~~~~~~~~~~
[1.787s] /home/seosuk/mujoco_crazyflie/src/flyingpen_interface/src/rviz_visual.cpp:910:9: error: ‘thin_shaft’ was not declared in this scope
[1.787s]   910 |         thin_shaft,
[1.787s]       |         ^~~~~~~~~~
[1.791s] /home/seosuk/mujoco_crazyflie/src/flyingpen_interface/src/rviz_visual.cpp:911:9: error: ‘thin_head_diam’ was not declared in this scope; did you mean ‘arrow_head_diam_’?
[1.791s]   911 |         thin_head_diam,
[1.791s]       |         ^~~~~~~~~~~~~~
[1.791s]       |         arrow_head_diam_
[1.796s] /home/seosuk/mujoco_crazyflie/src/flyingpen_interface/src/rviz_visual.cpp:912:9: error: ‘thin_head_len’ was not declared in this scope
[1.796s]   912 |         thin_head_len,
[1.796s]       |         ^~~~~~~~~~~~~
[1.800s] /home/seosuk/mujoco_crazyflie/src/flyingpen_interface/src/rviz_visual.cpp:925:9: error: ‘thin_shaft’ was not declared in this scope
[1.800s]   925 |         thin_shaft,
[1.800s]       |         ^~~~~~~~~~
[1.804s] /home/seosuk/mujoco_crazyflie/src/flyingpen_interface/src/rviz_visual.cpp:926:9: error: ‘thin_head_diam’ was not declared in this scope; did you mean ‘arrow_head_diam_’?
[1.804s]   926 |         thin_head_diam,
[1.804s]       |         ^~~~~~~~~~~~~~
[1.804s]       |         arrow_head_diam_
[1.808s] /home/seosuk/mujoco_crazyflie/src/flyingpen_interface/src/rviz_visual.cpp:927:9: error: ‘thin_head_len’ was not declared in this scope
[1.808s]   927 |         thin_head_len,
[1.808s]       |         ^~~~~~~~~~~~~
[1.812s] /home/seosuk/mujoco_crazyflie/src/flyingpen_interface/src/rviz_visual.cpp:939:9: error: ‘thin_shaft’ was not declared in this scope
[1.812s]   939 |         thin_shaft,
[1.813s]       |         ^~~~~~~~~~
[1.817s] /home/seosuk/mujoco_crazyflie/src/flyingpen_interface/src/rviz_visual.cpp:940:9: error: ‘thin_head_diam’ was not declared in this scope; did you mean ‘arrow_head_diam_’?
[1.817s]   940 |         thin_head_diam,
[1.817s]       |         ^~~~~~~~~~~~~~
[1.817s]       |         arrow_head_diam_
[1.821s] /home/seosuk/mujoco_crazyflie/src/flyingpen_interface/src/rviz_visual.cpp:941:9: error: ‘thin_head_len’ was not declared in this scope
[1.821s]   941 |         thin_head_len,
[1.821s]       |         ^~~~~~~~~~~~~
[5.489s] gmake[2]: *** [CMakeFiles/rviz_visual.dir/build.make:76: CMakeFiles/rviz_visual.dir/src/rviz_visual.cpp.o] 오류 1
[5.489s] gmake[1]: *** [CMakeFiles/Makefile2:195: CMakeFiles/rviz_visual.dir/all] 오류 2
[5.489s] gmake: *** [Makefile:146: all] 오류 2
[5.492s] Invoked command in '/home/seosuk/mujoco_crazyflie/src/build/flyingpen_interface' returned '2': /usr/bin/cmake --build /home/seosuk/mujoco_crazyflie/src/build/flyingpen_interface -- -j20 -l20
