[0.061s] DEBUG:colcon:Command line arguments: ['/usr/bin/colcon', 'build', '--packages-select', 'mujoco_bridge']
[0.061s] DEBUG:colcon:Parsed command line arguments: Namespace(log_base=None, log_level=None, verb_name='build', build_base='build', install_base='install', merge_install=False, symlink_install=False, test_result_base=None, continue_on_error=False, executor='parallel', parallel_workers=20, event_handlers=None, ignore_user_meta=False, metas=['./colcon.meta'], base_paths=['.'], packages_ignore=None, packages_ignore_regex=None, paths=None, packages_up_to=None, packages_up_to_regex=None, packages_above=None, packages_above_and_dependencies=None, packages_above_depth=None, packages_select_by_dep=None, packages_skip_by_dep=None, packages_skip_up_to=None, packages_select_build_failed=False, packages_skip_build_finished=False, packages_select_test_failures=False, packages_skip_test_passed=False, packages_select=['mujoco_bridge'], packages_skip=None, packages_select_regex=None, packages_skip_regex=None, packages_start=None, packages_end=None, allow_overriding=[], cmake_args=None, cmake_target=None, cmake_target_skip_unavailable=False, cmake_clean_cache=False, cmake_clean_first=False, cmake_force_configure=False, ament_cmake_args=None, catkin_cmake_args=None, catkin_skip_building_tests=False, mixin_files=None, mixin=None, verb_parser=<colcon_mixin.mixin.mixin_argument.MixinArgumentDecorator object at 0x73e0e8d921a0>, verb_extension=<colcon_core.verb.build.BuildVerb object at 0x73e0e8d91b40>, main=<bound method BuildVerb.main of <colcon_core.verb.build.BuildVerb object at 0x73e0e8d91b40>>, mixin_verb=('build',))
[0.083s] Level 1:colcon.colcon_core.package_discovery:discover_packages(colcon_meta) check parameters
[0.084s] Level 1:colcon.colcon_core.package_discovery:discover_packages(recursive) check parameters
[0.084s] Level 1:colcon.colcon_core.package_discovery:discover_packages(ignore) check parameters
[0.084s] Level 1:colcon.colcon_core.package_discovery:discover_packages(path) check parameters
[0.084s] Level 1:colcon.colcon_core.package_discovery:discover_packages(colcon_meta) discover
[0.084s] Level 1:colcon.colcon_core.package_discovery:discover_packages(recursive) discover
[0.084s] INFO:colcon.colcon_core.package_discovery:Crawling recursively for packages in '/home/seosuk/mujoco_crazyflie/src'
[0.084s] Level 1:colcon.colcon_core.package_identification:_identify(.) by extensions ['ignore', 'ignore_ament_install']
[0.084s] Level 1:colcon.colcon_core.package_identification:_identify(.) by extension 'ignore'
[0.084s] Level 1:colcon.colcon_core.package_identification:_identify(.) by extension 'ignore_ament_install'
[0.084s] Level 1:colcon.colcon_core.package_identification:_identify(.) by extensions ['colcon_pkg']
[0.084s] Level 1:colcon.colcon_core.package_identification:_identify(.) by extension 'colcon_pkg'
[0.084s] Level 1:colcon.colcon_core.package_identification:_identify(.) by extensions ['colcon_meta']
[0.084s] Level 1:colcon.colcon_core.package_identification:_identify(.) by extension 'colcon_meta'
[0.084s] Level 1:colcon.colcon_core.package_identification:_identify(.) by extensions ['ros']
[0.084s] Level 1:colcon.colcon_core.package_identification:_identify(.) by extension 'ros'
[0.092s] Level 1:colcon.colcon_core.package_identification:_identify(.) by extensions ['cmake', 'python']
[0.092s] Level 1:colcon.colcon_core.package_identification:_identify(.) by extension 'cmake'
[0.092s] Level 1:colcon.colcon_core.package_identification:_identify(.) by extension 'python'
[0.092s] Level 1:colcon.colcon_core.package_identification:_identify(.) by extensions ['python_setup_py']
[0.092s] Level 1:colcon.colcon_core.package_identification:_identify(.) by extension 'python_setup_py'
[0.092s] Level 1:colcon.colcon_core.package_identification:_identify(build) by extensions ['ignore', 'ignore_ament_install']
[0.092s] Level 1:colcon.colcon_core.package_identification:_identify(build) by extension 'ignore'
[0.092s] Level 1:colcon.colcon_core.package_identification:_identify(build) ignored
[0.092s] Level 1:colcon.colcon_core.package_identification:_identify(flyingpen) by extensions ['ignore', 'ignore_ament_install']
[0.093s] Level 1:colcon.colcon_core.package_identification:_identify(flyingpen) by extension 'ignore'
[0.093s] Level 1:colcon.colcon_core.package_identification:_identify(flyingpen) by extension 'ignore_ament_install'
[0.093s] Level 1:colcon.colcon_core.package_identification:_identify(flyingpen) by extensions ['colcon_pkg']
[0.093s] Level 1:colcon.colcon_core.package_identification:_identify(flyingpen) by extension 'colcon_pkg'
[0.093s] Level 1:colcon.colcon_core.package_identification:_identify(flyingpen) by extensions ['colcon_meta']
[0.093s] Level 1:colcon.colcon_core.package_identification:_identify(flyingpen) by extension 'colcon_meta'
[0.093s] Level 1:colcon.colcon_core.package_identification:_identify(flyingpen) by extensions ['ros']
[0.093s] Level 1:colcon.colcon_core.package_identification:_identify(flyingpen) by extension 'ros'
[0.094s] DEBUG:colcon.colcon_core.package_identification:Package 'flyingpen' with type 'ros.ament_cmake' and name 'flyingpen'
[0.094s] Level 1:colcon.colcon_core.package_identification:_identify(flyingpen_interface) by extensions ['ignore', 'ignore_ament_install']
[0.094s] Level 1:colcon.colcon_core.package_identification:_identify(flyingpen_interface) by extension 'ignore'
[0.094s] Level 1:colcon.colcon_core.package_identification:_identify(flyingpen_interface) by extension 'ignore_ament_install'
[0.094s] Level 1:colcon.colcon_core.package_identification:_identify(flyingpen_interface) by extensions ['colcon_pkg']
[0.094s] Level 1:colcon.colcon_core.package_identification:_identify(flyingpen_interface) by extension 'colcon_pkg'
[0.094s] Level 1:colcon.colcon_core.package_identification:_identify(flyingpen_interface) by extensions ['colcon_meta']
[0.094s] Level 1:colcon.colcon_core.package_identification:_identify(flyingpen_interface) by extension 'colcon_meta'
[0.094s] Level 1:colcon.colcon_core.package_identification:_identify(flyingpen_interface) by extensions ['ros']
[0.094s] Level 1:colcon.colcon_core.package_identification:_identify(flyingpen_interface) by extension 'ros'
[0.095s] DEBUG:colcon.colcon_core.package_identification:Package 'flyingpen_interface' with type 'ros.ament_cmake' and name 'flyingpen_interface'
[0.095s] Level 1:colcon.colcon_core.package_identification:_identify(flyingpen_plotter) by extensions ['ignore', 'ignore_ament_install']
[0.095s] Level 1:colcon.colcon_core.package_identification:_identify(flyingpen_plotter) by extension 'ignore'
[0.095s] Level 1:colcon.colcon_core.package_identification:_identify(flyingpen_plotter) by extension 'ignore_ament_install'
[0.095s] Level 1:colcon.colcon_core.package_identification:_identify(flyingpen_plotter) by extensions ['colcon_pkg']
[0.095s] Level 1:colcon.colcon_core.package_identification:_identify(flyingpen_plotter) by extension 'colcon_pkg'
[0.095s] Level 1:colcon.colcon_core.package_identification:_identify(flyingpen_plotter) by extensions ['colcon_meta']
[0.095s] Level 1:colcon.colcon_core.package_identification:_identify(flyingpen_plotter) by extension 'colcon_meta'
[0.095s] Level 1:colcon.colcon_core.package_identification:_identify(flyingpen_plotter) by extensions ['ros']
[0.095s] Level 1:colcon.colcon_core.package_identification:_identify(flyingpen_plotter) by extension 'ros'
[0.095s] DEBUG:colcon.colcon_core.package_identification:Package 'flyingpen_plotter' with type 'ros.ament_python' and name 'flyingpen_plotter'
[0.095s] Level 1:colcon.colcon_core.package_identification:_identify(install) by extensions ['ignore', 'ignore_ament_install']
[0.095s] Level 1:colcon.colcon_core.package_identification:_identify(install) by extension 'ignore'
[0.095s] Level 1:colcon.colcon_core.package_identification:_identify(install) ignored
[0.095s] Level 1:colcon.colcon_core.package_identification:_identify(log) by extensions ['ignore', 'ignore_ament_install']
[0.096s] Level 1:colcon.colcon_core.package_identification:_identify(log) by extension 'ignore'
[0.096s] Level 1:colcon.colcon_core.package_identification:_identify(log) ignored
[0.096s] Level 1:colcon.colcon_core.package_identification:_identify(low_level_controller) by extensions ['ignore', 'ignore_ament_install']
[0.096s] Level 1:colcon.colcon_core.package_identification:_identify(low_level_controller) by extension 'ignore'
[0.096s] Level 1:colcon.colcon_core.package_identification:_identify(low_level_controller) by extension 'ignore_ament_install'
[0.096s] Level 1:colcon.colcon_core.package_identification:_identify(low_level_controller) by extensions ['colcon_pkg']
[0.096s] Level 1:colcon.colcon_core.package_identification:_identify(low_level_controller) by extension 'colcon_pkg'
[0.096s] Level 1:colcon.colcon_core.package_identification:_identify(low_level_controller) by extensions ['colcon_meta']
[0.096s] Level 1:colcon.colcon_core.package_identification:_identify(low_level_controller) by extension 'colcon_meta'
[0.096s] Level 1:colcon.colcon_core.package_identification:_identify(low_level_controller) by extensions ['ros']
[0.096s] Level 1:colcon.colcon_core.package_identification:_identify(low_level_controller) by extension 'ros'
[0.096s] DEBUG:colcon.colcon_core.package_identification:Package 'low_level_controller' with type 'ros.ament_cmake' and name 'low_level_controller'
[0.096s] Level 1:colcon.colcon_core.package_identification:_identify(mujoco_bridge) by extensions ['ignore', 'ignore_ament_install']
[0.096s] Level 1:colcon.colcon_core.package_identification:_identify(mujoco_bridge) by extension 'ignore'
[0.096s] Level 1:colcon.colcon_core.package_identification:_identify(mujoco_bridge) by extension 'ignore_ament_install'
[0.096s] Level 1:colcon.colcon_core.package_identification:_identify(mujoco_bridge) by extensions ['colcon_pkg']
[0.096s] Level 1:colcon.colcon_core.package_identification:_identify(mujoco_bridge) by extension 'colcon_pkg'
[0.096s] Level 1:colcon.colcon_core.package_identification:_identify(mujoco_bridge) by extensions ['colcon_meta']
[0.096s] Level 1:colcon.colcon_core.package_identification:_identify(mujoco_bridge) by extension 'colcon_meta'
[0.096s] Level 1:colcon.colcon_core.package_identification:_identify(mujoco_bridge) by extensions ['ros']
[0.096s] Level 1:colcon.colcon_core.package_identification:_identify(mujoco_bridge) by extension 'ros'
[0.097s] DEBUG:colcon.colcon_core.package_identification:Package 'mujoco_bridge' with type 'ros.ament_cmake' and name 'mujoco_bridge'
[0.097s] Level 1:colcon.colcon_core.package_identification:_identify(plant) by extensions ['ignore', 'ignore_ament_install']
[0.097s] Level 1:colcon.colcon_core.package_identification:_identify(plant) by extension 'ignore'
[0.097s] Level 1:colcon.colcon_core.package_identification:_identify(plant) by extension 'ignore_ament_install'
[0.097s] Level 1:colcon.colcon_core.package_identification:_identify(plant) by extensions ['colcon_pkg']
[0.097s] Level 1:colcon.colcon_core.package_identification:_identify(plant) by extension 'colcon_pkg'
[0.097s] Level 1:colcon.colcon_core.package_identification:_identify(plant) by extensions ['colcon_meta']
[0.097s] Level 1:colcon.colcon_core.package_identification:_identify(plant) by extension 'colcon_meta'
[0.097s] Level 1:colcon.colcon_core.package_identification:_identify(plant) by extensions ['ros']
[0.097s] Level 1:colcon.colcon_core.package_identification:_identify(plant) by extension 'ros'
[0.097s] DEBUG:colcon.colcon_core.package_identification:Package 'plant' with type 'ros.ament_python' and name 'plant'
[0.097s] Level 1:colcon.colcon_core.package_discovery:discover_packages(recursive) using defaults
[0.097s] Level 1:colcon.colcon_core.package_discovery:discover_packages(ignore) discover
[0.097s] Level 1:colcon.colcon_core.package_discovery:discover_packages(ignore) using defaults
[0.097s] Level 1:colcon.colcon_core.package_discovery:discover_packages(path) discover
[0.097s] Level 1:colcon.colcon_core.package_discovery:discover_packages(path) using defaults
[0.110s] INFO:colcon.colcon_core.package_selection:Skipping not selected package 'flyingpen' in 'flyingpen'
[0.110s] INFO:colcon.colcon_core.package_selection:Skipping not selected package 'flyingpen_interface' in 'flyingpen_interface'
[0.110s] INFO:colcon.colcon_core.package_selection:Skipping not selected package 'flyingpen_plotter' in 'flyingpen_plotter'
[0.110s] INFO:colcon.colcon_core.package_selection:Skipping not selected package 'low_level_controller' in 'low_level_controller'
[0.110s] INFO:colcon.colcon_core.package_selection:Skipping not selected package 'plant' in 'plant'
[0.110s] Level 1:colcon.colcon_core.package_discovery:discover_packages(prefix_path) check parameters
[0.110s] Level 1:colcon.colcon_core.package_discovery:discover_packages(prefix_path) discover
[0.112s] DEBUG:colcon.colcon_installed_package_information.package_discovery:Found 19 installed packages in /home/seosuk/sitl_ws/install
[0.112s] DEBUG:colcon.colcon_installed_package_information.package_discovery:Found 294 installed packages in /opt/ros/humble
[0.113s] Level 1:colcon.colcon_core.package_discovery:discover_packages(prefix_path) using defaults
[0.131s] Level 5:colcon.colcon_core.verb:set package 'mujoco_bridge' build argument 'cmake_args' from command line to 'None'
[0.131s] Level 5:colcon.colcon_core.verb:set package 'mujoco_bridge' build argument 'cmake_target' from command line to 'None'
[0.131s] Level 5:colcon.colcon_core.verb:set package 'mujoco_bridge' build argument 'cmake_target_skip_unavailable' from command line to 'False'
[0.131s] Level 5:colcon.colcon_core.verb:set package 'mujoco_bridge' build argument 'cmake_clean_cache' from command line to 'False'
[0.132s] Level 5:colcon.colcon_core.verb:set package 'mujoco_bridge' build argument 'cmake_clean_first' from command line to 'False'
[0.132s] Level 5:colcon.colcon_core.verb:set package 'mujoco_bridge' build argument 'cmake_force_configure' from command line to 'False'
[0.132s] Level 5:colcon.colcon_core.verb:set package 'mujoco_bridge' build argument 'ament_cmake_args' from command line to 'None'
[0.132s] Level 5:colcon.colcon_core.verb:set package 'mujoco_bridge' build argument 'catkin_cmake_args' from command line to 'None'
[0.132s] Level 5:colcon.colcon_core.verb:set package 'mujoco_bridge' build argument 'catkin_skip_building_tests' from command line to 'False'
[0.132s] DEBUG:colcon.colcon_core.verb:Building package 'mujoco_bridge' with the following arguments: {'ament_cmake_args': None, 'build_base': '/home/seosuk/mujoco_crazyflie/src/build/mujoco_bridge', 'catkin_cmake_args': None, 'catkin_skip_building_tests': False, 'cmake_args': None, 'cmake_clean_cache': False, 'cmake_clean_first': False, 'cmake_force_configure': False, 'cmake_target': None, 'cmake_target_skip_unavailable': False, 'install_base': '/home/seosuk/mujoco_crazyflie/src/install/mujoco_bridge', 'merge_install': False, 'path': '/home/seosuk/mujoco_crazyflie/src/mujoco_bridge', 'symlink_install': False, 'test_result_base': None}
[0.132s] INFO:colcon.colcon_core.executor:Executing jobs using 'parallel' executor
[0.132s] DEBUG:colcon.colcon_parallel_executor.executor.parallel:run_until_complete
[0.133s] INFO:colcon.colcon_ros.task.ament_cmake.build:Building ROS package in '/home/seosuk/mujoco_crazyflie/src/mujoco_bridge' with build type 'ament_cmake'
[0.133s] INFO:colcon.colcon_cmake.task.cmake.build:Building CMake package in '/home/seosuk/mujoco_crazyflie/src/mujoco_bridge'
[0.134s] INFO:colcon.colcon_core.plugin_system:Skipping extension 'colcon_core.shell.bat': Not used on non-Windows systems
[0.134s] INFO:colcon.colcon_core.shell:Skip shell extension 'powershell' for command environment: Not usable outside of PowerShell
[0.134s] DEBUG:colcon.colcon_core.shell:Skip shell extension 'dsv' for command environment
[0.139s] DEBUG:colcon.colcon_core.event_handler.log_command:Invoking command in '/home/seosuk/mujoco_crazyflie/src/build/mujoco_bridge': CMAKE_PREFIX_PATH=${CMAKE_PREFIX_PATH}:/home/seosuk/sitl_ws/install/px4_offboard:/home/seosuk/sitl_ws/install/crazyflie_py /usr/bin/cmake /home/seosuk/mujoco_crazyflie/src/mujoco_bridge -DCMAKE_INSTALL_PREFIX=/home/seosuk/mujoco_crazyflie/src/install/mujoco_bridge
[1.100s] DEBUG:colcon.colcon_core.event_handler.log_command:Invoked command in '/home/seosuk/mujoco_crazyflie/src/build/mujoco_bridge' returned '0': CMAKE_PREFIX_PATH=${CMAKE_PREFIX_PATH}:/home/seosuk/sitl_ws/install/px4_offboard:/home/seosuk/sitl_ws/install/crazyflie_py /usr/bin/cmake /home/seosuk/mujoco_crazyflie/src/mujoco_bridge -DCMAKE_INSTALL_PREFIX=/home/seosuk/mujoco_crazyflie/src/install/mujoco_bridge
[1.101s] DEBUG:colcon.colcon_core.event_handler.log_command:Invoking command in '/home/seosuk/mujoco_crazyflie/src/build/mujoco_bridge': CMAKE_PREFIX_PATH=${CMAKE_PREFIX_PATH}:/home/seosuk/sitl_ws/install/px4_offboard:/home/seosuk/sitl_ws/install/crazyflie_py /usr/bin/cmake --build /home/seosuk/mujoco_crazyflie/src/build/mujoco_bridge -- -j20 -l20
[7.452s] DEBUG:colcon.colcon_core.event_handler.log_command:Invoked command in '/home/seosuk/mujoco_crazyflie/src/build/mujoco_bridge' returned '0': CMAKE_PREFIX_PATH=${CMAKE_PREFIX_PATH}:/home/seosuk/sitl_ws/install/px4_offboard:/home/seosuk/sitl_ws/install/crazyflie_py /usr/bin/cmake --build /home/seosuk/mujoco_crazyflie/src/build/mujoco_bridge -- -j20 -l20
[7.459s] DEBUG:colcon.colcon_core.event_handler.log_command:Invoking command in '/home/seosuk/mujoco_crazyflie/src/build/mujoco_bridge': CMAKE_PREFIX_PATH=${CMAKE_PREFIX_PATH}:/home/seosuk/sitl_ws/install/px4_offboard:/home/seosuk/sitl_ws/install/crazyflie_py /usr/bin/cmake --install /home/seosuk/mujoco_crazyflie/src/build/mujoco_bridge
[7.497s] Level 1:colcon.colcon_core.environment:create_environment_scripts_only(mujoco_bridge)
[7.497s] DEBUG:colcon.colcon_core.event_handler.log_command:Invoked command in '/home/seosuk/mujoco_crazyflie/src/build/mujoco_bridge' returned '0': CMAKE_PREFIX_PATH=${CMAKE_PREFIX_PATH}:/home/seosuk/sitl_ws/install/px4_offboard:/home/seosuk/sitl_ws/install/crazyflie_py /usr/bin/cmake --install /home/seosuk/mujoco_crazyflie/src/build/mujoco_bridge
[7.498s] Level 1:colcon.colcon_core.environment:checking '/home/seosuk/mujoco_crazyflie/src/install/mujoco_bridge' for CMake module files
[7.498s] Level 1:colcon.colcon_core.environment:checking '/home/seosuk/mujoco_crazyflie/src/install/mujoco_bridge' for CMake config files
[7.499s] Level 1:colcon.colcon_core.shell:create_environment_hook('mujoco_bridge', 'cmake_prefix_path')
[7.499s] INFO:colcon.colcon_core.shell:Creating environment hook '/home/seosuk/mujoco_crazyflie/src/install/mujoco_bridge/share/mujoco_bridge/hook/cmake_prefix_path.ps1'
[7.499s] INFO:colcon.colcon_core.shell:Creating environment descriptor '/home/seosuk/mujoco_crazyflie/src/install/mujoco_bridge/share/mujoco_bridge/hook/cmake_prefix_path.dsv'
[7.499s] INFO:colcon.colcon_core.shell:Creating environment hook '/home/seosuk/mujoco_crazyflie/src/install/mujoco_bridge/share/mujoco_bridge/hook/cmake_prefix_path.sh'
[7.500s] Level 1:colcon.colcon_core.environment:checking '/home/seosuk/mujoco_crazyflie/src/install/mujoco_bridge/lib'
[7.500s] Level 1:colcon.colcon_core.environment:checking '/home/seosuk/mujoco_crazyflie/src/install/mujoco_bridge/bin'
[7.500s] Level 1:colcon.colcon_core.environment:checking '/home/seosuk/mujoco_crazyflie/src/install/mujoco_bridge/lib/pkgconfig/mujoco_bridge.pc'
[7.500s] Level 1:colcon.colcon_core.environment:checking '/home/seosuk/mujoco_crazyflie/src/install/mujoco_bridge/lib/python3.10/site-packages'
[7.500s] Level 1:colcon.colcon_core.environment:checking '/home/seosuk/mujoco_crazyflie/src/install/mujoco_bridge/bin'
[7.500s] INFO:colcon.colcon_core.shell:Creating package script '/home/seosuk/mujoco_crazyflie/src/install/mujoco_bridge/share/mujoco_bridge/package.ps1'
[7.501s] INFO:colcon.colcon_core.shell:Creating package descriptor '/home/seosuk/mujoco_crazyflie/src/install/mujoco_bridge/share/mujoco_bridge/package.dsv'
[7.501s] INFO:colcon.colcon_core.shell:Creating package script '/home/seosuk/mujoco_crazyflie/src/install/mujoco_bridge/share/mujoco_bridge/package.sh'
[7.502s] INFO:colcon.colcon_core.shell:Creating package script '/home/seosuk/mujoco_crazyflie/src/install/mujoco_bridge/share/mujoco_bridge/package.bash'
[7.502s] INFO:colcon.colcon_core.shell:Creating package script '/home/seosuk/mujoco_crazyflie/src/install/mujoco_bridge/share/mujoco_bridge/package.zsh'
[7.502s] Level 1:colcon.colcon_core.environment:create_file_with_runtime_dependencies(/home/seosuk/mujoco_crazyflie/src/install/mujoco_bridge/share/colcon-core/packages/mujoco_bridge)
[7.503s] Level 1:colcon.colcon_core.environment:create_environment_scripts_only(mujoco_bridge)
[7.503s] Level 1:colcon.colcon_core.environment:checking '/home/seosuk/mujoco_crazyflie/src/install/mujoco_bridge' for CMake module files
[7.503s] Level 1:colcon.colcon_core.environment:checking '/home/seosuk/mujoco_crazyflie/src/install/mujoco_bridge' for CMake config files
[7.503s] Level 1:colcon.colcon_core.shell:create_environment_hook('mujoco_bridge', 'cmake_prefix_path')
[7.503s] INFO:colcon.colcon_core.shell:Creating environment hook '/home/seosuk/mujoco_crazyflie/src/install/mujoco_bridge/share/mujoco_bridge/hook/cmake_prefix_path.ps1'
[7.504s] INFO:colcon.colcon_core.shell:Creating environment descriptor '/home/seosuk/mujoco_crazyflie/src/install/mujoco_bridge/share/mujoco_bridge/hook/cmake_prefix_path.dsv'
[7.504s] INFO:colcon.colcon_core.shell:Creating environment hook '/home/seosuk/mujoco_crazyflie/src/install/mujoco_bridge/share/mujoco_bridge/hook/cmake_prefix_path.sh'
[7.504s] Level 1:colcon.colcon_core.environment:checking '/home/seosuk/mujoco_crazyflie/src/install/mujoco_bridge/lib'
[7.504s] Level 1:colcon.colcon_core.environment:checking '/home/seosuk/mujoco_crazyflie/src/install/mujoco_bridge/bin'
[7.504s] Level 1:colcon.colcon_core.environment:checking '/home/seosuk/mujoco_crazyflie/src/install/mujoco_bridge/lib/pkgconfig/mujoco_bridge.pc'
[7.504s] Level 1:colcon.colcon_core.environment:checking '/home/seosuk/mujoco_crazyflie/src/install/mujoco_bridge/lib/python3.10/site-packages'
[7.504s] Level 1:colcon.colcon_core.environment:checking '/home/seosuk/mujoco_crazyflie/src/install/mujoco_bridge/bin'
[7.504s] INFO:colcon.colcon_core.shell:Creating package script '/home/seosuk/mujoco_crazyflie/src/install/mujoco_bridge/share/mujoco_bridge/package.ps1'
[7.505s] INFO:colcon.colcon_core.shell:Creating package descriptor '/home/seosuk/mujoco_crazyflie/src/install/mujoco_bridge/share/mujoco_bridge/package.dsv'
[7.505s] INFO:colcon.colcon_core.shell:Creating package script '/home/seosuk/mujoco_crazyflie/src/install/mujoco_bridge/share/mujoco_bridge/package.sh'
[7.505s] INFO:colcon.colcon_core.shell:Creating package script '/home/seosuk/mujoco_crazyflie/src/install/mujoco_bridge/share/mujoco_bridge/package.bash'
[7.505s] INFO:colcon.colcon_core.shell:Creating package script '/home/seosuk/mujoco_crazyflie/src/install/mujoco_bridge/share/mujoco_bridge/package.zsh'
[7.505s] Level 1:colcon.colcon_core.environment:create_file_with_runtime_dependencies(/home/seosuk/mujoco_crazyflie/src/install/mujoco_bridge/share/colcon-core/packages/mujoco_bridge)
[7.506s] DEBUG:colcon.colcon_parallel_executor.executor.parallel:closing loop
[7.506s] DEBUG:colcon.colcon_parallel_executor.executor.parallel:loop closed
[7.506s] DEBUG:colcon.colcon_parallel_executor.executor.parallel:run_until_complete finished with '0'
[7.506s] DEBUG:colcon.colcon_core.event_reactor:joining thread
[7.509s] INFO:colcon.colcon_core.plugin_system:Skipping extension 'colcon_notification.desktop_notification.terminal_notifier': Not used on non-Darwin systems
[7.509s] INFO:colcon.colcon_core.plugin_system:Skipping extension 'colcon_notification.desktop_notification.win32': Not used on non-Windows systems
[7.510s] INFO:colcon.colcon_notification.desktop_notification:Sending desktop notification using 'notify2'
[7.521s] DEBUG:colcon.colcon_core.event_reactor:joined thread
[7.521s] INFO:colcon.colcon_core.shell:Creating prefix script '/home/seosuk/mujoco_crazyflie/src/install/local_setup.ps1'
[7.522s] INFO:colcon.colcon_core.shell:Creating prefix util module '/home/seosuk/mujoco_crazyflie/src/install/_local_setup_util_ps1.py'
[7.522s] INFO:colcon.colcon_core.shell:Creating prefix chain script '/home/seosuk/mujoco_crazyflie/src/install/setup.ps1'
[7.523s] INFO:colcon.colcon_core.shell:Creating prefix script '/home/seosuk/mujoco_crazyflie/src/install/local_setup.sh'
[7.524s] INFO:colcon.colcon_core.shell:Creating prefix util module '/home/seosuk/mujoco_crazyflie/src/install/_local_setup_util_sh.py'
[7.524s] INFO:colcon.colcon_core.shell:Creating prefix chain script '/home/seosuk/mujoco_crazyflie/src/install/setup.sh'
[7.525s] INFO:colcon.colcon_core.shell:Creating prefix script '/home/seosuk/mujoco_crazyflie/src/install/local_setup.bash'
[7.525s] INFO:colcon.colcon_core.shell:Creating prefix chain script '/home/seosuk/mujoco_crazyflie/src/install/setup.bash'
[7.526s] INFO:colcon.colcon_core.shell:Creating prefix script '/home/seosuk/mujoco_crazyflie/src/install/local_setup.zsh'
[7.526s] INFO:colcon.colcon_core.shell:Creating prefix chain script '/home/seosuk/mujoco_crazyflie/src/install/setup.zsh'
