[5.057s] Invoking command in '/home/seosuk/mujoco_crazyflie/src/flyingpen_plotter': PYTHONPATH=/home/seosuk/mujoco_crazyflie/src/build/flyingpen_plotter/prefix_override:/usr/lib/python3/dist-packages/colcon_core/task/python/colcon_distutils_commands:/home/seosuk/mujoco_crazyflie/src/install/flyingpen_plotter/lib/python3.10/site-packages:${PYTHONPATH} /usr/bin/python3 -W ignore:setup.py install is deprecated -W ignore:easy_install command is deprecated setup.py egg_info --egg-base ../build/flyingpen_plotter build --build-base /home/seosuk/mujoco_crazyflie/src/build/flyingpen_plotter/build install --record /home/seosuk/mujoco_crazyflie/src/build/flyingpen_plotter/install.log --single-version-externally-managed install_data
[6.051s] /home/seosuk/.local/lib/python3.10/site-packages/setuptools/_distutils/dist.py:289: UserWarning: Unknown distribution option: 'tests_require'
[6.052s]   warnings.warn(msg)
[6.647s] running egg_info
[6.773s] writing ../build/flyingpen_plotter/flyingpen_plotter.egg-info/PKG-INFO
[6.777s] writing dependency_links to ../build/flyingpen_plotter/flyingpen_plotter.egg-info/dependency_links.txt
[6.779s] writing entry points to ../build/flyingpen_plotter/flyingpen_plotter.egg-info/entry_points.txt
[6.780s] writing requirements to ../build/flyingpen_plotter/flyingpen_plotter.egg-info/requires.txt
[6.781s] writing top-level names to ../build/flyingpen_plotter/flyingpen_plotter.egg-info/top_level.txt
[7.014s] reading manifest file '../build/flyingpen_plotter/flyingpen_plotter.egg-info/SOURCES.txt'
[7.029s] writing manifest file '../build/flyingpen_plotter/flyingpen_plotter.egg-info/SOURCES.txt'
[7.030s] running build
[7.031s] running build_py
[7.035s] copying flyingpen_plotter/data_logging_python.py -> /home/seosuk/mujoco_crazyflie/src/build/flyingpen_plotter/build/lib/flyingpen_plotter
[7.036s] copying flyingpen_plotter/__init__.py -> /home/seosuk/mujoco_crazyflie/src/build/flyingpen_plotter/build/lib/flyingpen_plotter
[7.037s] copying flyingpen_plotter/data_logging_drone_states.py -> /home/seosuk/mujoco_crazyflie/src/build/flyingpen_plotter/build/lib/flyingpen_plotter
[7.037s] copying flyingpen_plotter/Normal_vector_debug.py -> /home/seosuk/mujoco_crazyflie/src/build/flyingpen_plotter/build/lib/flyingpen_plotter
[7.041s] copying flyingpen_plotter/data_logging_chat_frame.py -> /home/seosuk/mujoco_crazyflie/src/build/flyingpen_plotter/build/lib/flyingpen_plotter
[7.043s] copying flyingpen_plotter/data_logging_rpy_acceleration.py -> /home/seosuk/mujoco_crazyflie/src/build/flyingpen_plotter/build/lib/flyingpen_plotter
[7.043s] copying flyingpen_plotter/data_logging_arrow_pwm.py -> /home/seosuk/mujoco_crazyflie/src/build/flyingpen_plotter/build/lib/flyingpen_plotter
[7.047s] running install
[7.075s] running install_lib
[7.187s] copying /home/seosuk/mujoco_crazyflie/src/build/flyingpen_plotter/build/lib/flyingpen_plotter/Normal_vector_debug.py -> /home/seosuk/mujoco_crazyflie/src/install/flyingpen_plotter/lib/python3.10/site-packages/flyingpen_plotter
[7.192s] byte-compiling /home/seosuk/mujoco_crazyflie/src/install/flyingpen_plotter/lib/python3.10/site-packages/flyingpen_plotter/Normal_vector_debug.py to Normal_vector_debug.cpython-310.pyc
[7.228s] running install_data
[7.231s] copying resource/flyingpen_plotter -> /home/seosuk/mujoco_crazyflie/src/install/flyingpen_plotter/share/ament_index/resource_index/packages
[7.232s] copying package.xml -> /home/seosuk/mujoco_crazyflie/src/install/flyingpen_plotter/share/flyingpen_plotter
[7.234s] running install_egg_info
[7.337s] removing '/home/seosuk/mujoco_crazyflie/src/install/flyingpen_plotter/lib/python3.10/site-packages/flyingpen_plotter-0.0.0-py3.10.egg-info' (and everything under it)
[7.339s] Copying ../build/flyingpen_plotter/flyingpen_plotter.egg-info to /home/seosuk/mujoco_crazyflie/src/install/flyingpen_plotter/lib/python3.10/site-packages/flyingpen_plotter-0.0.0-py3.10.egg-info
[7.343s] running install_scripts
[8.219s] Installing data_logging_arrow_pwm script to /home/seosuk/mujoco_crazyflie/src/install/flyingpen_plotter/lib/flyingpen_plotter
[8.220s] Installing data_logging_chat_frame script to /home/seosuk/mujoco_crazyflie/src/install/flyingpen_plotter/lib/flyingpen_plotter
[8.223s] Installing data_logging_drone_states script to /home/seosuk/mujoco_crazyflie/src/install/flyingpen_plotter/lib/flyingpen_plotter
[8.224s] Installing data_logging_python script to /home/seosuk/mujoco_crazyflie/src/install/flyingpen_plotter/lib/flyingpen_plotter
[8.224s] Installing data_logging_rpy_acceleration script to /home/seosuk/mujoco_crazyflie/src/install/flyingpen_plotter/lib/flyingpen_plotter
[8.225s] Installing normal_vector_debug script to /home/seosuk/mujoco_crazyflie/src/install/flyingpen_plotter/lib/flyingpen_plotter
[8.226s] Installing realtime_plotter script to /home/seosuk/mujoco_crazyflie/src/install/flyingpen_plotter/lib/flyingpen_plotter
[8.226s] writing list of installed files to '/home/seosuk/mujoco_crazyflie/src/build/flyingpen_plotter/install.log'
[8.416s] Invoked command in '/home/seosuk/mujoco_crazyflie/src/flyingpen_plotter' returned '0': PYTHONPATH=/home/seosuk/mujoco_crazyflie/src/build/flyingpen_plotter/prefix_override:/usr/lib/python3/dist-packages/colcon_core/task/python/colcon_distutils_commands:/home/seosuk/mujoco_crazyflie/src/install/flyingpen_plotter/lib/python3.10/site-packages:${PYTHONPATH} /usr/bin/python3 -W ignore:setup.py install is deprecated -W ignore:easy_install command is deprecated setup.py egg_info --egg-base ../build/flyingpen_plotter build --build-base /home/seosuk/mujoco_crazyflie/src/build/flyingpen_plotter/build install --record /home/seosuk/mujoco_crazyflie/src/build/flyingpen_plotter/install.log --single-version-externally-managed install_data
