-- The C compiler identification is GNU 11.4.0
-- The CXX compiler identification is GNU 11.4.0
-- Detecting C compiler ABI info
-- Detecting C compiler ABI info - done
-- Check for working C compiler: /usr/bin/cc - skipped
-- Detecting C compile features
-- Detecting C compile features - done
-- Detecting CXX compiler ABI info
-- Detecting CXX compiler ABI info - done
-- Check for working CXX compiler: /usr/bin/c++ - skipped
-- Detecting CXX compile features
-- Detecting CXX compile features - done
-- Found ament_cmake: 1.3.14 (/opt/ros/humble/share/ament_cmake/cmake)
-- Found Python3: /usr/bin/python3 (found version "3.10.12") found components: Interpreter 
-- Found rclcpp: 16.0.19 (/opt/ros/humble/share/rclcpp/cmake)
-- Found rosidl_generator_c: 3.1.8 (/opt/ros/humble/share/rosidl_generator_c/cmake)
-- Found rosidl_adapter: 3.1.8 (/opt/ros/humble/share/rosidl_adapter/cmake)
-- Found rosidl_generator_cpp: 3.1.8 (/opt/ros/humble/share/rosidl_generator_cpp/cmake)
-- Using all available rosidl_typesupport_c: rosidl_typesupport_fastrtps_c;rosidl_typesupport_introspection_c
-- Using all available rosidl_typesupport_cpp: rosidl_typesupport_fastrtps_cpp;rosidl_typesupport_introspection_cpp
-- Found rmw_implementation_cmake: 6.1.2 (/opt/ros/humble/share/rmw_implementation_cmake/cmake)
-- Found rmw_fastrtps_cpp: 6.2.10 (/opt/ros/humble/share/rmw_fastrtps_cpp/cmake)
-- Found OpenSSL: /usr/lib/x86_64-linux-gnu/libcrypto.so (found version "3.0.2")  
-- Found FastRTPS: /opt/ros/humble/include  
-- Using RMW implementation 'rmw_fastrtps_cpp' as default
-- Looking for pthread.h
-- Looking for pthread.h - found
-- Performing Test CMAKE_HAVE_LIBC_PTHREAD
-- Performing Test CMAKE_HAVE_LIBC_PTHREAD - Success
-- Found Threads: TRUE  
-- Found geometry_msgs: 4.9.1 (/opt/ros/humble/share/geometry_msgs/cmake)
-- Found Curses: /usr/lib/x86_64-linux-gnu/libcurses.so  
-- Found visualization_msgs: 4.9.1 (/opt/ros/humble/share/visualization_msgs/cmake)
-- Found tf2: 0.25.20 (/opt/ros/humble/share/tf2/cmake)
-- Found tf2_ros: 0.25.20 (/opt/ros/humble/share/tf2_ros/cmake)
-- Found ament_lint_auto: 0.12.15 (/opt/ros/humble/share/ament_lint_auto/cmake)
-- Added test 'cppcheck' to perform static code analysis on C / C++ code
-- Configured cppcheck include dirs: 
-- Configured cppcheck exclude dirs and/or files: 
-- Added test 'flake8' to check Python code syntax and style conventions
-- Added test 'lint_cmake' to check CMake code style
-- Added test 'pep257' to check Python code against some of the docstring style conventions in PEP 257
-- Added test 'uncrustify' to check C / C++ code style
-- Configured uncrustify additional arguments: 
-- Added test 'xmllint' to check XML markup files
-- Configuring done
-- Generating done
-- Build files have been written to: /home/seosuk/mujoco_crazyflie/src/build/flyingpen_interface
[ 25%] Building CXX object CMakeFiles/fk_ik_transform.dir/src/fk_ik_transform.cpp.o
[ 25%] Building CXX object CMakeFiles/command_publisher.dir/src/command_publisher.cpp.o
[ 37%] Building CXX object CMakeFiles/data_logger.dir/src/data_logging.cpp.o
[ 50%] Building CXX object CMakeFiles/rviz_visual.dir/src/rviz_visual.cpp.o
[ 62%] Linking CXX executable command_publisher
[ 62%] Built target command_publisher
[ 75%] Linking CXX executable fk_ik_transform
[ 75%] Built target fk_ik_transform
[ 87%] Linking CXX executable rviz_visual
[ 87%] Built target rviz_visual
[100%] Linking CXX executable data_logger
[100%] Built target data_logger
-- Install configuration: ""
-- Installing: /home/seosuk/mujoco_crazyflie/src/install/flyingpen_interface/lib/flyingpen_interface/data_logger
-- Set runtime path of "/home/seosuk/mujoco_crazyflie/src/install/flyingpen_interface/lib/flyingpen_interface/data_logger" to ""
-- Installing: /home/seosuk/mujoco_crazyflie/src/install/flyingpen_interface/lib/flyingpen_interface/command_publisher
-- Set runtime path of "/home/seosuk/mujoco_crazyflie/src/install/flyingpen_interface/lib/flyingpen_interface/command_publisher" to ""
-- Installing: /home/seosuk/mujoco_crazyflie/src/install/flyingpen_interface/lib/flyingpen_interface/rviz_visual
-- Set runtime path of "/home/seosuk/mujoco_crazyflie/src/install/flyingpen_interface/lib/flyingpen_interface/rviz_visual" to ""
-- Installing: /home/seosuk/mujoco_crazyflie/src/install/flyingpen_interface/lib/flyingpen_interface/fk_ik_transform
-- Set runtime path of "/home/seosuk/mujoco_crazyflie/src/install/flyingpen_interface/lib/flyingpen_interface/fk_ik_transform" to ""
-- Installing: /home/seosuk/mujoco_crazyflie/src/install/flyingpen_interface/share/flyingpen_interface/launch
-- Installing: /home/seosuk/mujoco_crazyflie/src/install/flyingpen_interface/share/flyingpen_interface/launch/flyingpen_cpp.launch.py
-- Installing: /home/seosuk/mujoco_crazyflie/src/install/flyingpen_interface/share/flyingpen_interface/launch/flyingpen.launch.py
-- Installing: /home/seosuk/mujoco_crazyflie/src/install/flyingpen_interface/share/flyingpen_interface/launch/flyingpen.launch_mj.py
-- Installing: /home/seosuk/mujoco_crazyflie/src/install/flyingpen_interface/share/flyingpen_interface/config
-- Installing: /home/seosuk/mujoco_crazyflie/src/install/flyingpen_interface/share/flyingpen_interface/config/parameters.yaml
-- Installing: /home/seosuk/mujoco_crazyflie/src/install/flyingpen_interface/share/ament_index/resource_index/package_run_dependencies/flyingpen_interface
-- Installing: /home/seosuk/mujoco_crazyflie/src/install/flyingpen_interface/share/ament_index/resource_index/parent_prefix_path/flyingpen_interface
-- Installing: /home/seosuk/mujoco_crazyflie/src/install/flyingpen_interface/share/flyingpen_interface/environment/ament_prefix_path.sh
-- Installing: /home/seosuk/mujoco_crazyflie/src/install/flyingpen_interface/share/flyingpen_interface/environment/ament_prefix_path.dsv
-- Installing: /home/seosuk/mujoco_crazyflie/src/install/flyingpen_interface/share/flyingpen_interface/environment/path.sh
-- Installing: /home/seosuk/mujoco_crazyflie/src/install/flyingpen_interface/share/flyingpen_interface/environment/path.dsv
-- Installing: /home/seosuk/mujoco_crazyflie/src/install/flyingpen_interface/share/flyingpen_interface/local_setup.bash
-- Installing: /home/seosuk/mujoco_crazyflie/src/install/flyingpen_interface/share/flyingpen_interface/local_setup.sh
-- Installing: /home/seosuk/mujoco_crazyflie/src/install/flyingpen_interface/share/flyingpen_interface/local_setup.zsh
-- Installing: /home/seosuk/mujoco_crazyflie/src/install/flyingpen_interface/share/flyingpen_interface/local_setup.dsv
-- Installing: /home/seosuk/mujoco_crazyflie/src/install/flyingpen_interface/share/flyingpen_interface/package.dsv
-- Installing: /home/seosuk/mujoco_crazyflie/src/install/flyingpen_interface/share/ament_index/resource_index/packages/flyingpen_interface
-- Installing: /home/seosuk/mujoco_crazyflie/src/install/flyingpen_interface/share/flyingpen_interface/cmake/flyingpen_interfaceConfig.cmake
-- Installing: /home/seosuk/mujoco_crazyflie/src/install/flyingpen_interface/share/flyingpen_interface/cmake/flyingpen_interfaceConfig-version.cmake
-- Installing: /home/seosuk/mujoco_crazyflie/src/install/flyingpen_interface/share/flyingpen_interface/package.xml
