[0.008s] Invoking command in '/home/seosuk/mujoco_crazyflie/src/build/flyingpen': /usr/bin/cmake /home/seosuk/mujoco_crazyflie/src/flyingpen -DCMAKE_INSTALL_PREFIX=/home/seosuk/mujoco_crazyflie/src/install/flyingpen
[0.139s] -- The C compiler identification is GNU 11.4.0
[0.139s] -- The CXX compiler identification is GNU 11.4.0
[0.139s] -- Detecting C compiler ABI info
[0.230s] -- Detecting C compiler ABI info - done
[0.243s] -- Check for working C compiler: /usr/bin/cc - skipped
[0.246s] -- Detecting C compile features
[0.247s] -- Detecting C compile features - done
[0.254s] -- Detecting CXX compiler ABI info
[0.331s] -- Detecting CXX compiler ABI info - done
[0.335s] -- Check for working CXX compiler: /usr/bin/c++ - skipped
[0.335s] -- Detecting CXX compile features
[0.335s] -- Detecting CXX compile features - done
[0.341s] -- Found ament_cmake: 1.3.14 (/opt/ros/humble/share/ament_cmake/cmake)
[0.616s] -- Found Python3: /usr/bin/python3 (found version "3.10.12") found components: Interpreter 
[0.689s] -- Found rclcpp: 16.0.19 (/opt/ros/humble/share/rclcpp/cmake)
[0.737s] -- Found rosidl_generator_c: 3.1.8 (/opt/ros/humble/share/rosidl_generator_c/cmake)
[0.741s] -- Found rosidl_adapter: 3.1.8 (/opt/ros/humble/share/rosidl_adapter/cmake)
[0.748s] -- Found rosidl_generator_cpp: 3.1.8 (/opt/ros/humble/share/rosidl_generator_cpp/cmake)
[0.757s] -- Using all available rosidl_typesupport_c: rosidl_typesupport_fastrtps_c;rosidl_typesupport_introspection_c
[0.768s] -- Using all available rosidl_typesupport_cpp: rosidl_typesupport_fastrtps_cpp;rosidl_typesupport_introspection_cpp
[0.810s] -- Found rmw_implementation_cmake: 6.1.2 (/opt/ros/humble/share/rmw_implementation_cmake/cmake)
[0.812s] -- Found rmw_fastrtps_cpp: 6.2.10 (/opt/ros/humble/share/rmw_fastrtps_cpp/cmake)
[0.884s] -- Found OpenSSL: /usr/lib/x86_64-linux-gnu/libcrypto.so (found version "3.0.2")  
[0.902s] -- Found FastRTPS: /opt/ros/humble/include  
[0.929s] -- Using RMW implementation 'rmw_fastrtps_cpp' as default
[0.942s] -- Looking for pthread.h
[1.018s] -- Looking for pthread.h - found
[1.018s] -- Performing Test CMAKE_HAVE_LIBC_PTHREAD
[1.188s] -- Performing Test CMAKE_HAVE_LIBC_PTHREAD - Success
[1.189s] -- Found Threads: TRUE  
[1.227s] -- Found geometry_msgs: 4.9.1 (/opt/ros/humble/share/geometry_msgs/cmake)
[1.245s] -- Found ament_lint_auto: 0.12.15 (/opt/ros/humble/share/ament_lint_auto/cmake)
[1.322s] -- Added test 'cppcheck' to perform static code analysis on C / C++ code
[1.322s] -- Configured cppcheck include dirs: 
[1.322s] -- Configured cppcheck exclude dirs and/or files: 
[1.323s] -- Added test 'lint_cmake' to check CMake code style
[1.325s] -- Added test 'uncrustify' to check C / C++ code style
[1.325s] -- Configured uncrustify additional arguments: 
[1.325s] -- Added test 'xmllint' to check XML markup files
[1.327s] -- Configuring done
[1.349s] -- Generating done
[1.357s] -- Build files have been written to: /home/seosuk/mujoco_crazyflie/src/build/flyingpen
[1.366s] Invoked command in '/home/seosuk/mujoco_crazyflie/src/build/flyingpen' returned '0': /usr/bin/cmake /home/seosuk/mujoco_crazyflie/src/flyingpen -DCMAKE_INSTALL_PREFIX=/home/seosuk/mujoco_crazyflie/src/install/flyingpen
[1.367s] Invoking command in '/home/seosuk/mujoco_crazyflie/src/build/flyingpen': /usr/bin/cmake --build /home/seosuk/mujoco_crazyflie/src/build/flyingpen -- -j20 -l20
[1.404s] [ 20%] Building CXX object CMakeFiles/trajectory8.dir/src/trajectory8.cpp.o
[1.404s] [ 20%] Building CXX object CMakeFiles/trajectory_generation.dir/src/trajectory_generation.cpp.o
[1.408s] [ 30%] Building CXX object CMakeFiles/trajectory_step.dir/src/trajectory_step.cpp.o
[1.409s] [ 40%] Building CXX object CMakeFiles/wrench_observer.dir/src/wrench_observer.cpp.o
[1.409s] [ 50%] Building CXX object CMakeFiles/normal_vector_estimation.dir/src/normal_vector_estimation.cpp.o
[4.186s] [ 60%] Linking CXX executable trajectory_step
[4.270s] [ 70%] Linking CXX executable trajectory8
[4.312s] [ 70%] Built target trajectory_step
[4.399s] [ 70%] Built target trajectory8
[11.300s] [ 80%] Linking CXX executable wrench_observer
[11.813s] [ 80%] Built target wrench_observer
[14.354s] [ 90%] Linking CXX executable normal_vector_estimation
[14.591s] [100%] Linking CXX executable trajectory_generation
[15.056s] [100%] Built target normal_vector_estimation
[15.332s] [100%] Built target trajectory_generation
[15.342s] Invoked command in '/home/seosuk/mujoco_crazyflie/src/build/flyingpen' returned '0': /usr/bin/cmake --build /home/seosuk/mujoco_crazyflie/src/build/flyingpen -- -j20 -l20
[15.348s] Invoking command in '/home/seosuk/mujoco_crazyflie/src/build/flyingpen': /usr/bin/cmake --install /home/seosuk/mujoco_crazyflie/src/build/flyingpen
[15.355s] -- Install configuration: ""
[15.355s] -- Installing: /home/seosuk/mujoco_crazyflie/src/install/flyingpen/lib/flyingpen/trajectory_generation
[15.361s] -- Set runtime path of "/home/seosuk/mujoco_crazyflie/src/install/flyingpen/lib/flyingpen/trajectory_generation" to ""
[15.361s] -- Installing: /home/seosuk/mujoco_crazyflie/src/install/flyingpen/lib/flyingpen/trajectory8
[15.361s] -- Set runtime path of "/home/seosuk/mujoco_crazyflie/src/install/flyingpen/lib/flyingpen/trajectory8" to ""
[15.361s] -- Installing: /home/seosuk/mujoco_crazyflie/src/install/flyingpen/lib/flyingpen/trajectory_step
[15.362s] -- Set runtime path of "/home/seosuk/mujoco_crazyflie/src/install/flyingpen/lib/flyingpen/trajectory_step" to ""
[15.362s] -- Up-to-date: /home/seosuk/mujoco_crazyflie/src/install/flyingpen/lib/flyingpen/trajectory_generation
[15.362s] -- Installing: /home/seosuk/mujoco_crazyflie/src/install/flyingpen/lib/flyingpen/wrench_observer
[15.366s] -- Set runtime path of "/home/seosuk/mujoco_crazyflie/src/install/flyingpen/lib/flyingpen/wrench_observer" to ""
[15.366s] -- Installing: /home/seosuk/mujoco_crazyflie/src/install/flyingpen/lib/flyingpen/normal_vector_estimation
[15.373s] -- Set runtime path of "/home/seosuk/mujoco_crazyflie/src/install/flyingpen/lib/flyingpen/normal_vector_estimation" to ""
[15.373s] -- Installing: /home/seosuk/mujoco_crazyflie/src/install/flyingpen/share/ament_index/resource_index/package_run_dependencies/flyingpen
[15.373s] -- Installing: /home/seosuk/mujoco_crazyflie/src/install/flyingpen/share/ament_index/resource_index/parent_prefix_path/flyingpen
[15.373s] -- Installing: /home/seosuk/mujoco_crazyflie/src/install/flyingpen/share/flyingpen/environment/ament_prefix_path.sh
[15.373s] -- Installing: /home/seosuk/mujoco_crazyflie/src/install/flyingpen/share/flyingpen/environment/ament_prefix_path.dsv
[15.373s] -- Installing: /home/seosuk/mujoco_crazyflie/src/install/flyingpen/share/flyingpen/environment/path.sh
[15.373s] -- Installing: /home/seosuk/mujoco_crazyflie/src/install/flyingpen/share/flyingpen/environment/path.dsv
[15.373s] -- Installing: /home/seosuk/mujoco_crazyflie/src/install/flyingpen/share/flyingpen/local_setup.bash
[15.373s] -- Installing: /home/seosuk/mujoco_crazyflie/src/install/flyingpen/share/flyingpen/local_setup.sh
[15.373s] -- Installing: /home/seosuk/mujoco_crazyflie/src/install/flyingpen/share/flyingpen/local_setup.zsh
[15.373s] -- Installing: /home/seosuk/mujoco_crazyflie/src/install/flyingpen/share/flyingpen/local_setup.dsv
[15.373s] -- Installing: /home/seosuk/mujoco_crazyflie/src/install/flyingpen/share/flyingpen/package.dsv
[15.374s] -- Installing: /home/seosuk/mujoco_crazyflie/src/install/flyingpen/share/ament_index/resource_index/packages/flyingpen
[15.374s] -- Installing: /home/seosuk/mujoco_crazyflie/src/install/flyingpen/share/flyingpen/cmake/flyingpenConfig.cmake
[15.374s] -- Installing: /home/seosuk/mujoco_crazyflie/src/install/flyingpen/share/flyingpen/cmake/flyingpenConfig-version.cmake
[15.374s] -- Installing: /home/seosuk/mujoco_crazyflie/src/install/flyingpen/share/flyingpen/package.xml
[15.375s] Invoked command in '/home/seosuk/mujoco_crazyflie/src/build/flyingpen' returned '0': /usr/bin/cmake --install /home/seosuk/mujoco_crazyflie/src/build/flyingpen
