[0.584s] Invoking command in '/home/seosuk/mujoco_crazyflie/src/flyingpen_plotter': PYTHONPATH=/home/seosuk/mujoco_crazyflie/src/build/flyingpen_plotter/prefix_override:/usr/lib/python3/dist-packages/colcon_core/task/python/colcon_distutils_commands:/home/seosuk/mujoco_crazyflie/src/install/flyingpen_plotter/lib/python3.10/site-packages:${PYTHONPATH} /usr/bin/python3 -W ignore:setup.py install is deprecated -W ignore:easy_install command is deprecated setup.py egg_info --egg-base ../build/flyingpen_plotter build --build-base /home/seosuk/mujoco_crazyflie/src/build/flyingpen_plotter/build install --record /home/seosuk/mujoco_crazyflie/src/build/flyingpen_plotter/install.log --single-version-externally-managed install_data
[0.676s] /home/seosuk/.local/lib/python3.10/site-packages/setuptools/_distutils/dist.py:289: UserWarning: Unknown distribution option: 'tests_require'
[0.676s]   warnings.warn(msg)
[0.731s] running egg_info
[0.740s] writing ../build/flyingpen_plotter/flyingpen_plotter.egg-info/PKG-INFO
[0.740s] writing dependency_links to ../build/flyingpen_plotter/flyingpen_plotter.egg-info/dependency_links.txt
[0.741s] writing entry points to ../build/flyingpen_plotter/flyingpen_plotter.egg-info/entry_points.txt
[0.741s] writing requirements to ../build/flyingpen_plotter/flyingpen_plotter.egg-info/requires.txt
[0.741s] writing top-level names to ../build/flyingpen_plotter/flyingpen_plotter.egg-info/top_level.txt
[0.760s] reading manifest file '../build/flyingpen_plotter/flyingpen_plotter.egg-info/SOURCES.txt'
[0.761s] writing manifest file '../build/flyingpen_plotter/flyingpen_plotter.egg-info/SOURCES.txt'
[0.761s] running build
[0.761s] running build_py
[0.761s] copying flyingpen_plotter/data_logging_python.py -> /home/seosuk/mujoco_crazyflie/src/build/flyingpen_plotter/build/lib/flyingpen_plotter
[0.761s] copying flyingpen_plotter/__init__.py -> /home/seosuk/mujoco_crazyflie/src/build/flyingpen_plotter/build/lib/flyingpen_plotter
[0.761s] copying flyingpen_plotter/data_logging_drone_states.py -> /home/seosuk/mujoco_crazyflie/src/build/flyingpen_plotter/build/lib/flyingpen_plotter
[0.761s] copying flyingpen_plotter/Normal_vector_debug.py -> /home/seosuk/mujoco_crazyflie/src/build/flyingpen_plotter/build/lib/flyingpen_plotter
[0.762s] copying flyingpen_plotter/data_logging_chat_frame.py -> /home/seosuk/mujoco_crazyflie/src/build/flyingpen_plotter/build/lib/flyingpen_plotter
[0.762s] copying flyingpen_plotter/data_logging_rpy_acceleration.py -> /home/seosuk/mujoco_crazyflie/src/build/flyingpen_plotter/build/lib/flyingpen_plotter
[0.762s] copying flyingpen_plotter/data_logging_arrow_pwm.py -> /home/seosuk/mujoco_crazyflie/src/build/flyingpen_plotter/build/lib/flyingpen_plotter
[0.762s] running install
[0.764s] running install_lib
[0.774s] copying /home/seosuk/mujoco_crazyflie/src/build/flyingpen_plotter/build/lib/flyingpen_plotter/Normal_vector_debug.py -> /home/seosuk/mujoco_crazyflie/src/install/flyingpen_plotter/lib/python3.10/site-packages/flyingpen_plotter
[0.774s] byte-compiling /home/seosuk/mujoco_crazyflie/src/install/flyingpen_plotter/lib/python3.10/site-packages/flyingpen_plotter/Normal_vector_debug.py to Normal_vector_debug.cpython-310.pyc
[0.778s] running install_data
[0.778s] copying resource/flyingpen_plotter -> /home/seosuk/mujoco_crazyflie/src/install/flyingpen_plotter/share/ament_index/resource_index/packages
[0.778s] copying package.xml -> /home/seosuk/mujoco_crazyflie/src/install/flyingpen_plotter/share/flyingpen_plotter
[0.778s] running install_egg_info
[0.788s] removing '/home/seosuk/mujoco_crazyflie/src/install/flyingpen_plotter/lib/python3.10/site-packages/flyingpen_plotter-0.0.0-py3.10.egg-info' (and everything under it)
[0.788s] Copying ../build/flyingpen_plotter/flyingpen_plotter.egg-info to /home/seosuk/mujoco_crazyflie/src/install/flyingpen_plotter/lib/python3.10/site-packages/flyingpen_plotter-0.0.0-py3.10.egg-info
[0.789s] running install_scripts
[0.868s] Installing data_logging_arrow_pwm script to /home/seosuk/mujoco_crazyflie/src/install/flyingpen_plotter/lib/flyingpen_plotter
[0.868s] Installing data_logging_chat_frame script to /home/seosuk/mujoco_crazyflie/src/install/flyingpen_plotter/lib/flyingpen_plotter
[0.868s] Installing data_logging_drone_states script to /home/seosuk/mujoco_crazyflie/src/install/flyingpen_plotter/lib/flyingpen_plotter
[0.868s] Installing data_logging_python script to /home/seosuk/mujoco_crazyflie/src/install/flyingpen_plotter/lib/flyingpen_plotter
[0.869s] Installing data_logging_rpy_acceleration script to /home/seosuk/mujoco_crazyflie/src/install/flyingpen_plotter/lib/flyingpen_plotter
[0.869s] Installing normal_vector_debug script to /home/seosuk/mujoco_crazyflie/src/install/flyingpen_plotter/lib/flyingpen_plotter
[0.869s] Installing realtime_plotter script to /home/seosuk/mujoco_crazyflie/src/install/flyingpen_plotter/lib/flyingpen_plotter
[0.869s] writing list of installed files to '/home/seosuk/mujoco_crazyflie/src/build/flyingpen_plotter/install.log'
[0.892s] Invoked command in '/home/seosuk/mujoco_crazyflie/src/flyingpen_plotter' returned '0': PYTHONPATH=/home/seosuk/mujoco_crazyflie/src/build/flyingpen_plotter/prefix_override:/usr/lib/python3/dist-packages/colcon_core/task/python/colcon_distutils_commands:/home/seosuk/mujoco_crazyflie/src/install/flyingpen_plotter/lib/python3.10/site-packages:${PYTHONPATH} /usr/bin/python3 -W ignore:setup.py install is deprecated -W ignore:easy_install command is deprecated setup.py egg_info --egg-base ../build/flyingpen_plotter build --build-base /home/seosuk/mujoco_crazyflie/src/build/flyingpen_plotter/build install --record /home/seosuk/mujoco_crazyflie/src/build/flyingpen_plotter/install.log --single-version-externally-managed install_data
