[0.009s] Invoking command in '/home/seosuk/mujoco_crazyflie/src/build/flyingpen_interface': /usr/bin/cmake --build /home/seosuk/mujoco_crazyflie/src/build/flyingpen_interface -- -j20 -l20
[0.057s] Consolidate compiler generated dependencies of target rviz_visual
[0.064s] [ 50%] Built target command_publisher
[0.064s] [ 50%] Built target fk_ik_transform
[0.066s] [ 75%] Built target data_logger
[0.070s] [ 87%] Building CXX object CMakeFiles/rviz_visual.dir/src/rviz_visual.cpp.o
[2.251s] /home/seosuk/mujoco_crazyflie/src/flyingpen_interface/src/rviz_visual.cpp: In member function ‘void RvizVisual::loop_publish()’:
[2.251s] /home/seosuk/mujoco_crazyflie/src/flyingpen_interface/src/rviz_visual.cpp:931:9: error: ‘thin_shaft’ was not declared in this scope
[2.251s]   931 |         thin_shaft,
[2.251s]       |         ^~~~~~~~~~
[2.257s] /home/seosuk/mujoco_crazyflie/src/flyingpen_interface/src/rviz_visual.cpp:932:9: error: ‘thin_head_diam’ was not declared in this scope; did you mean ‘arrow_head_diam_’?
[2.258s]   932 |         thin_head_diam,
[2.258s]       |         ^~~~~~~~~~~~~~
[2.258s]       |         arrow_head_diam_
[2.264s] /home/seosuk/mujoco_crazyflie/src/flyingpen_interface/src/rviz_visual.cpp:933:9: error: ‘thin_head_len’ was not declared in this scope
[2.264s]   933 |         thin_head_len,
[2.264s]       |         ^~~~~~~~~~~~~
[2.270s] /home/seosuk/mujoco_crazyflie/src/flyingpen_interface/src/rviz_visual.cpp:946:9: error: ‘thin_shaft’ was not declared in this scope
[2.270s]   946 |         thin_shaft,
[2.270s]       |         ^~~~~~~~~~
[2.276s] /home/seosuk/mujoco_crazyflie/src/flyingpen_interface/src/rviz_visual.cpp:947:9: error: ‘thin_head_diam’ was not declared in this scope; did you mean ‘arrow_head_diam_’?
[2.276s]   947 |         thin_head_diam,
[2.276s]       |         ^~~~~~~~~~~~~~
[2.276s]       |         arrow_head_diam_
[2.282s] /home/seosuk/mujoco_crazyflie/src/flyingpen_interface/src/rviz_visual.cpp:948:9: error: ‘thin_head_len’ was not declared in this scope
[2.282s]   948 |         thin_head_len,
[2.282s]       |         ^~~~~~~~~~~~~
[2.289s] /home/seosuk/mujoco_crazyflie/src/flyingpen_interface/src/rviz_visual.cpp:975:9: error: ‘thin_shaft’ was not declared in this scope
[2.289s]   975 |         thin_shaft,
[2.289s]       |         ^~~~~~~~~~
[2.295s] /home/seosuk/mujoco_crazyflie/src/flyingpen_interface/src/rviz_visual.cpp:976:9: error: ‘thin_head_diam’ was not declared in this scope; did you mean ‘arrow_head_diam_’?
[2.295s]   976 |         thin_head_diam,
[2.295s]       |         ^~~~~~~~~~~~~~
[2.295s]       |         arrow_head_diam_
[2.301s] /home/seosuk/mujoco_crazyflie/src/flyingpen_interface/src/rviz_visual.cpp:977:9: error: ‘thin_head_len’ was not declared in this scope
[2.301s]   977 |         thin_head_len,
[2.301s]       |         ^~~~~~~~~~~~~
[2.309s] /home/seosuk/mujoco_crazyflie/src/flyingpen_interface/src/rviz_visual.cpp:1081:9: error: ‘thin_shaft’ was not declared in this scope
[2.309s]  1081 |         thin_shaft,
[2.309s]       |         ^~~~~~~~~~
[2.315s] /home/seosuk/mujoco_crazyflie/src/flyingpen_interface/src/rviz_visual.cpp:1082:9: error: ‘thin_head_diam’ was not declared in this scope; did you mean ‘arrow_head_diam_’?
[2.315s]  1082 |         thin_head_diam,
[2.315s]       |         ^~~~~~~~~~~~~~
[2.315s]       |         arrow_head_diam_
[2.322s] /home/seosuk/mujoco_crazyflie/src/flyingpen_interface/src/rviz_visual.cpp:1083:9: error: ‘thin_head_len’ was not declared in this scope
[2.322s]  1083 |         thin_head_len,
[2.322s]       |         ^~~~~~~~~~~~~
[2.327s] /home/seosuk/mujoco_crazyflie/src/flyingpen_interface/src/rviz_visual.cpp:1095:9: error: ‘thin_shaft’ was not declared in this scope
[2.327s]  1095 |         thin_shaft,
[2.327s]       |         ^~~~~~~~~~
[2.334s] /home/seosuk/mujoco_crazyflie/src/flyingpen_interface/src/rviz_visual.cpp:1096:9: error: ‘thin_head_diam’ was not declared in this scope; did you mean ‘arrow_head_diam_’?
[2.334s]  1096 |         thin_head_diam,
[2.334s]       |         ^~~~~~~~~~~~~~
[2.334s]       |         arrow_head_diam_
[2.340s] /home/seosuk/mujoco_crazyflie/src/flyingpen_interface/src/rviz_visual.cpp:1097:9: error: ‘thin_head_len’ was not declared in this scope
[2.340s]  1097 |         thin_head_len,
[2.340s]       |         ^~~~~~~~~~~~~
[2.346s] /home/seosuk/mujoco_crazyflie/src/flyingpen_interface/src/rviz_visual.cpp:1123:9: error: ‘thin_shaft’ was not declared in this scope
[2.346s]  1123 |         thin_shaft,
[2.346s]       |         ^~~~~~~~~~
[2.353s] /home/seosuk/mujoco_crazyflie/src/flyingpen_interface/src/rviz_visual.cpp:1124:9: error: ‘thin_head_diam’ was not declared in this scope; did you mean ‘arrow_head_diam_’?
[2.353s]  1124 |         thin_head_diam,
[2.353s]       |         ^~~~~~~~~~~~~~
[2.353s]       |         arrow_head_diam_
[2.359s] /home/seosuk/mujoco_crazyflie/src/flyingpen_interface/src/rviz_visual.cpp:1125:9: error: ‘thin_head_len’ was not declared in this scope
[2.359s]  1125 |         thin_head_len,
[2.359s]       |         ^~~~~~~~~~~~~
[7.356s] gmake[2]: *** [CMakeFiles/rviz_visual.dir/build.make:76: CMakeFiles/rviz_visual.dir/src/rviz_visual.cpp.o] 오류 1
[7.356s] gmake[1]: *** [CMakeFiles/Makefile2:195: CMakeFiles/rviz_visual.dir/all] 오류 2
[7.356s] gmake: *** [Makefile:146: all] 오류 2
[7.358s] Invoked command in '/home/seosuk/mujoco_crazyflie/src/build/flyingpen_interface' returned '2': /usr/bin/cmake --build /home/seosuk/mujoco_crazyflie/src/build/flyingpen_interface -- -j20 -l20
