[0.007s] Invoking command in '/home/seosuk/mujoco_crazyflie/src/build/flyingpen_interface': /usr/bin/cmake /home/seosuk/mujoco_crazyflie/src/flyingpen_interface -DCMAKE_INSTALL_PREFIX=/home/seosuk/mujoco_crazyflie/src/install/flyingpen_interface
[0.043s] -- The C compiler identification is GNU 11.4.0
[0.078s] -- The CXX compiler identification is GNU 11.4.0
[0.085s] -- Detecting C compiler ABI info
[0.151s] -- Detecting C compiler ABI info - done
[0.155s] -- Check for working C compiler: /usr/bin/cc - skipped
[0.155s] -- Detecting C compile features
[0.156s] -- Detecting C compile features - done
[0.157s] -- Detecting CXX compiler ABI info
[0.218s] -- Detecting CXX compiler ABI info - done
[0.222s] -- Check for working CXX compiler: /usr/bin/c++ - skipped
[0.222s] -- Detecting CXX compile features
[0.223s] -- Detecting CXX compile features - done
[0.224s] -- Found ament_cmake: 1.3.14 (/opt/ros/humble/share/ament_cmake/cmake)
[0.590s] -- Found Python3: /usr/bin/python3 (found version "3.10.12") found components: Interpreter 
[0.693s] -- Found rclcpp: 16.0.19 (/opt/ros/humble/share/rclcpp/cmake)
[0.716s] -- Found rosidl_generator_c: 3.1.8 (/opt/ros/humble/share/rosidl_generator_c/cmake)
[0.718s] -- Found rosidl_adapter: 3.1.8 (/opt/ros/humble/share/rosidl_adapter/cmake)
[0.723s] -- Found rosidl_generator_cpp: 3.1.8 (/opt/ros/humble/share/rosidl_generator_cpp/cmake)
[0.728s] -- Using all available rosidl_typesupport_c: rosidl_typesupport_fastrtps_c;rosidl_typesupport_introspection_c
[0.736s] -- Using all available rosidl_typesupport_cpp: rosidl_typesupport_fastrtps_cpp;rosidl_typesupport_introspection_cpp
[0.758s] -- Found rmw_implementation_cmake: 6.1.2 (/opt/ros/humble/share/rmw_implementation_cmake/cmake)
[0.759s] -- Found rmw_fastrtps_cpp: 6.2.10 (/opt/ros/humble/share/rmw_fastrtps_cpp/cmake)
[0.858s] -- Found OpenSSL: /usr/lib/x86_64-linux-gnu/libcrypto.so (found version "3.0.2")  
[0.905s] -- Found FastRTPS: /opt/ros/humble/include  
[0.953s] -- Using RMW implementation 'rmw_fastrtps_cpp' as default
[0.958s] -- Looking for pthread.h
[1.012s] -- Looking for pthread.h - found
[1.013s] -- Performing Test CMAKE_HAVE_LIBC_PTHREAD
[1.069s] -- Performing Test CMAKE_HAVE_LIBC_PTHREAD - Success
[1.070s] -- Found Threads: TRUE  
[1.130s] -- Found geometry_msgs: 4.9.1 (/opt/ros/humble/share/geometry_msgs/cmake)
[1.252s] -- Found Curses: /usr/lib/x86_64-linux-gnu/libcurses.so  
[1.258s] -- Found visualization_msgs: 4.9.1 (/opt/ros/humble/share/visualization_msgs/cmake)
[1.412s] -- Found tf2: 0.25.20 (/opt/ros/humble/share/tf2/cmake)
[1.439s] -- Found tf2_ros: 0.25.20 (/opt/ros/humble/share/tf2_ros/cmake)
[1.723s] -- Found ament_lint_auto: 0.12.15 (/opt/ros/humble/share/ament_lint_auto/cmake)
[1.789s] -- Added test 'cppcheck' to perform static code analysis on C / C++ code
[1.789s] -- Configured cppcheck include dirs: 
[1.789s] -- Configured cppcheck exclude dirs and/or files: 
[1.789s] -- Added test 'flake8' to check Python code syntax and style conventions
[1.790s] -- Added test 'lint_cmake' to check CMake code style
[1.790s] -- Added test 'pep257' to check Python code against some of the docstring style conventions in PEP 257
[1.791s] -- Added test 'uncrustify' to check C / C++ code style
[1.791s] -- Configured uncrustify additional arguments: 
[1.792s] -- Added test 'xmllint' to check XML markup files
[1.792s] -- Configuring done
[1.804s] -- Generating done
[1.809s] -- Build files have been written to: /home/seosuk/mujoco_crazyflie/src/build/flyingpen_interface
[1.816s] Invoked command in '/home/seosuk/mujoco_crazyflie/src/build/flyingpen_interface' returned '0': /usr/bin/cmake /home/seosuk/mujoco_crazyflie/src/flyingpen_interface -DCMAKE_INSTALL_PREFIX=/home/seosuk/mujoco_crazyflie/src/install/flyingpen_interface
[1.817s] Invoking command in '/home/seosuk/mujoco_crazyflie/src/build/flyingpen_interface': /usr/bin/cmake --build /home/seosuk/mujoco_crazyflie/src/build/flyingpen_interface -- -j20 -l20
[1.855s] [ 25%] Building CXX object CMakeFiles/data_logger.dir/src/data_logging.cpp.o
[1.855s] [ 25%] Building CXX object CMakeFiles/fk_ik_transform.dir/src/fk_ik_transform.cpp.o
[1.855s] [ 37%] Building CXX object CMakeFiles/command_publisher.dir/src/command_publisher.cpp.o
[1.859s] [ 50%] Building CXX object CMakeFiles/rviz_visual.dir/src/rviz_visual.cpp.o
[10.378s] [ 62%] Linking CXX executable command_publisher
[11.683s] [ 62%] Built target command_publisher
[41.924s] [ 75%] Linking CXX executable fk_ik_transform
[42.878s] [ 75%] Built target fk_ik_transform
[44.875s] [ 87%] Linking CXX executable rviz_visual
[45.814s] [ 87%] Built target rviz_visual
[48.716s] [100%] Linking CXX executable data_logger
[49.668s] [100%] Built target data_logger
[49.701s] Invoked command in '/home/seosuk/mujoco_crazyflie/src/build/flyingpen_interface' returned '0': /usr/bin/cmake --build /home/seosuk/mujoco_crazyflie/src/build/flyingpen_interface -- -j20 -l20
[49.710s] Invoking command in '/home/seosuk/mujoco_crazyflie/src/build/flyingpen_interface': /usr/bin/cmake --install /home/seosuk/mujoco_crazyflie/src/build/flyingpen_interface
[49.715s] -- Install configuration: ""
[49.716s] -- Installing: /home/seosuk/mujoco_crazyflie/src/install/flyingpen_interface/lib/flyingpen_interface/data_logger
[49.724s] -- Set runtime path of "/home/seosuk/mujoco_crazyflie/src/install/flyingpen_interface/lib/flyingpen_interface/data_logger" to ""
[49.724s] -- Installing: /home/seosuk/mujoco_crazyflie/src/install/flyingpen_interface/lib/flyingpen_interface/command_publisher
[49.724s] -- Set runtime path of "/home/seosuk/mujoco_crazyflie/src/install/flyingpen_interface/lib/flyingpen_interface/command_publisher" to ""
[49.724s] -- Installing: /home/seosuk/mujoco_crazyflie/src/install/flyingpen_interface/lib/flyingpen_interface/rviz_visual
[49.730s] -- Set runtime path of "/home/seosuk/mujoco_crazyflie/src/install/flyingpen_interface/lib/flyingpen_interface/rviz_visual" to ""
[49.730s] -- Installing: /home/seosuk/mujoco_crazyflie/src/install/flyingpen_interface/lib/flyingpen_interface/fk_ik_transform
[49.734s] -- Set runtime path of "/home/seosuk/mujoco_crazyflie/src/install/flyingpen_interface/lib/flyingpen_interface/fk_ik_transform" to ""
[49.734s] -- Installing: /home/seosuk/mujoco_crazyflie/src/install/flyingpen_interface/share/flyingpen_interface/launch
[49.734s] -- Installing: /home/seosuk/mujoco_crazyflie/src/install/flyingpen_interface/share/flyingpen_interface/launch/flyingpen_cpp.launch.py
[49.734s] -- Installing: /home/seosuk/mujoco_crazyflie/src/install/flyingpen_interface/share/flyingpen_interface/launch/flyingpen.launch.py
[49.734s] -- Installing: /home/seosuk/mujoco_crazyflie/src/install/flyingpen_interface/share/flyingpen_interface/launch/flyingpen.launch_mj.py
[49.734s] -- Installing: /home/seosuk/mujoco_crazyflie/src/install/flyingpen_interface/share/flyingpen_interface/launch/__pycache__
[49.734s] -- Installing: /home/seosuk/mujoco_crazyflie/src/install/flyingpen_interface/share/flyingpen_interface/launch/__pycache__/flyingpen.launch.cpython-310.pyc
[49.735s] -- Installing: /home/seosuk/mujoco_crazyflie/src/install/flyingpen_interface/share/flyingpen_interface/launch/__pycache__/flyingpen.launch_mj.cpython-310.pyc
[49.735s] -- Installing: /home/seosuk/mujoco_crazyflie/src/install/flyingpen_interface/share/flyingpen_interface/launch/__pycache__/flyingpen_cpp.launch.cpython-310.pyc
[49.735s] -- Installing: /home/seosuk/mujoco_crazyflie/src/install/flyingpen_interface/share/flyingpen_interface/config
[49.735s] -- Installing: /home/seosuk/mujoco_crazyflie/src/install/flyingpen_interface/share/flyingpen_interface/config/parameters.yaml
[49.735s] -- Installing: /home/seosuk/mujoco_crazyflie/src/install/flyingpen_interface/share/flyingpen_interface/config/normal_vector_estimation.yaml
[49.735s] -- Installing: /home/seosuk/mujoco_crazyflie/src/install/flyingpen_interface/share/ament_index/resource_index/package_run_dependencies/flyingpen_interface
[49.735s] -- Installing: /home/seosuk/mujoco_crazyflie/src/install/flyingpen_interface/share/ament_index/resource_index/parent_prefix_path/flyingpen_interface
[49.735s] -- Installing: /home/seosuk/mujoco_crazyflie/src/install/flyingpen_interface/share/flyingpen_interface/environment/ament_prefix_path.sh
[49.735s] -- Installing: /home/seosuk/mujoco_crazyflie/src/install/flyingpen_interface/share/flyingpen_interface/environment/ament_prefix_path.dsv
[49.735s] -- Installing: /home/seosuk/mujoco_crazyflie/src/install/flyingpen_interface/share/flyingpen_interface/environment/path.sh
[49.735s] -- Installing: /home/seosuk/mujoco_crazyflie/src/install/flyingpen_interface/share/flyingpen_interface/environment/path.dsv
[49.735s] -- Installing: /home/seosuk/mujoco_crazyflie/src/install/flyingpen_interface/share/flyingpen_interface/local_setup.bash
[49.735s] -- Installing: /home/seosuk/mujoco_crazyflie/src/install/flyingpen_interface/share/flyingpen_interface/local_setup.sh
[49.735s] -- Installing: /home/seosuk/mujoco_crazyflie/src/install/flyingpen_interface/share/flyingpen_interface/local_setup.zsh
[49.735s] -- Installing: /home/seosuk/mujoco_crazyflie/src/install/flyingpen_interface/share/flyingpen_interface/local_setup.dsv
[49.735s] -- Installing: /home/seosuk/mujoco_crazyflie/src/install/flyingpen_interface/share/flyingpen_interface/package.dsv
[49.735s] -- Installing: /home/seosuk/mujoco_crazyflie/src/install/flyingpen_interface/share/ament_index/resource_index/packages/flyingpen_interface
[49.735s] -- Installing: /home/seosuk/mujoco_crazyflie/src/install/flyingpen_interface/share/flyingpen_interface/cmake/flyingpen_interfaceConfig.cmake
[49.735s] -- Installing: /home/seosuk/mujoco_crazyflie/src/install/flyingpen_interface/share/flyingpen_interface/cmake/flyingpen_interfaceConfig-version.cmake
[49.735s] -- Installing: /home/seosuk/mujoco_crazyflie/src/install/flyingpen_interface/share/flyingpen_interface/package.xml
[49.737s] Invoked command in '/home/seosuk/mujoco_crazyflie/src/build/flyingpen_interface' returned '0': /usr/bin/cmake --install /home/seosuk/mujoco_crazyflie/src/build/flyingpen_interface
