[0.007s] Invoking command in '/home/seosuk/mujoco_crazyflie/src/build/flyingpen': CMAKE_PREFIX_PATH=${CMAKE_PREFIX_PATH}:/home/seosuk/sitl_ws/install/px4_offboard:/home/seosuk/sitl_ws/install/crazyflie_py /usr/bin/cmake --build /home/seosuk/mujoco_crazyflie/src/build/flyingpen -- -j20 -l20
[0.049s] Consolidate compiler generated dependencies of target wrench_observer
[0.055s] [ 50%] Built target trajectory8
[0.055s] [ 50%] Built target trajectory_generation
[0.059s] [ 75%] Built target trajectory_step
[0.061s] [ 87%] Building CXX object CMakeFiles/wrench_observer.dir/src/wrench_observer.cpp.o
[11.141s] [100%] Linking CXX executable wrench_observer
[11.736s] [100%] Built target wrench_observer
[11.750s] Invoked command in '/home/seosuk/mujoco_crazyflie/src/build/flyingpen' returned '0': CMAKE_PREFIX_PATH=${CMAKE_PREFIX_PATH}:/home/seosuk/sitl_ws/install/px4_offboard:/home/seosuk/sitl_ws/install/crazyflie_py /usr/bin/cmake --build /home/seosuk/mujoco_crazyflie/src/build/flyingpen -- -j20 -l20
[11.758s] Invoking command in '/home/seosuk/mujoco_crazyflie/src/build/flyingpen': CMAKE_PREFIX_PATH=${CMAKE_PREFIX_PATH}:/home/seosuk/sitl_ws/install/px4_offboard:/home/seosuk/sitl_ws/install/crazyflie_py /usr/bin/cmake --install /home/seosuk/mujoco_crazyflie/src/build/flyingpen
[11.766s] -- Install configuration: ""
[11.767s] -- Up-to-date: /home/seosuk/mujoco_crazyflie/src/install/flyingpen/lib/flyingpen/trajectory_generation
[11.767s] -- Up-to-date: /home/seosuk/mujoco_crazyflie/src/install/flyingpen/lib/flyingpen/trajectory8
[11.767s] -- Up-to-date: /home/seosuk/mujoco_crazyflie/src/install/flyingpen/lib/flyingpen/trajectory_step
[11.767s] -- Up-to-date: /home/seosuk/mujoco_crazyflie/src/install/flyingpen/lib/flyingpen/trajectory_generation
[11.767s] -- Installing: /home/seosuk/mujoco_crazyflie/src/install/flyingpen/lib/flyingpen/wrench_observer
[11.773s] -- Set runtime path of "/home/seosuk/mujoco_crazyflie/src/install/flyingpen/lib/flyingpen/wrench_observer" to ""
[11.773s] -- Up-to-date: /home/seosuk/mujoco_crazyflie/src/install/flyingpen/share/ament_index/resource_index/package_run_dependencies/flyingpen
[11.773s] -- Up-to-date: /home/seosuk/mujoco_crazyflie/src/install/flyingpen/share/ament_index/resource_index/parent_prefix_path/flyingpen
[11.773s] -- Up-to-date: /home/seosuk/mujoco_crazyflie/src/install/flyingpen/share/flyingpen/environment/ament_prefix_path.sh
[11.773s] -- Up-to-date: /home/seosuk/mujoco_crazyflie/src/install/flyingpen/share/flyingpen/environment/ament_prefix_path.dsv
[11.773s] -- Up-to-date: /home/seosuk/mujoco_crazyflie/src/install/flyingpen/share/flyingpen/environment/path.sh
[11.773s] -- Up-to-date: /home/seosuk/mujoco_crazyflie/src/install/flyingpen/share/flyingpen/environment/path.dsv
[11.773s] -- Up-to-date: /home/seosuk/mujoco_crazyflie/src/install/flyingpen/share/flyingpen/local_setup.bash
[11.773s] -- Up-to-date: /home/seosuk/mujoco_crazyflie/src/install/flyingpen/share/flyingpen/local_setup.sh
[11.773s] -- Up-to-date: /home/seosuk/mujoco_crazyflie/src/install/flyingpen/share/flyingpen/local_setup.zsh
[11.773s] -- Up-to-date: /home/seosuk/mujoco_crazyflie/src/install/flyingpen/share/flyingpen/local_setup.dsv
[11.773s] -- Installing: /home/seosuk/mujoco_crazyflie/src/install/flyingpen/share/flyingpen/package.dsv
[11.773s] -- Up-to-date: /home/seosuk/mujoco_crazyflie/src/install/flyingpen/share/ament_index/resource_index/packages/flyingpen
[11.773s] -- Up-to-date: /home/seosuk/mujoco_crazyflie/src/install/flyingpen/share/flyingpen/cmake/flyingpenConfig.cmake
[11.773s] -- Up-to-date: /home/seosuk/mujoco_crazyflie/src/install/flyingpen/share/flyingpen/cmake/flyingpenConfig-version.cmake
[11.773s] -- Up-to-date: /home/seosuk/mujoco_crazyflie/src/install/flyingpen/share/flyingpen/package.xml
[11.774s] Invoked command in '/home/seosuk/mujoco_crazyflie/src/build/flyingpen' returned '0': CMAKE_PREFIX_PATH=${CMAKE_PREFIX_PATH}:/home/seosuk/sitl_ws/install/px4_offboard:/home/seosuk/sitl_ws/install/crazyflie_py /usr/bin/cmake --install /home/seosuk/mujoco_crazyflie/src/build/flyingpen
