[0.099s] Invoking command in '/home/seosuk/mujoco_crazyflie/src/build/flyingpen': /usr/bin/cmake --build /home/seosuk/mujoco_crazyflie/src/build/flyingpen -- -j20 -l20
[1.611s] Consolidate compiler generated dependencies of target trajectory8
[1.612s] Consolidate compiler generated dependencies of target trajectory_step
[1.613s] Consolidate compiler generated dependencies of target normal_vector_estimation
[1.614s] Consolidate compiler generated dependencies of target wrench_observer
[1.614s] Consolidate compiler generated dependencies of target trajectory_generation
[1.615s] [ 20%] Built target trajectory8
[1.615s] [ 40%] Building CXX object CMakeFiles/normal_vector_estimation.dir/src/normal_vector_estimation.cpp.o
[1.617s] [ 50%] Built target trajectory_step
[1.622s] [ 70%] Built target wrench_observer
[1.624s] [ 90%] Built target trajectory_generation
[30.806s] [100%] Linking CXX executable normal_vector_estimation
[31.806s] [100%] Built target normal_vector_estimation
[31.821s] Invoked command in '/home/seosuk/mujoco_crazyflie/src/build/flyingpen' returned '0': /usr/bin/cmake --build /home/seosuk/mujoco_crazyflie/src/build/flyingpen -- -j20 -l20
[31.831s] Invoking command in '/home/seosuk/mujoco_crazyflie/src/build/flyingpen': /usr/bin/cmake --install /home/seosuk/mujoco_crazyflie/src/build/flyingpen
[31.839s] -- Install configuration: ""
[31.839s] -- Up-to-date: /home/seosuk/mujoco_crazyflie/src/install/flyingpen/lib/flyingpen/trajectory_generation
[31.839s] -- Up-to-date: /home/seosuk/mujoco_crazyflie/src/install/flyingpen/lib/flyingpen/trajectory8
[31.839s] -- Up-to-date: /home/seosuk/mujoco_crazyflie/src/install/flyingpen/lib/flyingpen/trajectory_step
[31.839s] -- Up-to-date: /home/seosuk/mujoco_crazyflie/src/install/flyingpen/lib/flyingpen/trajectory_generation
[31.840s] -- Up-to-date: /home/seosuk/mujoco_crazyflie/src/install/flyingpen/lib/flyingpen/wrench_observer
[31.840s] -- Installing: /home/seosuk/mujoco_crazyflie/src/install/flyingpen/lib/flyingpen/normal_vector_estimation
[31.849s] -- Set runtime path of "/home/seosuk/mujoco_crazyflie/src/install/flyingpen/lib/flyingpen/normal_vector_estimation" to ""
[31.849s] -- Up-to-date: /home/seosuk/mujoco_crazyflie/src/install/flyingpen/share/ament_index/resource_index/package_run_dependencies/flyingpen
[31.849s] -- Up-to-date: /home/seosuk/mujoco_crazyflie/src/install/flyingpen/share/ament_index/resource_index/parent_prefix_path/flyingpen
[31.849s] -- Up-to-date: /home/seosuk/mujoco_crazyflie/src/install/flyingpen/share/flyingpen/environment/ament_prefix_path.sh
[31.849s] -- Up-to-date: /home/seosuk/mujoco_crazyflie/src/install/flyingpen/share/flyingpen/environment/ament_prefix_path.dsv
[31.849s] -- Up-to-date: /home/seosuk/mujoco_crazyflie/src/install/flyingpen/share/flyingpen/environment/path.sh
[31.849s] -- Up-to-date: /home/seosuk/mujoco_crazyflie/src/install/flyingpen/share/flyingpen/environment/path.dsv
[31.850s] -- Up-to-date: /home/seosuk/mujoco_crazyflie/src/install/flyingpen/share/flyingpen/local_setup.bash
[31.850s] -- Up-to-date: /home/seosuk/mujoco_crazyflie/src/install/flyingpen/share/flyingpen/local_setup.sh
[31.850s] -- Up-to-date: /home/seosuk/mujoco_crazyflie/src/install/flyingpen/share/flyingpen/local_setup.zsh
[31.850s] -- Up-to-date: /home/seosuk/mujoco_crazyflie/src/install/flyingpen/share/flyingpen/local_setup.dsv
[31.850s] -- Installing: /home/seosuk/mujoco_crazyflie/src/install/flyingpen/share/flyingpen/package.dsv
[31.850s] -- Up-to-date: /home/seosuk/mujoco_crazyflie/src/install/flyingpen/share/ament_index/resource_index/packages/flyingpen
[31.850s] -- Up-to-date: /home/seosuk/mujoco_crazyflie/src/install/flyingpen/share/flyingpen/cmake/flyingpenConfig.cmake
[31.850s] -- Up-to-date: /home/seosuk/mujoco_crazyflie/src/install/flyingpen/share/flyingpen/cmake/flyingpenConfig-version.cmake
[31.850s] -- Up-to-date: /home/seosuk/mujoco_crazyflie/src/install/flyingpen/share/flyingpen/package.xml
[31.851s] Invoked command in '/home/seosuk/mujoco_crazyflie/src/build/flyingpen' returned '0': /usr/bin/cmake --install /home/seosuk/mujoco_crazyflie/src/build/flyingpen
