[0.006s] Invoking command in '/home/seosuk/mujoco_crazyflie/src/build/flyingpen_interface': CMAKE_PREFIX_PATH=${CMAKE_PREFIX_PATH}:/home/seosuk/sitl_ws/install/px4_offboard:/home/seosuk/sitl_ws/install/crazyflie_py /usr/bin/cmake --build /home/seosuk/mujoco_crazyflie/src/build/flyingpen_interface -- -j20 -l20
[0.042s] Consolidate compiler generated dependencies of target data_logger
[0.043s] Consolidate compiler generated dependencies of target command_publisher
[0.044s] Consolidate compiler generated dependencies of target fk_ik_transform
[0.046s] Consolidate compiler generated dependencies of target rviz_visual
[0.051s] [ 12%] Building CXX object CMakeFiles/data_logger.dir/src/data_logging.cpp.o
[0.054s] [ 37%] Built target rviz_visual
[0.054s] [ 87%] Built target command_publisher
[0.054s] [ 87%] Built target fk_ik_transform
[14.591s] [100%] Linking CXX executable data_logger
[15.464s] [100%] Built target data_logger
[15.473s] Invoked command in '/home/seosuk/mujoco_crazyflie/src/build/flyingpen_interface' returned '0': CMAKE_PREFIX_PATH=${CMAKE_PREFIX_PATH}:/home/seosuk/sitl_ws/install/px4_offboard:/home/seosuk/sitl_ws/install/crazyflie_py /usr/bin/cmake --build /home/seosuk/mujoco_crazyflie/src/build/flyingpen_interface -- -j20 -l20
[15.482s] Invoking command in '/home/seosuk/mujoco_crazyflie/src/build/flyingpen_interface': CMAKE_PREFIX_PATH=${CMAKE_PREFIX_PATH}:/home/seosuk/sitl_ws/install/px4_offboard:/home/seosuk/sitl_ws/install/crazyflie_py /usr/bin/cmake --install /home/seosuk/mujoco_crazyflie/src/build/flyingpen_interface
[15.488s] -- Install configuration: ""
[15.489s] -- Installing: /home/seosuk/mujoco_crazyflie/src/install/flyingpen_interface/lib/flyingpen_interface/data_logger
[15.496s] -- Set runtime path of "/home/seosuk/mujoco_crazyflie/src/install/flyingpen_interface/lib/flyingpen_interface/data_logger" to ""
[15.496s] -- Up-to-date: /home/seosuk/mujoco_crazyflie/src/install/flyingpen_interface/lib/flyingpen_interface/command_publisher
[15.497s] -- Up-to-date: /home/seosuk/mujoco_crazyflie/src/install/flyingpen_interface/lib/flyingpen_interface/rviz_visual
[15.497s] -- Up-to-date: /home/seosuk/mujoco_crazyflie/src/install/flyingpen_interface/lib/flyingpen_interface/fk_ik_transform
[15.497s] -- Up-to-date: /home/seosuk/mujoco_crazyflie/src/install/flyingpen_interface/share/flyingpen_interface/launch
[15.497s] -- Up-to-date: /home/seosuk/mujoco_crazyflie/src/install/flyingpen_interface/share/flyingpen_interface/launch/flyingpen_cpp.launch.py
[15.497s] -- Up-to-date: /home/seosuk/mujoco_crazyflie/src/install/flyingpen_interface/share/flyingpen_interface/launch/flyingpen.launch.py
[15.497s] -- Up-to-date: /home/seosuk/mujoco_crazyflie/src/install/flyingpen_interface/share/flyingpen_interface/launch/flyingpen.launch_mj.py
[15.497s] -- Up-to-date: /home/seosuk/mujoco_crazyflie/src/install/flyingpen_interface/share/flyingpen_interface/config
[15.497s] -- Installing: /home/seosuk/mujoco_crazyflie/src/install/flyingpen_interface/share/flyingpen_interface/config/parameters.yaml
[15.497s] -- Up-to-date: /home/seosuk/mujoco_crazyflie/src/install/flyingpen_interface/share/ament_index/resource_index/package_run_dependencies/flyingpen_interface
[15.497s] -- Up-to-date: /home/seosuk/mujoco_crazyflie/src/install/flyingpen_interface/share/ament_index/resource_index/parent_prefix_path/flyingpen_interface
[15.497s] -- Up-to-date: /home/seosuk/mujoco_crazyflie/src/install/flyingpen_interface/share/flyingpen_interface/environment/ament_prefix_path.sh
[15.497s] -- Up-to-date: /home/seosuk/mujoco_crazyflie/src/install/flyingpen_interface/share/flyingpen_interface/environment/ament_prefix_path.dsv
[15.497s] -- Up-to-date: /home/seosuk/mujoco_crazyflie/src/install/flyingpen_interface/share/flyingpen_interface/environment/path.sh
[15.497s] -- Up-to-date: /home/seosuk/mujoco_crazyflie/src/install/flyingpen_interface/share/flyingpen_interface/environment/path.dsv
[15.497s] -- Up-to-date: /home/seosuk/mujoco_crazyflie/src/install/flyingpen_interface/share/flyingpen_interface/local_setup.bash
[15.497s] -- Up-to-date: /home/seosuk/mujoco_crazyflie/src/install/flyingpen_interface/share/flyingpen_interface/local_setup.sh
[15.498s] -- Up-to-date: /home/seosuk/mujoco_crazyflie/src/install/flyingpen_interface/share/flyingpen_interface/local_setup.zsh
[15.498s] -- Up-to-date: /home/seosuk/mujoco_crazyflie/src/install/flyingpen_interface/share/flyingpen_interface/local_setup.dsv
[15.498s] -- Installing: /home/seosuk/mujoco_crazyflie/src/install/flyingpen_interface/share/flyingpen_interface/package.dsv
[15.498s] -- Up-to-date: /home/seosuk/mujoco_crazyflie/src/install/flyingpen_interface/share/ament_index/resource_index/packages/flyingpen_interface
[15.498s] -- Up-to-date: /home/seosuk/mujoco_crazyflie/src/install/flyingpen_interface/share/flyingpen_interface/cmake/flyingpen_interfaceConfig.cmake
[15.498s] -- Up-to-date: /home/seosuk/mujoco_crazyflie/src/install/flyingpen_interface/share/flyingpen_interface/cmake/flyingpen_interfaceConfig-version.cmake
[15.499s] -- Up-to-date: /home/seosuk/mujoco_crazyflie/src/install/flyingpen_interface/share/flyingpen_interface/package.xml
[15.499s] Invoked command in '/home/seosuk/mujoco_crazyflie/src/build/flyingpen_interface' returned '0': CMAKE_PREFIX_PATH=${CMAKE_PREFIX_PATH}:/home/seosuk/sitl_ws/install/px4_offboard:/home/seosuk/sitl_ws/install/crazyflie_py /usr/bin/cmake --install /home/seosuk/mujoco_crazyflie/src/build/flyingpen_interface
