-- The C compiler identification is GNU 11.4.0
-- The CXX compiler identification is GNU 11.4.0
-- Detecting C compiler ABI info
-- Detecting C compiler ABI info - done
-- Check for working C compiler: /usr/bin/cc - skipped
-- Detecting C compile features
-- Detecting C compile features - done
-- Detecting CXX compiler ABI info
-- Detecting CXX compiler ABI info - done
-- Check for working CXX compiler: /usr/bin/c++ - skipped
-- Detecting CXX compile features
-- Detecting CXX compile features - done
-- Found ament_cmake: 1.3.14 (/opt/ros/humble/share/ament_cmake/cmake)
-- Found Python3: /usr/bin/python3 (found version "3.10.12") found components: Interpreter 
-- Found rclcpp: 16.0.19 (/opt/ros/humble/share/rclcpp/cmake)
-- Found rosidl_generator_c: 3.1.8 (/opt/ros/humble/share/rosidl_generator_c/cmake)
-- Found rosidl_adapter: 3.1.8 (/opt/ros/humble/share/rosidl_adapter/cmake)
-- Found rosidl_generator_cpp: 3.1.8 (/opt/ros/humble/share/rosidl_generator_cpp/cmake)
-- Using all available rosidl_typesupport_c: rosidl_typesupport_fastrtps_c;rosidl_typesupport_introspection_c
-- Using all available rosidl_typesupport_cpp: rosidl_typesupport_fastrtps_cpp;rosidl_typesupport_introspection_cpp
-- Found rmw_implementation_cmake: 6.1.2 (/opt/ros/humble/share/rmw_implementation_cmake/cmake)
-- Found rmw_fastrtps_cpp: 6.2.10 (/opt/ros/humble/share/rmw_fastrtps_cpp/cmake)
-- Found OpenSSL: /usr/lib/x86_64-linux-gnu/libcrypto.so (found version "3.0.2")  
-- Found FastRTPS: /opt/ros/humble/include  
-- Using RMW implementation 'rmw_fastrtps_cpp' as default
-- Looking for pthread.h
-- Looking for pthread.h - found
-- Performing Test CMAKE_HAVE_LIBC_PTHREAD
-- Performing Test CMAKE_HAVE_LIBC_PTHREAD - Success
-- Found Threads: TRUE  
-- Found geometry_msgs: 4.9.1 (/opt/ros/humble/share/geometry_msgs/cmake)
-- Found sensor_msgs: 4.9.1 (/opt/ros/humble/share/sensor_msgs/cmake)
-- Found nav_msgs: 4.9.1 (/opt/ros/humble/share/nav_msgs/cmake)
-- MUJOCO_INCLUDE_DIR = /home/seosuk/.local/lib/python3.10/site-packages/mujoco/include
-- MUJOCO_LIBRARY     = /home/seosuk/.local/lib/python3.10/site-packages/mujoco/libmujoco.so.3.4.0
-- Configuring done
-- Generating done
-- Build files have been written to: /home/seosuk/mujoco_crazyflie/src/build/mujoco_bridge
[ 25%] Building CXX object CMakeFiles/mujoco_bridge_node.dir/src/viewer_controls.cpp.o
[ 50%] Building CXX object CMakeFiles/mujoco_bridge_node.dir/src/mujoco_contact.cpp.o
[ 75%] Building CXX object CMakeFiles/mujoco_bridge_node.dir/src/mujoco_bridge.cpp.o
[100%] Linking CXX executable mujoco_bridge_node
[100%] Built target mujoco_bridge_node
-- Install configuration: ""
-- Installing: /home/seosuk/mujoco_crazyflie/src/install/mujoco_bridge/lib/mujoco_bridge/mujoco_bridge_node
-- Set runtime path of "/home/seosuk/mujoco_crazyflie/src/install/mujoco_bridge/lib/mujoco_bridge/mujoco_bridge_node" to ""
-- Installing: /home/seosuk/mujoco_crazyflie/src/install/mujoco_bridge/include
-- Installing: /home/seosuk/mujoco_crazyflie/src/install/mujoco_bridge/include/mujoco_bridge
-- Installing: /home/seosuk/mujoco_crazyflie/src/install/mujoco_bridge/include/mujoco_bridge/viewer_controls.hpp
-- Installing: /home/seosuk/mujoco_crazyflie/src/install/mujoco_bridge/include/mujoco_bridge/mujoco_contact.hpp
-- Installing: /home/seosuk/mujoco_crazyflie/src/install/mujoco_bridge/share/mujoco_bridge/data
-- Installing: /home/seosuk/mujoco_crazyflie/src/install/mujoco_bridge/share/mujoco_bridge/data/assets
-- Installing: /home/seosuk/mujoco_crazyflie/src/install/mujoco_bridge/share/mujoco_bridge/data/assets/cf21B
-- Installing: /home/seosuk/mujoco_crazyflie/src/install/mujoco_bridge/share/mujoco_bridge/data/assets/cf21B/cf_led-diffusor.stl
-- Installing: /home/seosuk/mujoco_crazyflie/src/install/mujoco_bridge/share/mujoco_bridge/data/assets/cf21B/cf21B_full.stl
-- Installing: /home/seosuk/mujoco_crazyflie/src/install/mujoco_bridge/share/mujoco_bridge/data/assets/cf21B/cf21B_PropR.stl
-- Installing: /home/seosuk/mujoco_crazyflie/src/install/mujoco_bridge/share/mujoco_bridge/data/assets/cf21B/cf21B_battery-holder.stl
-- Installing: /home/seosuk/mujoco_crazyflie/src/install/mujoco_bridge/share/mujoco_bridge/data/assets/cf21B/cf21B_end_effector.stl
-- Installing: /home/seosuk/mujoco_crazyflie/src/install/mujoco_bridge/share/mujoco_bridge/data/assets/cf21B/cf21B_connector-pins.stl
-- Installing: /home/seosuk/mujoco_crazyflie/src/install/mujoco_bridge/share/mujoco_bridge/data/assets/cf21B/cf21B_pcb.stl
-- Installing: /home/seosuk/mujoco_crazyflie/src/install/mujoco_bridge/share/mujoco_bridge/data/assets/cf21B/cf21B_connectors.stl
-- Installing: /home/seosuk/mujoco_crazyflie/src/install/mujoco_bridge/share/mujoco_bridge/data/assets/cf21B/cf21B_prop-guards.stl
-- Installing: /home/seosuk/mujoco_crazyflie/src/install/mujoco_bridge/share/mujoco_bridge/data/assets/cf21B/cf21B_motors.stl
-- Installing: /home/seosuk/mujoco_crazyflie/src/install/mujoco_bridge/share/mujoco_bridge/data/assets/cf21B/cf21B_battery.stl
-- Installing: /home/seosuk/mujoco_crazyflie/src/install/mujoco_bridge/share/mujoco_bridge/data/assets/cf21B/cf21B_header.stl
-- Installing: /home/seosuk/mujoco_crazyflie/src/install/mujoco_bridge/share/mujoco_bridge/data/assets/cf21B/cf21B_no-prop.stl
-- Installing: /home/seosuk/mujoco_crazyflie/src/install/mujoco_bridge/share/mujoco_bridge/data/assets/cf21B/cf21B_PropL.stl
-- Installing: /home/seosuk/mujoco_crazyflie/src/install/mujoco_bridge/share/mujoco_bridge/data/assets/structure
-- Installing: /home/seosuk/mujoco_crazyflie/src/install/mujoco_bridge/share/mujoco_bridge/data/assets/structure/sphere.stl
-- Installing: /home/seosuk/mujoco_crazyflie/src/install/mujoco_bridge/share/mujoco_bridge/data/assets/structure/pyramid.stl
-- Installing: /home/seosuk/mujoco_crazyflie/src/install/mujoco_bridge/share/mujoco_bridge/data/assets/structure/wall.stl
-- Installing: /home/seosuk/mujoco_crazyflie/src/install/mujoco_bridge/share/mujoco_bridge/data/assets/structure/saddle_point.stl
-- Installing: /home/seosuk/mujoco_crazyflie/src/install/mujoco_bridge/share/mujoco_bridge/data/assets/structure/SunChip.stl
-- Installing: /home/seosuk/mujoco_crazyflie/src/install/mujoco_bridge/share/mujoco_bridge/data/assets/cf2x
-- Installing: /home/seosuk/mujoco_crazyflie/src/install/mujoco_bridge/share/mujoco_bridge/data/assets/cf2x/cf_led-diffusor.stl
-- Installing: /home/seosuk/mujoco_crazyflie/src/install/mujoco_bridge/share/mujoco_bridge/data/assets/cf2x/cf2xP_PropR.stl
-- Installing: /home/seosuk/mujoco_crazyflie/src/install/mujoco_bridge/share/mujoco_bridge/data/assets/cf2x/cf2x_connectors.stl
-- Installing: /home/seosuk/mujoco_crazyflie/src/install/mujoco_bridge/share/mujoco_bridge/data/assets/cf2x/cf2xP_PropL.stl
-- Installing: /home/seosuk/mujoco_crazyflie/src/install/mujoco_bridge/share/mujoco_bridge/data/assets/cf2x/cf2x_battery-holder.stl
-- Installing: /home/seosuk/mujoco_crazyflie/src/install/mujoco_bridge/share/mujoco_bridge/data/assets/cf2x/cf2x_pcb.stl
-- Installing: /home/seosuk/mujoco_crazyflie/src/install/mujoco_bridge/share/mujoco_bridge/data/assets/cf2x/cf2xL_PropR.stl
-- Installing: /home/seosuk/mujoco_crazyflie/src/install/mujoco_bridge/share/mujoco_bridge/data/assets/cf2x/cf2xL_motors.stl
-- Installing: /home/seosuk/mujoco_crazyflie/src/install/mujoco_bridge/share/mujoco_bridge/data/assets/cf2x/cf2xT_motors.stl
-- Installing: /home/seosuk/mujoco_crazyflie/src/install/mujoco_bridge/share/mujoco_bridge/data/assets/cf2x/cf2x_motor-holder.stl
-- Installing: /home/seosuk/mujoco_crazyflie/src/install/mujoco_bridge/share/mujoco_bridge/data/assets/cf2x/cf2x_connector-pins.stl
-- Installing: /home/seosuk/mujoco_crazyflie/src/install/mujoco_bridge/share/mujoco_bridge/data/assets/cf2x/cf2xP_motors.stl
-- Installing: /home/seosuk/mujoco_crazyflie/src/install/mujoco_bridge/share/mujoco_bridge/data/assets/cf2x/cf2x_battery.stl
-- Installing: /home/seosuk/mujoco_crazyflie/src/install/mujoco_bridge/share/mujoco_bridge/data/assets/cf2x/cf2xL_PropL.stl
-- Installing: /home/seosuk/mujoco_crazyflie/src/install/mujoco_bridge/share/mujoco_bridge/data/cf_BLDC.urdf
-- Installing: /home/seosuk/mujoco_crazyflie/src/install/mujoco_bridge/share/mujoco_bridge/data/cf2x_L250.xml
-- Installing: /home/seosuk/mujoco_crazyflie/src/install/mujoco_bridge/share/mujoco_bridge/data/sunchip.xml
-- Installing: /home/seosuk/mujoco_crazyflie/src/install/mujoco_bridge/share/mujoco_bridge/data/wall.urdf
-- Installing: /home/seosuk/mujoco_crazyflie/src/install/mujoco_bridge/share/mujoco_bridge/data/cylinder.xml
-- Installing: /home/seosuk/mujoco_crazyflie/src/install/mujoco_bridge/share/mujoco_bridge/data/params.toml
-- Installing: /home/seosuk/mujoco_crazyflie/src/install/mujoco_bridge/share/mujoco_bridge/data/cf2x_P250.xml
-- Installing: /home/seosuk/mujoco_crazyflie/src/install/mujoco_bridge/share/mujoco_bridge/data/scene.xml
-- Installing: /home/seosuk/mujoco_crazyflie/src/install/mujoco_bridge/share/mujoco_bridge/data/cf21B_500.xml
-- Installing: /home/seosuk/mujoco_crazyflie/src/install/mujoco_bridge/share/mujoco_bridge/data/wall.xml
-- Installing: /home/seosuk/mujoco_crazyflie/src/install/mujoco_bridge/share/mujoco_bridge/data/cf2x_T350.xml
-- Installing: /home/seosuk/mujoco_crazyflie/src/install/mujoco_bridge/share/ament_index/resource_index/package_run_dependencies/mujoco_bridge
-- Installing: /home/seosuk/mujoco_crazyflie/src/install/mujoco_bridge/share/ament_index/resource_index/parent_prefix_path/mujoco_bridge
-- Installing: /home/seosuk/mujoco_crazyflie/src/install/mujoco_bridge/share/mujoco_bridge/environment/ament_prefix_path.sh
-- Installing: /home/seosuk/mujoco_crazyflie/src/install/mujoco_bridge/share/mujoco_bridge/environment/ament_prefix_path.dsv
-- Installing: /home/seosuk/mujoco_crazyflie/src/install/mujoco_bridge/share/mujoco_bridge/environment/path.sh
-- Installing: /home/seosuk/mujoco_crazyflie/src/install/mujoco_bridge/share/mujoco_bridge/environment/path.dsv
-- Installing: /home/seosuk/mujoco_crazyflie/src/install/mujoco_bridge/share/mujoco_bridge/local_setup.bash
-- Installing: /home/seosuk/mujoco_crazyflie/src/install/mujoco_bridge/share/mujoco_bridge/local_setup.sh
-- Installing: /home/seosuk/mujoco_crazyflie/src/install/mujoco_bridge/share/mujoco_bridge/local_setup.zsh
-- Installing: /home/seosuk/mujoco_crazyflie/src/install/mujoco_bridge/share/mujoco_bridge/local_setup.dsv
-- Installing: /home/seosuk/mujoco_crazyflie/src/install/mujoco_bridge/share/mujoco_bridge/package.dsv
-- Installing: /home/seosuk/mujoco_crazyflie/src/install/mujoco_bridge/share/ament_index/resource_index/packages/mujoco_bridge
-- Installing: /home/seosuk/mujoco_crazyflie/src/install/mujoco_bridge/share/mujoco_bridge/cmake/mujoco_bridgeConfig.cmake
-- Installing: /home/seosuk/mujoco_crazyflie/src/install/mujoco_bridge/share/mujoco_bridge/cmake/mujoco_bridgeConfig-version.cmake
-- Installing: /home/seosuk/mujoco_crazyflie/src/install/mujoco_bridge/share/mujoco_bridge/package.xml
