[0.006s] Invoking command in '/home/seosuk/mujoco_crazyflie/src/build/mujoco_bridge': CMAKE_PREFIX_PATH=${CMAKE_PREFIX_PATH}:/home/seosuk/sitl_ws/install/px4_offboard:/home/seosuk/sitl_ws/install/crazyflie_py /usr/bin/cmake /home/seosuk/mujoco_crazyflie/src/mujoco_bridge -DCMAKE_INSTALL_PREFIX=/home/seosuk/mujoco_crazyflie/src/install/mujoco_bridge
[0.049s] -- The C compiler identification is GNU 11.4.0
[0.086s] -- The CXX compiler identification is GNU 11.4.0
[0.090s] -- Detecting C compiler ABI info
[0.140s] -- Detecting C compiler ABI info - done
[0.144s] -- Check for working C compiler: /usr/bin/cc - skipped
[0.144s] -- Detecting C compile features
[0.144s] -- Detecting C compile features - done
[0.146s] -- Detecting CXX compiler ABI info
[0.203s] -- Detecting CXX compiler ABI info - done
[0.208s] -- Check for working CXX compiler: /usr/bin/c++ - skipped
[0.208s] -- Detecting CXX compile features
[0.209s] -- Detecting CXX compile features - done
[0.210s] -- Found ament_cmake: 1.3.14 (/opt/ros/humble/share/ament_cmake/cmake)
[0.453s] -- Found Python3: /usr/bin/python3 (found version "3.10.12") found components: Interpreter 
[0.514s] -- Found rclcpp: 16.0.19 (/opt/ros/humble/share/rclcpp/cmake)
[0.543s] -- Found rosidl_generator_c: 3.1.8 (/opt/ros/humble/share/rosidl_generator_c/cmake)
[0.546s] -- Found rosidl_adapter: 3.1.8 (/opt/ros/humble/share/rosidl_adapter/cmake)
[0.552s] -- Found rosidl_generator_cpp: 3.1.8 (/opt/ros/humble/share/rosidl_generator_cpp/cmake)
[0.559s] -- Using all available rosidl_typesupport_c: rosidl_typesupport_fastrtps_c;rosidl_typesupport_introspection_c
[0.569s] -- Using all available rosidl_typesupport_cpp: rosidl_typesupport_fastrtps_cpp;rosidl_typesupport_introspection_cpp
[0.597s] -- Found rmw_implementation_cmake: 6.1.2 (/opt/ros/humble/share/rmw_implementation_cmake/cmake)
[0.599s] -- Found rmw_fastrtps_cpp: 6.2.10 (/opt/ros/humble/share/rmw_fastrtps_cpp/cmake)
[0.661s] -- Found OpenSSL: /usr/lib/x86_64-linux-gnu/libcrypto.so (found version "3.0.2")  
[0.681s] -- Found FastRTPS: /opt/ros/humble/include  
[0.715s] -- Using RMW implementation 'rmw_fastrtps_cpp' as default
[0.723s] -- Looking for pthread.h
[0.785s] -- Looking for pthread.h - found
[0.785s] -- Performing Test CMAKE_HAVE_LIBC_PTHREAD
[0.844s] -- Performing Test CMAKE_HAVE_LIBC_PTHREAD - Success
[0.845s] -- Found Threads: TRUE  
[0.874s] -- Found geometry_msgs: 4.9.1 (/opt/ros/humble/share/geometry_msgs/cmake)
[0.881s] -- Found sensor_msgs: 4.9.1 (/opt/ros/humble/share/sensor_msgs/cmake)
[0.894s] -- Found nav_msgs: 4.9.1 (/opt/ros/humble/share/nav_msgs/cmake)
[0.906s] -- MUJOCO_INCLUDE_DIR = /home/seosuk/.local/lib/python3.10/site-packages/mujoco/include
[0.906s] -- MUJOCO_LIBRARY     = /home/seosuk/.local/lib/python3.10/site-packages/mujoco/libmujoco.so.3.4.0
[0.951s] -- Configuring done
[0.959s] -- Generating done
[0.961s] -- Build files have been written to: /home/seosuk/mujoco_crazyflie/src/build/mujoco_bridge
[0.967s] Invoked command in '/home/seosuk/mujoco_crazyflie/src/build/mujoco_bridge' returned '0': CMAKE_PREFIX_PATH=${CMAKE_PREFIX_PATH}:/home/seosuk/sitl_ws/install/px4_offboard:/home/seosuk/sitl_ws/install/crazyflie_py /usr/bin/cmake /home/seosuk/mujoco_crazyflie/src/mujoco_bridge -DCMAKE_INSTALL_PREFIX=/home/seosuk/mujoco_crazyflie/src/install/mujoco_bridge
[0.968s] Invoking command in '/home/seosuk/mujoco_crazyflie/src/build/mujoco_bridge': CMAKE_PREFIX_PATH=${CMAKE_PREFIX_PATH}:/home/seosuk/sitl_ws/install/px4_offboard:/home/seosuk/sitl_ws/install/crazyflie_py /usr/bin/cmake --build /home/seosuk/mujoco_crazyflie/src/build/mujoco_bridge -- -j20 -l20
[1.006s] [ 25%] Building CXX object CMakeFiles/mujoco_bridge_node.dir/src/viewer_controls.cpp.o
[1.008s] [ 50%] Building CXX object CMakeFiles/mujoco_bridge_node.dir/src/mujoco_contact.cpp.o
[1.008s] [ 75%] Building CXX object CMakeFiles/mujoco_bridge_node.dir/src/mujoco_bridge.cpp.o
[6.851s] [100%] Linking CXX executable mujoco_bridge_node
[7.312s] [100%] Built target mujoco_bridge_node
[7.319s] Invoked command in '/home/seosuk/mujoco_crazyflie/src/build/mujoco_bridge' returned '0': CMAKE_PREFIX_PATH=${CMAKE_PREFIX_PATH}:/home/seosuk/sitl_ws/install/px4_offboard:/home/seosuk/sitl_ws/install/crazyflie_py /usr/bin/cmake --build /home/seosuk/mujoco_crazyflie/src/build/mujoco_bridge -- -j20 -l20
[7.326s] Invoking command in '/home/seosuk/mujoco_crazyflie/src/build/mujoco_bridge': CMAKE_PREFIX_PATH=${CMAKE_PREFIX_PATH}:/home/seosuk/sitl_ws/install/px4_offboard:/home/seosuk/sitl_ws/install/crazyflie_py /usr/bin/cmake --install /home/seosuk/mujoco_crazyflie/src/build/mujoco_bridge
[7.331s] -- Install configuration: ""
[7.331s] -- Installing: /home/seosuk/mujoco_crazyflie/src/install/mujoco_bridge/lib/mujoco_bridge/mujoco_bridge_node
[7.333s] -- Set runtime path of "/home/seosuk/mujoco_crazyflie/src/install/mujoco_bridge/lib/mujoco_bridge/mujoco_bridge_node" to ""
[7.333s] -- Installing: /home/seosuk/mujoco_crazyflie/src/install/mujoco_bridge/include
[7.333s] -- Installing: /home/seosuk/mujoco_crazyflie/src/install/mujoco_bridge/include/mujoco_bridge
[7.333s] -- Installing: /home/seosuk/mujoco_crazyflie/src/install/mujoco_bridge/include/mujoco_bridge/viewer_controls.hpp
[7.333s] -- Installing: /home/seosuk/mujoco_crazyflie/src/install/mujoco_bridge/include/mujoco_bridge/mujoco_contact.hpp
[7.333s] -- Installing: /home/seosuk/mujoco_crazyflie/src/install/mujoco_bridge/share/mujoco_bridge/data
[7.333s] -- Installing: /home/seosuk/mujoco_crazyflie/src/install/mujoco_bridge/share/mujoco_bridge/data/assets
[7.334s] -- Installing: /home/seosuk/mujoco_crazyflie/src/install/mujoco_bridge/share/mujoco_bridge/data/assets/cf21B
[7.334s] -- Installing: /home/seosuk/mujoco_crazyflie/src/install/mujoco_bridge/share/mujoco_bridge/data/assets/cf21B/cf_led-diffusor.stl
[7.334s] -- Installing: /home/seosuk/mujoco_crazyflie/src/install/mujoco_bridge/share/mujoco_bridge/data/assets/cf21B/cf21B_full.stl
[7.344s] -- Installing: /home/seosuk/mujoco_crazyflie/src/install/mujoco_bridge/share/mujoco_bridge/data/assets/cf21B/cf21B_PropR.stl
[7.344s] -- Installing: /home/seosuk/mujoco_crazyflie/src/install/mujoco_bridge/share/mujoco_bridge/data/assets/cf21B/cf21B_battery-holder.stl
[7.344s] -- Installing: /home/seosuk/mujoco_crazyflie/src/install/mujoco_bridge/share/mujoco_bridge/data/assets/cf21B/cf21B_end_effector.stl
[7.344s] -- Installing: /home/seosuk/mujoco_crazyflie/src/install/mujoco_bridge/share/mujoco_bridge/data/assets/cf21B/cf21B_connector-pins.stl
[7.345s] -- Installing: /home/seosuk/mujoco_crazyflie/src/install/mujoco_bridge/share/mujoco_bridge/data/assets/cf21B/cf21B_pcb.stl
[7.345s] -- Installing: /home/seosuk/mujoco_crazyflie/src/install/mujoco_bridge/share/mujoco_bridge/data/assets/cf21B/cf21B_connectors.stl
[7.346s] -- Installing: /home/seosuk/mujoco_crazyflie/src/install/mujoco_bridge/share/mujoco_bridge/data/assets/cf21B/cf21B_prop-guards.stl
[7.347s] -- Installing: /home/seosuk/mujoco_crazyflie/src/install/mujoco_bridge/share/mujoco_bridge/data/assets/cf21B/cf21B_motors.stl
[7.348s] -- Installing: /home/seosuk/mujoco_crazyflie/src/install/mujoco_bridge/share/mujoco_bridge/data/assets/cf21B/cf21B_battery.stl
[7.348s] -- Installing: /home/seosuk/mujoco_crazyflie/src/install/mujoco_bridge/share/mujoco_bridge/data/assets/cf21B/cf21B_header.stl
[7.348s] -- Installing: /home/seosuk/mujoco_crazyflie/src/install/mujoco_bridge/share/mujoco_bridge/data/assets/cf21B/cf21B_no-prop.stl
[7.355s] -- Installing: /home/seosuk/mujoco_crazyflie/src/install/mujoco_bridge/share/mujoco_bridge/data/assets/cf21B/cf21B_PropL.stl
[7.355s] -- Installing: /home/seosuk/mujoco_crazyflie/src/install/mujoco_bridge/share/mujoco_bridge/data/assets/structure
[7.355s] -- Installing: /home/seosuk/mujoco_crazyflie/src/install/mujoco_bridge/share/mujoco_bridge/data/assets/structure/sphere.stl
[7.355s] -- Installing: /home/seosuk/mujoco_crazyflie/src/install/mujoco_bridge/share/mujoco_bridge/data/assets/structure/pyramid.stl
[7.355s] -- Installing: /home/seosuk/mujoco_crazyflie/src/install/mujoco_bridge/share/mujoco_bridge/data/assets/structure/wall.stl
[7.355s] -- Installing: /home/seosuk/mujoco_crazyflie/src/install/mujoco_bridge/share/mujoco_bridge/data/assets/structure/saddle_point.stl
[7.359s] -- Installing: /home/seosuk/mujoco_crazyflie/src/install/mujoco_bridge/share/mujoco_bridge/data/assets/structure/SunChip.stl
[7.359s] -- Installing: /home/seosuk/mujoco_crazyflie/src/install/mujoco_bridge/share/mujoco_bridge/data/assets/cf2x
[7.359s] -- Installing: /home/seosuk/mujoco_crazyflie/src/install/mujoco_bridge/share/mujoco_bridge/data/assets/cf2x/cf_led-diffusor.stl
[7.359s] -- Installing: /home/seosuk/mujoco_crazyflie/src/install/mujoco_bridge/share/mujoco_bridge/data/assets/cf2x/cf2xP_PropR.stl
[7.359s] -- Installing: /home/seosuk/mujoco_crazyflie/src/install/mujoco_bridge/share/mujoco_bridge/data/assets/cf2x/cf2x_connectors.stl
[7.359s] -- Installing: /home/seosuk/mujoco_crazyflie/src/install/mujoco_bridge/share/mujoco_bridge/data/assets/cf2x/cf2xP_PropL.stl
[7.360s] -- Installing: /home/seosuk/mujoco_crazyflie/src/install/mujoco_bridge/share/mujoco_bridge/data/assets/cf2x/cf2x_battery-holder.stl
[7.360s] -- Installing: /home/seosuk/mujoco_crazyflie/src/install/mujoco_bridge/share/mujoco_bridge/data/assets/cf2x/cf2x_pcb.stl
[7.360s] -- Installing: /home/seosuk/mujoco_crazyflie/src/install/mujoco_bridge/share/mujoco_bridge/data/assets/cf2x/cf2xL_PropR.stl
[7.360s] -- Installing: /home/seosuk/mujoco_crazyflie/src/install/mujoco_bridge/share/mujoco_bridge/data/assets/cf2x/cf2xL_motors.stl
[7.360s] -- Installing: /home/seosuk/mujoco_crazyflie/src/install/mujoco_bridge/share/mujoco_bridge/data/assets/cf2x/cf2xT_motors.stl
[7.360s] -- Installing: /home/seosuk/mujoco_crazyflie/src/install/mujoco_bridge/share/mujoco_bridge/data/assets/cf2x/cf2x_motor-holder.stl
[7.360s] -- Installing: /home/seosuk/mujoco_crazyflie/src/install/mujoco_bridge/share/mujoco_bridge/data/assets/cf2x/cf2x_connector-pins.stl
[7.361s] -- Installing: /home/seosuk/mujoco_crazyflie/src/install/mujoco_bridge/share/mujoco_bridge/data/assets/cf2x/cf2xP_motors.stl
[7.361s] -- Installing: /home/seosuk/mujoco_crazyflie/src/install/mujoco_bridge/share/mujoco_bridge/data/assets/cf2x/cf2x_battery.stl
[7.362s] -- Installing: /home/seosuk/mujoco_crazyflie/src/install/mujoco_bridge/share/mujoco_bridge/data/assets/cf2x/cf2xL_PropL.stl
[7.362s] -- Installing: /home/seosuk/mujoco_crazyflie/src/install/mujoco_bridge/share/mujoco_bridge/data/cf_BLDC.urdf
[7.362s] -- Installing: /home/seosuk/mujoco_crazyflie/src/install/mujoco_bridge/share/mujoco_bridge/data/cf2x_L250.xml
[7.362s] -- Installing: /home/seosuk/mujoco_crazyflie/src/install/mujoco_bridge/share/mujoco_bridge/data/sunchip.xml
[7.362s] -- Installing: /home/seosuk/mujoco_crazyflie/src/install/mujoco_bridge/share/mujoco_bridge/data/wall.urdf
[7.362s] -- Installing: /home/seosuk/mujoco_crazyflie/src/install/mujoco_bridge/share/mujoco_bridge/data/cylinder.xml
[7.362s] -- Installing: /home/seosuk/mujoco_crazyflie/src/install/mujoco_bridge/share/mujoco_bridge/data/params.toml
[7.362s] -- Installing: /home/seosuk/mujoco_crazyflie/src/install/mujoco_bridge/share/mujoco_bridge/data/cf2x_P250.xml
[7.362s] -- Installing: /home/seosuk/mujoco_crazyflie/src/install/mujoco_bridge/share/mujoco_bridge/data/scene.xml
[7.362s] -- Installing: /home/seosuk/mujoco_crazyflie/src/install/mujoco_bridge/share/mujoco_bridge/data/cf21B_500.xml
[7.362s] -- Installing: /home/seosuk/mujoco_crazyflie/src/install/mujoco_bridge/share/mujoco_bridge/data/wall.xml
[7.362s] -- Installing: /home/seosuk/mujoco_crazyflie/src/install/mujoco_bridge/share/mujoco_bridge/data/cf2x_T350.xml
[7.362s] -- Installing: /home/seosuk/mujoco_crazyflie/src/install/mujoco_bridge/share/ament_index/resource_index/package_run_dependencies/mujoco_bridge
[7.363s] -- Installing: /home/seosuk/mujoco_crazyflie/src/install/mujoco_bridge/share/ament_index/resource_index/parent_prefix_path/mujoco_bridge
[7.363s] -- Installing: /home/seosuk/mujoco_crazyflie/src/install/mujoco_bridge/share/mujoco_bridge/environment/ament_prefix_path.sh
[7.363s] -- Installing: /home/seosuk/mujoco_crazyflie/src/install/mujoco_bridge/share/mujoco_bridge/environment/ament_prefix_path.dsv
[7.363s] -- Installing: /home/seosuk/mujoco_crazyflie/src/install/mujoco_bridge/share/mujoco_bridge/environment/path.sh
[7.363s] -- Installing: /home/seosuk/mujoco_crazyflie/src/install/mujoco_bridge/share/mujoco_bridge/environment/path.dsv
[7.363s] -- Installing: /home/seosuk/mujoco_crazyflie/src/install/mujoco_bridge/share/mujoco_bridge/local_setup.bash
[7.363s] -- Installing: /home/seosuk/mujoco_crazyflie/src/install/mujoco_bridge/share/mujoco_bridge/local_setup.sh
[7.363s] -- Installing: /home/seosuk/mujoco_crazyflie/src/install/mujoco_bridge/share/mujoco_bridge/local_setup.zsh
[7.363s] -- Installing: /home/seosuk/mujoco_crazyflie/src/install/mujoco_bridge/share/mujoco_bridge/local_setup.dsv
[7.363s] -- Installing: /home/seosuk/mujoco_crazyflie/src/install/mujoco_bridge/share/mujoco_bridge/package.dsv
[7.363s] -- Installing: /home/seosuk/mujoco_crazyflie/src/install/mujoco_bridge/share/ament_index/resource_index/packages/mujoco_bridge
[7.363s] -- Installing: /home/seosuk/mujoco_crazyflie/src/install/mujoco_bridge/share/mujoco_bridge/cmake/mujoco_bridgeConfig.cmake
[7.363s] -- Installing: /home/seosuk/mujoco_crazyflie/src/install/mujoco_bridge/share/mujoco_bridge/cmake/mujoco_bridgeConfig-version.cmake
[7.364s] -- Installing: /home/seosuk/mujoco_crazyflie/src/install/mujoco_bridge/share/mujoco_bridge/package.xml
[7.364s] Invoked command in '/home/seosuk/mujoco_crazyflie/src/build/mujoco_bridge' returned '0': CMAKE_PREFIX_PATH=${CMAKE_PREFIX_PATH}:/home/seosuk/sitl_ws/install/px4_offboard:/home/seosuk/sitl_ws/install/crazyflie_py /usr/bin/cmake --install /home/seosuk/mujoco_crazyflie/src/build/mujoco_bridge
