[0.005s] Invoking command in '/home/seosuk/mujoco_crazyflie/src/build/flyingpen': /usr/bin/cmake --build /home/seosuk/mujoco_crazyflie/src/build/flyingpen -- -j20 -l20
[0.044s] Consolidate compiler generated dependencies of target trajectory_generation
[0.044s] [ 20%] Built target trajectory8
[0.045s] [ 40%] Built target wrench_observer
[0.046s] [ 60%] Built target trajectory_step
[0.050s] [ 80%] Built target normal_vector_estimation
[0.054s] [ 90%] Building CXX object CMakeFiles/trajectory_generation.dir/src/trajectory_generation.cpp.o
[12.470s] [100%] Linking CXX executable trajectory_generation
[13.209s] [100%] Built target trajectory_generation
[13.223s] Invoked command in '/home/seosuk/mujoco_crazyflie/src/build/flyingpen' returned '0': /usr/bin/cmake --build /home/seosuk/mujoco_crazyflie/src/build/flyingpen -- -j20 -l20
[13.237s] Invoking command in '/home/seosuk/mujoco_crazyflie/src/build/flyingpen': /usr/bin/cmake --install /home/seosuk/mujoco_crazyflie/src/build/flyingpen
[13.246s] -- Install configuration: ""
[13.246s] -- Installing: /home/seosuk/mujoco_crazyflie/src/install/flyingpen/lib/flyingpen/trajectory_generation
[13.257s] -- Set runtime path of "/home/seosuk/mujoco_crazyflie/src/install/flyingpen/lib/flyingpen/trajectory_generation" to ""
[13.257s] -- Up-to-date: /home/seosuk/mujoco_crazyflie/src/install/flyingpen/lib/flyingpen/trajectory8
[13.257s] -- Up-to-date: /home/seosuk/mujoco_crazyflie/src/install/flyingpen/lib/flyingpen/trajectory_step
[13.257s] -- Up-to-date: /home/seosuk/mujoco_crazyflie/src/install/flyingpen/lib/flyingpen/trajectory_generation
[13.257s] -- Up-to-date: /home/seosuk/mujoco_crazyflie/src/install/flyingpen/lib/flyingpen/wrench_observer
[13.258s] -- Up-to-date: /home/seosuk/mujoco_crazyflie/src/install/flyingpen/lib/flyingpen/normal_vector_estimation
[13.258s] -- Up-to-date: /home/seosuk/mujoco_crazyflie/src/install/flyingpen/share/ament_index/resource_index/package_run_dependencies/flyingpen
[13.258s] -- Up-to-date: /home/seosuk/mujoco_crazyflie/src/install/flyingpen/share/ament_index/resource_index/parent_prefix_path/flyingpen
[13.258s] -- Up-to-date: /home/seosuk/mujoco_crazyflie/src/install/flyingpen/share/flyingpen/environment/ament_prefix_path.sh
[13.258s] -- Up-to-date: /home/seosuk/mujoco_crazyflie/src/install/flyingpen/share/flyingpen/environment/ament_prefix_path.dsv
[13.258s] -- Up-to-date: /home/seosuk/mujoco_crazyflie/src/install/flyingpen/share/flyingpen/environment/path.sh
[13.258s] -- Up-to-date: /home/seosuk/mujoco_crazyflie/src/install/flyingpen/share/flyingpen/environment/path.dsv
[13.258s] -- Up-to-date: /home/seosuk/mujoco_crazyflie/src/install/flyingpen/share/flyingpen/local_setup.bash
[13.258s] -- Up-to-date: /home/seosuk/mujoco_crazyflie/src/install/flyingpen/share/flyingpen/local_setup.sh
[13.258s] -- Up-to-date: /home/seosuk/mujoco_crazyflie/src/install/flyingpen/share/flyingpen/local_setup.zsh
[13.258s] -- Up-to-date: /home/seosuk/mujoco_crazyflie/src/install/flyingpen/share/flyingpen/local_setup.dsv
[13.258s] -- Installing: /home/seosuk/mujoco_crazyflie/src/install/flyingpen/share/flyingpen/package.dsv
[13.258s] -- Up-to-date: /home/seosuk/mujoco_crazyflie/src/install/flyingpen/share/ament_index/resource_index/packages/flyingpen
[13.258s] -- Up-to-date: /home/seosuk/mujoco_crazyflie/src/install/flyingpen/share/flyingpen/cmake/flyingpenConfig.cmake
[13.258s] -- Up-to-date: /home/seosuk/mujoco_crazyflie/src/install/flyingpen/share/flyingpen/cmake/flyingpenConfig-version.cmake
[13.258s] -- Up-to-date: /home/seosuk/mujoco_crazyflie/src/install/flyingpen/share/flyingpen/package.xml
[13.259s] Invoked command in '/home/seosuk/mujoco_crazyflie/src/build/flyingpen' returned '0': /usr/bin/cmake --install /home/seosuk/mujoco_crazyflie/src/build/flyingpen
